******************************************************************************
             TMS320C2000 Linker PC v6.1.3                      
******************************************************************************
>> Linked Mon Jul 06 20:48:30 2015

OUTPUT FILE NAME:   <MtpLvl_test.out>
ENTRY POINT SYMBOL: "_c_int00"  address: 000097ea


MEMORY CONFIGURATION

         name            origin    length      used     unused   attr    fill
----------------------  --------  ---------  --------  --------  ----  --------
PAGE 0:
  BEGIN                 00000000   00000002  00000002  00000000  RWIX
  BOOT_RSVD             00000002   0000004e  00000000  0000004e  RWIX
  RAMM0                 00000050   000003b0  00000000  000003b0  RWIX
  RAML                  00008000   00004000  0000369d  00000963  RWIX
  CSM_RSVD              0033ff80   00000076  00000000  00000076  RWIX
  CSM_PWL               0033fff8   00000008  00000000  00000008  RWIX
  ADC_CAL               00380080   00000009  00000007  00000002  RWIX
  IQTABLES              003fe000   00000b50  00000000  00000b50  RWIX
  IQTABLES2             003feb50   0000008c  00000000  0000008c  RWIX
  FPUTABLES             003febdc   000006a0  00000000  000006a0  RWIX
  BOOTROM               003ff27c   00000d44  00000000  00000d44  RWIX
  RESET                 003fffc0   00000002  00000000  00000002  RWIX

PAGE 1:
  RAMM1                 00000400   00000400  00000300  00000100  RWIX
  DEV_EMU               00000880   00000180  000000d0  000000b0  RWIX
  FLASH_REGS            00000a80   00000060  00000008  00000058  RWIX
  CSM                   00000ae0   00000010  00000010  00000000  RWIX
  ADC_MIRROR            00000b00   00000010  00000010  00000000  RWIX
  XINTF                 00000b20   00000020  0000001e  00000002  RWIX
  CPU_TIMER0            00000c00   00000008  00000008  00000000  RWIX
  CPU_TIMER1            00000c08   00000008  00000008  00000000  RWIX
  CPU_TIMER2            00000c10   00000008  00000008  00000000  RWIX
  PIE_CTRL              00000ce0   00000020  0000001a  00000006  RWIX
  PIE_VECT              00000d00   00000100  00000100  00000000  RWIX
  DMA                   00001000   00000200  000000e0  00000120  RWIX
  ZONE0                 00004000   00001000  00000000  00001000  RWIX
  MCBSPA                00005000   00000040  00000025  0000001b  RWIX
  MCBSPB                00005040   00000040  00000025  0000001b  RWIX
  ECANA                 00006000   00000040  00000034  0000000c  RWIX
  ECANA_LAM             00006040   00000040  00000040  00000000  RWIX
  ECANA_MOTS            00006080   00000040  00000040  00000000  RWIX
  ECANA_MOTO            000060c0   00000040  00000040  00000000  RWIX
  ECANA_MBOX            00006100   00000100  00000100  00000000  RWIX
  ECANB                 00006200   00000040  00000034  0000000c  RWIX
  ECANB_LAM             00006240   00000040  00000040  00000000  RWIX
  ECANB_MOTS            00006280   00000040  00000040  00000000  RWIX
  ECANB_MOTO            000062c0   00000040  00000040  00000000  RWIX
  ECANB_MBOX            00006300   00000100  00000100  00000000  RWIX
  EPWM1                 00006800   00000022  00000022  00000000  RWIX
  EPWM2                 00006840   00000022  00000022  00000000  RWIX
  EPWM3                 00006880   00000022  00000022  00000000  RWIX
  EPWM4                 000068c0   00000022  00000022  00000000  RWIX
  EPWM5                 00006900   00000022  00000022  00000000  RWIX
  EPWM6                 00006940   00000022  00000022  00000000  RWIX
  ECAP1                 00006a00   00000020  00000020  00000000  RWIX
  ECAP2                 00006a20   00000020  00000020  00000000  RWIX
  ECAP3                 00006a40   00000020  00000020  00000000  RWIX
  ECAP4                 00006a60   00000020  00000020  00000000  RWIX
  ECAP5                 00006a80   00000020  00000020  00000000  RWIX
  ECAP6                 00006aa0   00000020  00000020  00000000  RWIX
  EQEP1                 00006b00   00000040  00000040  00000000  RWIX
  EQEP2                 00006b40   00000040  00000040  00000000  RWIX
  GPIOCTRL              00006f80   00000040  0000002e  00000012  RWIX
  GPIODAT               00006fc0   00000020  00000020  00000000  RWIX
  GPIOINT               00006fe0   00000020  0000000a  00000016  RWIX
  SYSTEM                00007010   00000020  00000020  00000000  RWIX
  SPIA                  00007040   00000010  00000010  00000000  RWIX
  SCIA                  00007050   00000010  00000010  00000000  RWIX
  XINTRUPT              00007070   00000010  00000010  00000000  RWIX
  ADC                   00007100   00000020  0000001e  00000002  RWIX
  SCIB                  00007750   00000010  00000010  00000000  RWIX
  SCIC                  00007770   00000010  00000010  00000000  RWIX
  I2CA                  00007900   00000040  00000022  0000001e  RWIX
  RAML4                 0000c000   00004000  0000277a  00001886  RWIX
  ZONE6                 00100000   00040000  00000000  00040000  RWIX
  ZONE7                 00200000   00100000  00000000  00100000  RWIX
  CSM_PWL               0033fff8   00000008  00000008  00000000  RWIX


SECTION ALLOCATION MAP

 output                                  attributes/
section   page    origin      length       input sections
--------  ----  ----------  ----------   ----------------
codestart 
*          0    00000000    00000002     
                  00000000    00000002     DSP2833x_CodeStartBranch.obj (codestart)

.pinit     0    00008000    00000000     UNINITIALIZED

.text      0    00008000    00001933     
                  00008000    0000105f     F28335A_main.obj (.text)
                  0000905f    00000332     DSP2833x_DefaultIsr.obj (.text:retain)
                  00009391    00000106     DSP2833x_Xintf.obj (.text)
                  00009497    000000ba     DSP2833x_Gpio.obj (.text)
                  00009551    000000ab     DSP2833x_SysInit.obj (.text)
                  000095fc    0000008e     DSP2833x_Sci.obj (.text)
                  0000968a    00000088     rts2800_fpu32.lib : fs_div.obj (.text)
                  00009712    0000007a     DSP2833x_CpuTimers.obj (.text)
                  0000978c    0000005e     DSP2833x_Spi.obj (.text)
                  000097ea    00000046     rts2800_fpu32.lib : boot.obj (.text)
                  00009830    00000028     DSP2833x_I2C.obj (.text)
                  00009858    00000028     DSP2833x_PieCtrl.obj (.text)
                  00009880    00000023     rts2800_fpu32.lib : sqrt.obj (.text)
                  000098a3    00000022                       : i_div.obj (.text)
                  000098c5    00000020     DSP2833x_PieVect.obj (.text)
                  000098e5    00000019     rts2800_fpu32.lib : args_main.obj (.text)
                  000098fe    00000019                       : exit.obj (.text)
                  00009917    0000000b                       : u_div.obj (.text)
                  00009922    00000009                       : _lock.obj (.text)
                  0000992b    00000008     DSP2833x_CodeStartBranch.obj (.text)

ramfuncs   0    00009933    0000168d     
                  00009933    00000d5c     F28335A_main.obj (ramfuncs:retain)
                  0000a68f    00000931     F28335A_main.obj (ramfuncs)

.cinit     0    0000afc0    000006bf     
                  0000afc0    000006a5     F28335A_main.obj (.cinit)
                  0000b665    0000000a     rts2800_fpu32.lib : _lock.obj (.cinit)
                  0000b66f    0000000a                       : exit.obj (.cinit)
                  0000b679    00000004                       : errno.obj (.cinit)
                  0000b67d    00000002     --HOLE-- [fill = 0]

.switch    0    0000b680    0000001e     
                  0000b680    0000001e     F28335A_main.obj (.switch:_main)

csm_rsvd   0    0033ff80    00000000     DSECT

csmpasswds 
*          0    0033fff8    00000000     DSECT

.adc_cal   0    00380080    00000007     NOLOAD SECTION
                  00380080    00000007     DSP2833x_ADC_cal.obj (.adc_cal)

.reset     0    003fffc0    00000002     DSECT
                  003fffc0    00000002     rts2800_fpu32.lib : boot.obj (.reset)

.stack     1    00000400    00000300     UNINITIALIZED
                  00000400    00000300     --HOLE--

DevEmuRegsFile 
*          1    00000880    000000d0     UNINITIALIZED
                  00000880    000000d0     DSP2833x_GlobalVariableDefs.obj (DevEmuRegsFile)

FlashRegsFile 
*          1    00000a80    00000008     UNINITIALIZED
                  00000a80    00000008     DSP2833x_GlobalVariableDefs.obj (FlashRegsFile)

CsmRegsFile 
*          1    00000ae0    00000010     UNINITIALIZED
                  00000ae0    00000010     DSP2833x_GlobalVariableDefs.obj (CsmRegsFile)

AdcMirrorFile 
*          1    00000b00    00000010     UNINITIALIZED
                  00000b00    00000010     DSP2833x_GlobalVariableDefs.obj (AdcMirrorFile)

XintfRegsFile 
*          1    00000b20    0000001e     UNINITIALIZED
                  00000b20    0000001e     DSP2833x_GlobalVariableDefs.obj (XintfRegsFile)

CpuTimer0RegsFile 
*          1    00000c00    00000008     UNINITIALIZED
                  00000c00    00000008     DSP2833x_GlobalVariableDefs.obj (CpuTimer0RegsFile)

CpuTimer1RegsFile 
*          1    00000c08    00000008     UNINITIALIZED
                  00000c08    00000008     DSP2833x_GlobalVariableDefs.obj (CpuTimer1RegsFile)

CpuTimer2RegsFile 
*          1    00000c10    00000008     UNINITIALIZED
                  00000c10    00000008     DSP2833x_GlobalVariableDefs.obj (CpuTimer2RegsFile)

PieCtrlRegsFile 
*          1    00000ce0    0000001a     UNINITIALIZED
                  00000ce0    0000001a     DSP2833x_GlobalVariableDefs.obj (PieCtrlRegsFile)

PieVectTableFile 
*          1    00000d00    00000100     UNINITIALIZED
                  00000d00    00000100     DSP2833x_GlobalVariableDefs.obj (PieVectTableFile)

DmaRegsFile 
*          1    00001000    000000e0     UNINITIALIZED
                  00001000    000000e0     DSP2833x_GlobalVariableDefs.obj (DmaRegsFile)

McbspaRegsFile 
*          1    00005000    00000025     UNINITIALIZED
                  00005000    00000025     DSP2833x_GlobalVariableDefs.obj (McbspaRegsFile)

McbspbRegsFile 
*          1    00005040    00000025     UNINITIALIZED
                  00005040    00000025     DSP2833x_GlobalVariableDefs.obj (McbspbRegsFile)

ECanaRegsFile 
*          1    00006000    00000034     UNINITIALIZED
                  00006000    00000034     DSP2833x_GlobalVariableDefs.obj (ECanaRegsFile)

ECanaLAMRegsFile 
*          1    00006040    00000040     UNINITIALIZED
                  00006040    00000040     DSP2833x_GlobalVariableDefs.obj (ECanaLAMRegsFile)

ECanaMOTSRegsFile 
*          1    00006080    00000040     UNINITIALIZED
                  00006080    00000040     DSP2833x_GlobalVariableDefs.obj (ECanaMOTSRegsFile)

ECanaMOTORegsFile 
*          1    000060c0    00000040     UNINITIALIZED
                  000060c0    00000040     DSP2833x_GlobalVariableDefs.obj (ECanaMOTORegsFile)

ECanaMboxesFile 
*          1    00006100    00000100     UNINITIALIZED
                  00006100    00000100     DSP2833x_GlobalVariableDefs.obj (ECanaMboxesFile)

ECanbRegsFile 
*          1    00006200    00000034     UNINITIALIZED
                  00006200    00000034     DSP2833x_GlobalVariableDefs.obj (ECanbRegsFile)

ECanbLAMRegsFile 
*          1    00006240    00000040     UNINITIALIZED
                  00006240    00000040     DSP2833x_GlobalVariableDefs.obj (ECanbLAMRegsFile)

ECanbMOTSRegsFile 
*          1    00006280    00000040     UNINITIALIZED
                  00006280    00000040     DSP2833x_GlobalVariableDefs.obj (ECanbMOTSRegsFile)

ECanbMOTORegsFile 
*          1    000062c0    00000040     UNINITIALIZED
                  000062c0    00000040     DSP2833x_GlobalVariableDefs.obj (ECanbMOTORegsFile)

ECanbMboxesFile 
*          1    00006300    00000100     UNINITIALIZED
                  00006300    00000100     DSP2833x_GlobalVariableDefs.obj (ECanbMboxesFile)

EPwm1RegsFile 
*          1    00006800    00000022     UNINITIALIZED
                  00006800    00000022     DSP2833x_GlobalVariableDefs.obj (EPwm1RegsFile)

EPwm2RegsFile 
*          1    00006840    00000022     UNINITIALIZED
                  00006840    00000022     DSP2833x_GlobalVariableDefs.obj (EPwm2RegsFile)

EPwm3RegsFile 
*          1    00006880    00000022     UNINITIALIZED
                  00006880    00000022     DSP2833x_GlobalVariableDefs.obj (EPwm3RegsFile)

EPwm4RegsFile 
*          1    000068c0    00000022     UNINITIALIZED
                  000068c0    00000022     DSP2833x_GlobalVariableDefs.obj (EPwm4RegsFile)

EPwm5RegsFile 
*          1    00006900    00000022     UNINITIALIZED
                  00006900    00000022     DSP2833x_GlobalVariableDefs.obj (EPwm5RegsFile)

EPwm6RegsFile 
*          1    00006940    00000022     UNINITIALIZED
                  00006940    00000022     DSP2833x_GlobalVariableDefs.obj (EPwm6RegsFile)

ECap1RegsFile 
*          1    00006a00    00000020     UNINITIALIZED
                  00006a00    00000020     DSP2833x_GlobalVariableDefs.obj (ECap1RegsFile)

ECap2RegsFile 
*          1    00006a20    00000020     UNINITIALIZED
                  00006a20    00000020     DSP2833x_GlobalVariableDefs.obj (ECap2RegsFile)

ECap3RegsFile 
*          1    00006a40    00000020     UNINITIALIZED
                  00006a40    00000020     DSP2833x_GlobalVariableDefs.obj (ECap3RegsFile)

ECap4RegsFile 
*          1    00006a60    00000020     UNINITIALIZED
                  00006a60    00000020     DSP2833x_GlobalVariableDefs.obj (ECap4RegsFile)

ECap5RegsFile 
*          1    00006a80    00000020     UNINITIALIZED
                  00006a80    00000020     DSP2833x_GlobalVariableDefs.obj (ECap5RegsFile)

ECap6RegsFile 
*          1    00006aa0    00000020     UNINITIALIZED
                  00006aa0    00000020     DSP2833x_GlobalVariableDefs.obj (ECap6RegsFile)

EQep1RegsFile 
*          1    00006b00    00000040     UNINITIALIZED
                  00006b00    00000040     DSP2833x_GlobalVariableDefs.obj (EQep1RegsFile)

EQep2RegsFile 
*          1    00006b40    00000040     UNINITIALIZED
                  00006b40    00000040     DSP2833x_GlobalVariableDefs.obj (EQep2RegsFile)

GpioCtrlRegsFile 
*          1    00006f80    0000002e     UNINITIALIZED
                  00006f80    0000002e     DSP2833x_GlobalVariableDefs.obj (GpioCtrlRegsFile)

GpioDataRegsFile 
*          1    00006fc0    00000020     UNINITIALIZED
                  00006fc0    00000020     DSP2833x_GlobalVariableDefs.obj (GpioDataRegsFile)

GpioIntRegsFile 
*          1    00006fe0    0000000a     UNINITIALIZED
                  00006fe0    0000000a     DSP2833x_GlobalVariableDefs.obj (GpioIntRegsFile)

SysCtrlRegsFile 
*          1    00007010    00000020     UNINITIALIZED
                  00007010    00000020     DSP2833x_GlobalVariableDefs.obj (SysCtrlRegsFile)

SpiaRegsFile 
*          1    00007040    00000010     UNINITIALIZED
                  00007040    00000010     DSP2833x_GlobalVariableDefs.obj (SpiaRegsFile)

SciaRegsFile 
*          1    00007050    00000010     UNINITIALIZED
                  00007050    00000010     DSP2833x_GlobalVariableDefs.obj (SciaRegsFile)

XIntruptRegsFile 
*          1    00007070    00000010     UNINITIALIZED
                  00007070    00000010     DSP2833x_GlobalVariableDefs.obj (XIntruptRegsFile)

AdcRegsFile 
*          1    00007100    0000001e     UNINITIALIZED
                  00007100    0000001e     DSP2833x_GlobalVariableDefs.obj (AdcRegsFile)

ScibRegsFile 
*          1    00007750    00000010     UNINITIALIZED
                  00007750    00000010     DSP2833x_GlobalVariableDefs.obj (ScibRegsFile)

ScicRegsFile 
*          1    00007770    00000010     UNINITIALIZED
                  00007770    00000010     DSP2833x_GlobalVariableDefs.obj (ScicRegsFile)

I2caRegsFile 
*          1    00007900    00000022     UNINITIALIZED
                  00007900    00000022     DSP2833x_GlobalVariableDefs.obj (I2caRegsFile)

.ebss      1    0000c000    00001c71     UNINITIALIZED
                  0000c000    00001c50     F28335A_main.obj (.ebss)
                  0000dc50    00000018     DSP2833x_CpuTimers.obj (.ebss)
                  0000dc68    00000004     rts2800_fpu32.lib : _lock.obj (.ebss)
                  0000dc6c    00000004                       : exit.obj (.ebss)
                  0000dc70    00000001                       : errno.obj (.ebss)

.econst    1    0000dc72    00000b09     
                  0000dc72    00000802     F28335A_main.obj (.econst:_SIN_TABLE)
                  0000e474    00000202     F28335A_main.obj (.econst:_ARCTG_TABLE)
                  0000e676    00000100     DSP2833x_PieVect.obj (.econst)
                  0000e776    00000004     F28335A_main.obj (.econst:_$P$T0$1)
                  0000e77a    00000001     F28335A_main.obj (.econst)

CsmPwlFile 
*          1    0033fff8    00000008     UNINITIALIZED
                  0033fff8    00000008     DSP2833x_GlobalVariableDefs.obj (CsmPwlFile)


GLOBAL SYMBOLS: SORTED ALPHABETICALLY BY Name 

address    name
--------   ----
00008000   .text
000098fe   C$$EXIT
0000968a   FS$$DIV
000098a3   I$$DIV
000098b4   I$$MOD
00009917   U$$DIV
0000991c   U$$MOD
0000914b   _ADCINT_ISR
0000c0c6   _ADC_IA
0000c0c2   _ADC_IA_INV
0000c0c4   _ADC_IB
0000c0ca   _ADC_IB_INV
0000c0d2   _ADC_IC
0000c0d4   _ADC_IC_INV
0000c0c0   _ADC_VAB
0000c0be   _ADC_VBC
0000c0c8   _ADC_VCA
00380080   _ADC_cal
0000c042   _AD_Count
0000a78b   _ARCTAN
0000e474   _ARCTG_TABLE
00000b00   _AdcMirror
00007100   _AdcRegs
0000c18a   _Balance
0000c11a   _Balance_Start_Time
0000c052   _BiCount
0000c0d6   _BiMaxInitial
0000c0d8   _BiMinInitial
0000c0ea   _BiVari
0000c032   _COM_ALL_rate
0000c038   _COM_EXT_count
0000c013   _COM_I0
0000c010   _COM_IA
0000c015   _COM_IB
0000c014   _COM_IC
0000c009   _COM_IH1
0000c007   _COM_IH1_RATE
0000c008   _COM_IH2
0000c00d   _COM_IH2_RATE
0000c00e   _COM_IH3
0000c00b   _COM_IH3_RATE
0000c030   _COM_IHB_RATE
0000c02c   _COM_Ih_max
0000c01c   _COM_Iz
0000c002   _COM_Kp
0000c017   _COM_Ti
0000c016   _COM_Tu
0000c01a   _COM_U
0000c011   _COM_UAB
0000c012   _COM_UBC
0000c00f   _COM_UCA
0000c02f   _COM_UDCREF
0000c00a   _COM_UDC_Max
0000c019   _COM_Ua
0000c018   _COM_Udb
0000c057   _COM_Udc
0000c0de   _COM_Udc1
0000c031   _COM_Uz
0000c004   _COM_ki
00008646   _COM_main
0000a9b2   _CON2R2S_W
0000a983   _CON2S2R_W
0000a946   _CON2S3S
0000a907   _CON3S2S
0000c054   _C_data_count1
0000c037   _C_data_count2
0000c02e   _C_data_count3
0000c02d   _C_way
0000c003   _Chose_angle
0000c132   _CloseGrid
0000c01e   _CloseLoop_Grid
0000c31c   _Com_date
0000c040   _Conductor_i
00009751   _ConfigCpuTimer
0000c1fc   _Count
0000dc60   _CpuTimer0
0000c041   _CpuTimer0Count
00000c00   _CpuTimer0Regs
0000dc50   _CpuTimer1
00000c08   _CpuTimer1Regs
0000dc58   _CpuTimer2
00000c10   _CpuTimer2Regs
0033fff8   _CsmPwl
00000ae0   _CsmRegs
0000c2d0   _Ctrl_Para
0000c07a   _Curr_PI1_integ
0000c0aa   _Curr_PI1_out
0000c078   _Curr_PI2_integ
0000c072   _Curr_PI2_out
0000c480   _Current_IA
0000c680   _Current_IB
0000c580   _Current_IC
0000a68f   _Current_PI1
0000a6ea   _Current_PI2
0000c04d   _Current_flag
0000c005   _DA0
0000c00c   _DA1
0000c006   _DA2
0000c001   _DA3
00009076   _DATALOG_ISR
0000c18c   _DA_Current
0000c18e   _DA_Current_dq
00008fea   _DA_Initialization
0000c194   _DA_InterPhase
0000ab44   _DA_OUT
0000c192   _DA_OutPhase
0000c188   _DA_Phase
0000c130   _DA_Phase_PLL
0000c000   _DA_Signal
0000c03f   _DA_Switch
0000c232   _DA_Test
0000c186   _DA_Voltage
0000c162   _DA_Voltage_A
0000c134   _DA_Voltage_B
0000c136   _DA_Voltage_C
0000c190   _DA_Voltage_neg
0000c026   _DC_Step
00009273   _DINTCH1_ISR
0000927d   _DINTCH2_ISR
00009287   _DINTCH3_ISR
00009291   _DINTCH4_ISR
0000929b   _DINTCH5_ISR
000092a5   _DINTCH6_ISR
0000c26e   _D_Check
0000ae5a   _DataCheck
00000880   _DevEmuRegs
00009564   _DisableDog
000087f1   _Display
0000c0e2   _DisplayLS1
0000c0ec   _DisplayLS2
00008df4   _Display_CON3S2S
00008a5f   _Display_Current
000088e3   _Display_Para
00008db6   _Display_Send_Ready
00001000   _DmaRegs
0000c03b   _Drift_Flag
000092ff   _ECAN0INTA_ISR
00009313   _ECAN0INTB_ISR
00009309   _ECAN1INTA_ISR
0000931d   _ECAN1INTB_ISR
000091e7   _ECAP1_INT_ISR
000091f1   _ECAP2_INT_ISR
000091fb   _ECAP3_INT_ISR
00009205   _ECAP4_INT_ISR
0000920f   _ECAP5_INT_ISR
00009219   _ECAP6_INT_ISR
00006040   _ECanaLAMRegs
000060c0   _ECanaMOTORegs
00006080   _ECanaMOTSRegs
00006100   _ECanaMboxes
00006000   _ECanaRegs
00006240   _ECanbLAMRegs
000062c0   _ECanbMOTORegs
00006280   _ECanbMOTSRegs
00006300   _ECanbMboxes
00006200   _ECanbRegs
00006a00   _ECap1Regs
00006a20   _ECap2Regs
00006a40   _ECap3Regs
00006a60   _ECap4Regs
00006a80   _ECap5Regs
00006aa0   _ECap6Regs
0000c04c   _EEPROM_Compare
0000c059   _EEPROM_No_WRed_Sign
00009370   _EMPTY_ISR
0000908a   _EMUINT_ISR
000091a5   _EPWM1_INT_ISR
00009169   _EPWM1_TZINT_ISR
000091b2   _EPWM2_INT_ISR
00009173   _EPWM2_TZINT_ISR
000091bc   _EPWM3_INT_ISR
0000917d   _EPWM3_TZINT_ISR
000091c6   _EPWM4_INT_ISR
00009187   _EPWM4_TZINT_ISR
000091d3   _EPWM5_INT_ISR
00009191   _EPWM5_TZINT_ISR
000091dd   _EPWM6_INT_ISR
0000919b   _EPWM6_TZINT_ISR
00006800   _EPwm1Regs
00006840   _EPwm2Regs
00006880   _EPwm3Regs
000068c0   _EPwm4Regs
00006900   _EPwm5Regs
00006940   _EPwm6Regs
00009223   _EQEP1_INT_ISR
0000922d   _EQEP2_INT_ISR
00006b00   _EQep1Regs
00006b40   _EQep2Regs
0000c056   _ERROR_flag
00009877   _EnableInterrupts
0000c248   _F_State
0000c05b   _Factory_Flag
0000c034   _Fault_flag
00000a80   _FlashRegs
0000c094   _Gama
0000c196   _General_Protect
00006f80   _GpioCtrlRegs
00006fc0   _GpioDataRegs
00006fe0   _GpioIntRegs
000092af   _I2CINT1A_ISR
000092b9   _I2CINT2A_ISR
00007900   _I2caRegs
0000c1e2   _IASVG
0000c1ea   _IA_Load
0000c1b4   _IA_Load_Pre
0000c1ac   _IA_Load_Sum
0000c400   _IA_Load_Temp
0000c1c6   _IA_Load_Z
0000c064   _IA_P2P
0000c12e   _IA_Z
0000c176   _IA_Z_INV
0000c1de   _IBSVG
0000c1ec   _IB_Load
0000c1e0   _IB_Load_Pre
0000c1ae   _IB_Load_Sum
0000c3c0   _IB_Load_Temp
0000c1b6   _IB_Load_Z
0000c07e   _IB_P2P
0000c13a   _IB_Z
0000c178   _IB_Z_INV
0000c1ee   _ICSVG
0000c1e6   _IC_Load
0000c07c   _IC_P2P
0000c138   _IC_Z
0000c182   _IC_Z_INV
0000909e   _ILLEGAL_ISR
0000c04e   _INRL_data
0000905f   _INT13_ISR
0000906c   _INT14_ISR
0000c0a2   _ISVG_Amp
0000c0b2   _I_alpha
0000c0bc   _I_beta
0000c0a6   _I_d
0000c0b6   _I_d_Pre
0000c060   _I_derror
0000c0ac   _I_q
0000c0b8   _I_q_Pre
0000c05c   _I_qerror
0000c080   _Ialpha_N
0000c084   _Ibeta_N
0000c05e   _Id_N
0000c14a   _Id_WL
0000c06c   _Id_p
0000c06a   _Idref
0000c126   _InOuterPhase
00009712   _InitCpuTimers0
00009727   _InitCpuTimers1
0000973c   _InitCpuTimers2
0000abac   _InitFlash
00009497   _InitGpio
00009830   _InitI2C
00009842   _InitI2CGpio
0000900e   _InitInterrupts
000095a1   _InitPeripheralClocks
00009858   _InitPieCtrl
000098c5   _InitPieVectTable
0000956c   _InitPll
00009645   _InitSci
000095fc   _InitSciGpio
00009603   _InitSciaGpio
00009619   _InitScibGpio
0000962f   _InitScicGpio
000097da   _InitSpi
000097e9   _InitSpiGpio
0000978c   _InitSpiaGpio
000097b2   _InitSpicGpio
00009551   _InitSysCtrl
00009430   _InitXintf
000093d8   _InitXintf16Gpio
00009391   _InitXintf32Gpio
0000c04b   _Init_i
0000c04f   _Init_para_flag
0000c13c   _InterPhase
0000c1a2   _Ipcc_Amp
0000c062   _Iq_N
0000c200   _Iq_WL
0000c120   _KLoad_ICT
0000c1f0   _KPCC_VCT
0000c11e   _K_IA
0000c1fe   _K_IA_INV
0000c124   _K_IB
0000c17a   _K_IB_INV
0000c122   _K_IC
0000c17c   _K_IC_INV
0000c1f4   _K_UA
0000c184   _K_UA1
0000c17e   _K_UA2
0000c180   _K_UA3
0000c202   _K_UB
0000c164   _K_UB1
0000c166   _K_UB2
0000c170   _K_UB3
0000c1f2   _K_UC
0000c19c   _K_UC1
0000c19e   _K_UC2
0000c198   _K_UC3
0000c15e   _Ki_PLL
0000c106   _Kp_P2P_Zero
0000c160   _Kp_PLL
0000c0b4   _LS1
0000c0ba   _LS2
0000c0b0   _LS3
00009366   _LUF_ISR
0000935c   _LVF_ISR
0000c0dc   _LineVolSquare
0000ac17   _Local_DC_Process
0000925f   _MRINTA_ISR
0000924b   _MRINTB_ISR
00009269   _MXINTA_ISR
00009255   _MXINTB_ISR
0000c300   _M_out
0000c240   _Main_DA
0000ab53   _Main_DA_OUT
00005000   _McbspaRegs
00005040   _McbspbRegs
0000904a   _MemCopy
0000c206   _Modu
0000c2c0   _MsgBuffer_Receive
0000c29a   _MsgBuffer_Send
0000c043   _NMICount
00009094   _NMI_ISR
0000c036   _Negative
0000c15a   _Omiga
0000c146   _Omiga_PLL
0000c15c   _Omiga_t
0000c128   _OpenGrid
0000c13e   _OuterPhase
0000abc8   _P2P_Balance_Neg_U
0000c01d   _P2P_Flag_Zero
0000937d   _PIE_RESERVED
0000c022   _PLL_Switch
0000c2e4   _Para1_Intdate
0000c251   _Para1_set
0000c2a9   _Para2_Intdate
0000c25a   _Para2_set
0000c033   _Para_SET
00008aa5   _Para_set1
00008c5c   _Para_set2
00008d8a   _Para_set_end
0000ae8e   _Phase_Lock
00000ce0   _PieCtrlRegs
00000d00   _PieVectTable
0000e676   _PieVectTableInit
0000c14c   _Q
0000c0d0   _Q_REF
0000c142   _Q_start_time
00008f78   _RD_DATA_PROCESS
00008e3f   _RD_EEPROM
00009080   _RTOSINT_ISR
0000c22b   _Read_control
0000875c   _Read_date
0000c039   _Receive_date_error
0000c020   _ReceivedChar
0000c03a   _Reset_Flag
00008ed7   _Restore_Factory_Set
0000c058   _Run_Flag
0000c035   _Run_Stop_Flag
000092d7   _SCIRXINTA_ISR
000092eb   _SCIRXINTB_ISR
000092c3   _SCIRXINTC_ISR
000092e1   _SCITXINTA_ISR
000092f5   _SCITXINTB_ISR
000092cd   _SCITXINTC_ISR
00009123   _SEQ1INT_ISR
0000912d   _SEQ2INT_ISR
0000dc72   _SIN_TABLE
00009237   _SPIRXINTA_ISR
00009241   _SPITXINTA_ISR
0000c03d   _S_Status
00007050   _SciaRegs
00007750   _ScibRegs
00007770   _ScicRegs
0000955a   _ServiceDog
0000a9e3   _Sin_Value
0000c1fa   _Sine_m
0000c156   _Soft_Protect
00007040   _SpiaRegs
0000c158   _Start_Balance
0000c044   _State_Machine
00007010   _SysCtrlRegs
0000c01b   _THD_IA
0000c053   _THD_IB
0000c055   _THD_IC
0000c09e   _THETA_C
0000c0a0   _THETA_COM_3P4W
0000c096   _THETA_COM_CLARK
0000c09a   _THETA_COM_Usq
0000c09c   _THETA_C_ab
0000c076   _THETA_IA
0000c074   _THETA_IB
0000c070   _THETA_IC
0000c104   _THETA_Zero
0000c116   _THETA_neg
00009155   _TINT0_ISR
0000c027   _Ts_Id
0000c024   _Ts_UDC
0000c025   _Ts_US
0000c1d4   _UAB_DRF
0000c1b8   _UAB_Pre
0000c1c4   _UAB_Sum
0000c380   _UAB_Temp
0000c1a8   _UAB_Z
0000c0e8   _UA_Display
0000c110   _UA_P2P
0000c12c   _UA_Z
0000c1d0   _UBC_DRF
0000c1b2   _UBC_Pre
0000c1b0   _UBC_Sum
0000c340   _UBC_Temp
0000c1aa   _UBC_Z
0000c10c   _UB_Display
0000c112   _UB_P2P
0000c208   _UB_Z
0000c1d2   _UCA_DRF
0000c0e4   _UC_Display
0000c11c   _UC_P2P
0000c12a   _UC_Z
0000c440   _UDC
0000c0e6   _UDCREF
0000c224   _UDCREF_Ref
0000c204   _UDC_AR1
0000c20a   _UDC_AR2
0000c21c   _UDC_AR3
0000c1a0   _UDC_Amp
0000c1f6   _UDC_BR1
0000c220   _UDC_BR2
0000c21e   _UDC_BR3
0000c1f8   _UDC_CR1
0000c21a   _UDC_CR2
0000c20c   _UDC_CR3
0000c0a8   _UDC_Ki
0000c0ae   _UDC_Kp
0000c0a4   _UDC_Max
0000a744   _UDC_PI
0000c068   _UDC_PI_integ
0000c066   _UDC_PI_out
0000c1ca   _UDC_Rf2
0000c20e   _UDC_RfA1
0000c214   _UDC_RfA2
0000c210   _UDC_RfA3
0000c218   _UDC_RfB1
0000c216   _UDC_RfB2
0000c1c2   _UDC_RfB3
0000c222   _UDC_RfC1
0000c212   _UDC_RfC2
0000c1be   _UDC_RfC3
0000c174   _UDC_ZA1
0000c168   _UDC_ZA2
0000c16a   _UDC_ZA3
0000c172   _UDC_ZB1
0000c16c   _UDC_ZB2
0000c16e   _UDC_ZB3
0000c19a   _UDC_ZC1
0000c1a4   _UDC_ZC2
0000c1a6   _UDC_ZC3
0000c1e4   _UDC_aver
0000c1c0   _UDC_averA
0000c1ba   _UDC_averB
0000c1bc   _UDC_averC
0000c1c8   _UDC_aver_Pre
0000c06e   _UDC_err
0000c098   _US
00009105   _USER10_ISR
0000910f   _USER11_ISR
00009119   _USER12_ISR
000090ab   _USER1_ISR
000090b5   _USER2_ISR
000090bf   _USER3_ISR
000090c9   _USER4_ISR
000090d3   _USER5_ISR
000090dd   _USER6_ISR
000090e7   _USER7_ISR
000090f1   _USER8_ISR
000090fb   _USER9_ISR
0000c1d8   _US_Display
0000c1d6   _US_Pre
0000c086   _US_d
0000c088   _US_q
0000c1cc   _U_ADRF
0000c1ce   _U_BDRF
0000c1e8   _U_CDRF
0000c0cc   _U_FtoI
0000c118   _U_Zero_amp
0000c0fa   _U_alpha_close
0000c0ee   _U_alpha_close1
0000c08a   _U_alpha_open_after
0000c1da   _U_alpha_open_pre
0000c0fe   _U_aout_close
0000c100   _U_aout_close1
0000c092   _U_aout_open
0000c114   _U_beta_close
0000c0f0   _U_beta_close1
0000c090   _U_beta_open_after
0000c1dc   _U_beta_open_pre
0000c0f2   _U_bout_close
0000c0f4   _U_bout_close1
0000c08c   _U_bout_open
0000c0f8   _U_cout_close
0000c0f6   _U_cout_close1
0000c08e   _U_cout_open
0000c14e   _U_dF
0000c108   _U_delta_slip
0000c0fc   _U_dout
0000c140   _U_neg_Kp
0000c10e   _U_neg_amp
0000c148   _U_qF
0000c102   _U_qout
0000c082   _Udc_slip
0000c152   _Usd_PLL
0000c154   _Usq_PLL
0000c05a   _Version_Erro_Sign
0000e77a   _Version_No
0000915f   _WAKEINT_ISR
00008fac   _WR_DATA_PROCESS
00008e95   _WR_EEPROM
00009137   _XINT1_ISR
00009141   _XINT2_ISR
00009327   _XINT3_ISR
00009331   _XINT4_ISR
0000933b   _XINT5_ISR
00009348   _XINT6_ISR
00009352   _XINT7_ISR
00007070   _XIntruptRegs
00009933   _XNMI_ISR
00008ff2   _XNMI_ISR_Init
00000b20   _XintfRegs
00000700   __STACK_END
00000300   __STACK_SIZE
00000001   __TI_args_main
ffffffff   ___binit__
ffffffff   ___c_args__
0000afc0   ___cinit__
00009933   ___etext__
ffffffff   ___pinit__
00008000   ___text__
000098e5   __args_main
0000dc6c   __cleanup_ptr
0000dc6e   __dtors_ptr
0000dc6a   __lock
0000992a   __nop
00009926   __register_lock
00009922   __register_unlock
00000400   __stack
0000dc68   __unlock
000098fe   _abort
0000c0e0   _alpha
0000c0da   _belta
000097ea   _c_int00
0000c029   _com
0000c021   _com1
0000c10a   _cosVal
000099a8   _cpu_timer0_isr
0000c045   _delay_Count
0000c03c   _delay_PWM
0000ab38   _delay_t
00008e33   _delay_t1
0000c047   _delay_time_AD
0000c048   _delay_time_DA
0000c03e   _delay_time_Main_DA
0000c04a   _delay_time_rcvd
0000c049   _delay_time_send
0000c28c   _display_date_one
0000c280   _display_date_two
0000c023   _display_flag
0000dc70   _errno
00009900   _exit
0000c028   _filter
0000c02a   _graph_Switch
0000ce80   _graph_data1
0000ccc0   _graph_data10
0000cb00   _graph_data11
0000dac0   _graph_data12
0000d3c0   _graph_data2
0000d900   _graph_data3
0000d580   _graph_data4
0000d740   _graph_data5
0000c940   _graph_data6
0000d200   _graph_data7
0000d040   _graph_data8
0000c780   _graph_data9
0000c050   _i
0000c144   _integral_PLL
0000c150   _invented_integral
0000c02b   _m
00008000   _main
0000c264   _mt_check
0000c051   _n
0000c01f   _n_cycle
0000c046   _period
00009387   _rsvd_ISR
0000c0ce   _sinVal
00009880   _sqrt
ffffffff   binit
0000afc0   cinit
00000000   code_start
00009933   etext
ffffffff   pinit


GLOBAL SYMBOLS: SORTED BY Symbol Address 

address    name
--------   ----
00000000   code_start
00000001   __TI_args_main
00000300   __STACK_SIZE
00000400   __stack
00000700   __STACK_END
00000880   _DevEmuRegs
00000a80   _FlashRegs
00000ae0   _CsmRegs
00000b00   _AdcMirror
00000b20   _XintfRegs
00000c00   _CpuTimer0Regs
00000c08   _CpuTimer1Regs
00000c10   _CpuTimer2Regs
00000ce0   _PieCtrlRegs
00000d00   _PieVectTable
00001000   _DmaRegs
00005000   _McbspaRegs
00005040   _McbspbRegs
00006000   _ECanaRegs
00006040   _ECanaLAMRegs
00006080   _ECanaMOTSRegs
000060c0   _ECanaMOTORegs
00006100   _ECanaMboxes
00006200   _ECanbRegs
00006240   _ECanbLAMRegs
00006280   _ECanbMOTSRegs
000062c0   _ECanbMOTORegs
00006300   _ECanbMboxes
00006800   _EPwm1Regs
00006840   _EPwm2Regs
00006880   _EPwm3Regs
000068c0   _EPwm4Regs
00006900   _EPwm5Regs
00006940   _EPwm6Regs
00006a00   _ECap1Regs
00006a20   _ECap2Regs
00006a40   _ECap3Regs
00006a60   _ECap4Regs
00006a80   _ECap5Regs
00006aa0   _ECap6Regs
00006b00   _EQep1Regs
00006b40   _EQep2Regs
00006f80   _GpioCtrlRegs
00006fc0   _GpioDataRegs
00006fe0   _GpioIntRegs
00007010   _SysCtrlRegs
00007040   _SpiaRegs
00007050   _SciaRegs
00007070   _XIntruptRegs
00007100   _AdcRegs
00007750   _ScibRegs
00007770   _ScicRegs
00007900   _I2caRegs
00008000   .text
00008000   ___text__
00008000   _main
00008646   _COM_main
0000875c   _Read_date
000087f1   _Display
000088e3   _Display_Para
00008a5f   _Display_Current
00008aa5   _Para_set1
00008c5c   _Para_set2
00008d8a   _Para_set_end
00008db6   _Display_Send_Ready
00008df4   _Display_CON3S2S
00008e33   _delay_t1
00008e3f   _RD_EEPROM
00008e95   _WR_EEPROM
00008ed7   _Restore_Factory_Set
00008f78   _RD_DATA_PROCESS
00008fac   _WR_DATA_PROCESS
00008fea   _DA_Initialization
00008ff2   _XNMI_ISR_Init
0000900e   _InitInterrupts
0000904a   _MemCopy
0000905f   _INT13_ISR
0000906c   _INT14_ISR
00009076   _DATALOG_ISR
00009080   _RTOSINT_ISR
0000908a   _EMUINT_ISR
00009094   _NMI_ISR
0000909e   _ILLEGAL_ISR
000090ab   _USER1_ISR
000090b5   _USER2_ISR
000090bf   _USER3_ISR
000090c9   _USER4_ISR
000090d3   _USER5_ISR
000090dd   _USER6_ISR
000090e7   _USER7_ISR
000090f1   _USER8_ISR
000090fb   _USER9_ISR
00009105   _USER10_ISR
0000910f   _USER11_ISR
00009119   _USER12_ISR
00009123   _SEQ1INT_ISR
0000912d   _SEQ2INT_ISR
00009137   _XINT1_ISR
00009141   _XINT2_ISR
0000914b   _ADCINT_ISR
00009155   _TINT0_ISR
0000915f   _WAKEINT_ISR
00009169   _EPWM1_TZINT_ISR
00009173   _EPWM2_TZINT_ISR
0000917d   _EPWM3_TZINT_ISR
00009187   _EPWM4_TZINT_ISR
00009191   _EPWM5_TZINT_ISR
0000919b   _EPWM6_TZINT_ISR
000091a5   _EPWM1_INT_ISR
000091b2   _EPWM2_INT_ISR
000091bc   _EPWM3_INT_ISR
000091c6   _EPWM4_INT_ISR
000091d3   _EPWM5_INT_ISR
000091dd   _EPWM6_INT_ISR
000091e7   _ECAP1_INT_ISR
000091f1   _ECAP2_INT_ISR
000091fb   _ECAP3_INT_ISR
00009205   _ECAP4_INT_ISR
0000920f   _ECAP5_INT_ISR
00009219   _ECAP6_INT_ISR
00009223   _EQEP1_INT_ISR
0000922d   _EQEP2_INT_ISR
00009237   _SPIRXINTA_ISR
00009241   _SPITXINTA_ISR
0000924b   _MRINTB_ISR
00009255   _MXINTB_ISR
0000925f   _MRINTA_ISR
00009269   _MXINTA_ISR
00009273   _DINTCH1_ISR
0000927d   _DINTCH2_ISR
00009287   _DINTCH3_ISR
00009291   _DINTCH4_ISR
0000929b   _DINTCH5_ISR
000092a5   _DINTCH6_ISR
000092af   _I2CINT1A_ISR
000092b9   _I2CINT2A_ISR
000092c3   _SCIRXINTC_ISR
000092cd   _SCITXINTC_ISR
000092d7   _SCIRXINTA_ISR
000092e1   _SCITXINTA_ISR
000092eb   _SCIRXINTB_ISR
000092f5   _SCITXINTB_ISR
000092ff   _ECAN0INTA_ISR
00009309   _ECAN1INTA_ISR
00009313   _ECAN0INTB_ISR
0000931d   _ECAN1INTB_ISR
00009327   _XINT3_ISR
00009331   _XINT4_ISR
0000933b   _XINT5_ISR
00009348   _XINT6_ISR
00009352   _XINT7_ISR
0000935c   _LVF_ISR
00009366   _LUF_ISR
00009370   _EMPTY_ISR
0000937d   _PIE_RESERVED
00009387   _rsvd_ISR
00009391   _InitXintf32Gpio
000093d8   _InitXintf16Gpio
00009430   _InitXintf
00009497   _InitGpio
00009551   _InitSysCtrl
0000955a   _ServiceDog
00009564   _DisableDog
0000956c   _InitPll
000095a1   _InitPeripheralClocks
000095fc   _InitSciGpio
00009603   _InitSciaGpio
00009619   _InitScibGpio
0000962f   _InitScicGpio
00009645   _InitSci
0000968a   FS$$DIV
00009712   _InitCpuTimers0
00009727   _InitCpuTimers1
0000973c   _InitCpuTimers2
00009751   _ConfigCpuTimer
0000978c   _InitSpiaGpio
000097b2   _InitSpicGpio
000097da   _InitSpi
000097e9   _InitSpiGpio
000097ea   _c_int00
00009830   _InitI2C
00009842   _InitI2CGpio
00009858   _InitPieCtrl
00009877   _EnableInterrupts
00009880   _sqrt
000098a3   I$$DIV
000098b4   I$$MOD
000098c5   _InitPieVectTable
000098e5   __args_main
000098fe   C$$EXIT
000098fe   _abort
00009900   _exit
00009917   U$$DIV
0000991c   U$$MOD
00009922   __register_unlock
00009926   __register_lock
0000992a   __nop
00009933   _XNMI_ISR
00009933   ___etext__
00009933   etext
000099a8   _cpu_timer0_isr
0000a68f   _Current_PI1
0000a6ea   _Current_PI2
0000a744   _UDC_PI
0000a78b   _ARCTAN
0000a907   _CON3S2S
0000a946   _CON2S3S
0000a983   _CON2S2R_W
0000a9b2   _CON2R2S_W
0000a9e3   _Sin_Value
0000ab38   _delay_t
0000ab44   _DA_OUT
0000ab53   _Main_DA_OUT
0000abac   _InitFlash
0000abc8   _P2P_Balance_Neg_U
0000ac17   _Local_DC_Process
0000ae5a   _DataCheck
0000ae8e   _Phase_Lock
0000afc0   ___cinit__
0000afc0   cinit
0000c000   _DA_Signal
0000c001   _DA3
0000c002   _COM_Kp
0000c003   _Chose_angle
0000c004   _COM_ki
0000c005   _DA0
0000c006   _DA2
0000c007   _COM_IH1_RATE
0000c008   _COM_IH2
0000c009   _COM_IH1
0000c00a   _COM_UDC_Max
0000c00b   _COM_IH3_RATE
0000c00c   _DA1
0000c00d   _COM_IH2_RATE
0000c00e   _COM_IH3
0000c00f   _COM_UCA
0000c010   _COM_IA
0000c011   _COM_UAB
0000c012   _COM_UBC
0000c013   _COM_I0
0000c014   _COM_IC
0000c015   _COM_IB
0000c016   _COM_Tu
0000c017   _COM_Ti
0000c018   _COM_Udb
0000c019   _COM_Ua
0000c01a   _COM_U
0000c01b   _THD_IA
0000c01c   _COM_Iz
0000c01d   _P2P_Flag_Zero
0000c01e   _CloseLoop_Grid
0000c01f   _n_cycle
0000c020   _ReceivedChar
0000c021   _com1
0000c022   _PLL_Switch
0000c023   _display_flag
0000c024   _Ts_UDC
0000c025   _Ts_US
0000c026   _DC_Step
0000c027   _Ts_Id
0000c028   _filter
0000c029   _com
0000c02a   _graph_Switch
0000c02b   _m
0000c02c   _COM_Ih_max
0000c02d   _C_way
0000c02e   _C_data_count3
0000c02f   _COM_UDCREF
0000c030   _COM_IHB_RATE
0000c031   _COM_Uz
0000c032   _COM_ALL_rate
0000c033   _Para_SET
0000c034   _Fault_flag
0000c035   _Run_Stop_Flag
0000c036   _Negative
0000c037   _C_data_count2
0000c038   _COM_EXT_count
0000c039   _Receive_date_error
0000c03a   _Reset_Flag
0000c03b   _Drift_Flag
0000c03c   _delay_PWM
0000c03d   _S_Status
0000c03e   _delay_time_Main_DA
0000c03f   _DA_Switch
0000c040   _Conductor_i
0000c041   _CpuTimer0Count
0000c042   _AD_Count
0000c043   _NMICount
0000c044   _State_Machine
0000c045   _delay_Count
0000c046   _period
0000c047   _delay_time_AD
0000c048   _delay_time_DA
0000c049   _delay_time_send
0000c04a   _delay_time_rcvd
0000c04b   _Init_i
0000c04c   _EEPROM_Compare
0000c04d   _Current_flag
0000c04e   _INRL_data
0000c04f   _Init_para_flag
0000c050   _i
0000c051   _n
0000c052   _BiCount
0000c053   _THD_IB
0000c054   _C_data_count1
0000c055   _THD_IC
0000c056   _ERROR_flag
0000c057   _COM_Udc
0000c058   _Run_Flag
0000c059   _EEPROM_No_WRed_Sign
0000c05a   _Version_Erro_Sign
0000c05b   _Factory_Flag
0000c05c   _I_qerror
0000c05e   _Id_N
0000c060   _I_derror
0000c062   _Iq_N
0000c064   _IA_P2P
0000c066   _UDC_PI_out
0000c068   _UDC_PI_integ
0000c06a   _Idref
0000c06c   _Id_p
0000c06e   _UDC_err
0000c070   _THETA_IC
0000c072   _Curr_PI2_out
0000c074   _THETA_IB
0000c076   _THETA_IA
0000c078   _Curr_PI2_integ
0000c07a   _Curr_PI1_integ
0000c07c   _IC_P2P
0000c07e   _IB_P2P
0000c080   _Ialpha_N
0000c082   _Udc_slip
0000c084   _Ibeta_N
0000c086   _US_d
0000c088   _US_q
0000c08a   _U_alpha_open_after
0000c08c   _U_bout_open
0000c08e   _U_cout_open
0000c090   _U_beta_open_after
0000c092   _U_aout_open
0000c094   _Gama
0000c096   _THETA_COM_CLARK
0000c098   _US
0000c09a   _THETA_COM_Usq
0000c09c   _THETA_C_ab
0000c09e   _THETA_C
0000c0a0   _THETA_COM_3P4W
0000c0a2   _ISVG_Amp
0000c0a4   _UDC_Max
0000c0a6   _I_d
0000c0a8   _UDC_Ki
0000c0aa   _Curr_PI1_out
0000c0ac   _I_q
0000c0ae   _UDC_Kp
0000c0b0   _LS3
0000c0b2   _I_alpha
0000c0b4   _LS1
0000c0b6   _I_d_Pre
0000c0b8   _I_q_Pre
0000c0ba   _LS2
0000c0bc   _I_beta
0000c0be   _ADC_VBC
0000c0c0   _ADC_VAB
0000c0c2   _ADC_IA_INV
0000c0c4   _ADC_IB
0000c0c6   _ADC_IA
0000c0c8   _ADC_VCA
0000c0ca   _ADC_IB_INV
0000c0cc   _U_FtoI
0000c0ce   _sinVal
0000c0d0   _Q_REF
0000c0d2   _ADC_IC
0000c0d4   _ADC_IC_INV
0000c0d6   _BiMaxInitial
0000c0d8   _BiMinInitial
0000c0da   _belta
0000c0dc   _LineVolSquare
0000c0de   _COM_Udc1
0000c0e0   _alpha
0000c0e2   _DisplayLS1
0000c0e4   _UC_Display
0000c0e6   _UDCREF
0000c0e8   _UA_Display
0000c0ea   _BiVari
0000c0ec   _DisplayLS2
0000c0ee   _U_alpha_close1
0000c0f0   _U_beta_close1
0000c0f2   _U_bout_close
0000c0f4   _U_bout_close1
0000c0f6   _U_cout_close1
0000c0f8   _U_cout_close
0000c0fa   _U_alpha_close
0000c0fc   _U_dout
0000c0fe   _U_aout_close
0000c100   _U_aout_close1
0000c102   _U_qout
0000c104   _THETA_Zero
0000c106   _Kp_P2P_Zero
0000c108   _U_delta_slip
0000c10a   _cosVal
0000c10c   _UB_Display
0000c10e   _U_neg_amp
0000c110   _UA_P2P
0000c112   _UB_P2P
0000c114   _U_beta_close
0000c116   _THETA_neg
0000c118   _U_Zero_amp
0000c11a   _Balance_Start_Time
0000c11c   _UC_P2P
0000c11e   _K_IA
0000c120   _KLoad_ICT
0000c122   _K_IC
0000c124   _K_IB
0000c126   _InOuterPhase
0000c128   _OpenGrid
0000c12a   _UC_Z
0000c12c   _UA_Z
0000c12e   _IA_Z
0000c130   _DA_Phase_PLL
0000c132   _CloseGrid
0000c134   _DA_Voltage_B
0000c136   _DA_Voltage_C
0000c138   _IC_Z
0000c13a   _IB_Z
0000c13c   _InterPhase
0000c13e   _OuterPhase
0000c140   _U_neg_Kp
0000c142   _Q_start_time
0000c144   _integral_PLL
0000c146   _Omiga_PLL
0000c148   _U_qF
0000c14a   _Id_WL
0000c14c   _Q
0000c14e   _U_dF
0000c150   _invented_integral
0000c152   _Usd_PLL
0000c154   _Usq_PLL
0000c156   _Soft_Protect
0000c158   _Start_Balance
0000c15a   _Omiga
0000c15c   _Omiga_t
0000c15e   _Ki_PLL
0000c160   _Kp_PLL
0000c162   _DA_Voltage_A
0000c164   _K_UB1
0000c166   _K_UB2
0000c168   _UDC_ZA2
0000c16a   _UDC_ZA3
0000c16c   _UDC_ZB2
0000c16e   _UDC_ZB3
0000c170   _K_UB3
0000c172   _UDC_ZB1
0000c174   _UDC_ZA1
0000c176   _IA_Z_INV
0000c178   _IB_Z_INV
0000c17a   _K_IB_INV
0000c17c   _K_IC_INV
0000c17e   _K_UA2
0000c180   _K_UA3
0000c182   _IC_Z_INV
0000c184   _K_UA1
0000c186   _DA_Voltage
0000c188   _DA_Phase
0000c18a   _Balance
0000c18c   _DA_Current
0000c18e   _DA_Current_dq
0000c190   _DA_Voltage_neg
0000c192   _DA_OutPhase
0000c194   _DA_InterPhase
0000c196   _General_Protect
0000c198   _K_UC3
0000c19a   _UDC_ZC1
0000c19c   _K_UC1
0000c19e   _K_UC2
0000c1a0   _UDC_Amp
0000c1a2   _Ipcc_Amp
0000c1a4   _UDC_ZC2
0000c1a6   _UDC_ZC3
0000c1a8   _UAB_Z
0000c1aa   _UBC_Z
0000c1ac   _IA_Load_Sum
0000c1ae   _IB_Load_Sum
0000c1b0   _UBC_Sum
0000c1b2   _UBC_Pre
0000c1b4   _IA_Load_Pre
0000c1b6   _IB_Load_Z
0000c1b8   _UAB_Pre
0000c1ba   _UDC_averB
0000c1bc   _UDC_averC
0000c1be   _UDC_RfC3
0000c1c0   _UDC_averA
0000c1c2   _UDC_RfB3
0000c1c4   _UAB_Sum
0000c1c6   _IA_Load_Z
0000c1c8   _UDC_aver_Pre
0000c1ca   _UDC_Rf2
0000c1cc   _U_ADRF
0000c1ce   _U_BDRF
0000c1d0   _UBC_DRF
0000c1d2   _UCA_DRF
0000c1d4   _UAB_DRF
0000c1d6   _US_Pre
0000c1d8   _US_Display
0000c1da   _U_alpha_open_pre
0000c1dc   _U_beta_open_pre
0000c1de   _IBSVG
0000c1e0   _IB_Load_Pre
0000c1e2   _IASVG
0000c1e4   _UDC_aver
0000c1e6   _IC_Load
0000c1e8   _U_CDRF
0000c1ea   _IA_Load
0000c1ec   _IB_Load
0000c1ee   _ICSVG
0000c1f0   _KPCC_VCT
0000c1f2   _K_UC
0000c1f4   _K_UA
0000c1f6   _UDC_BR1
0000c1f8   _UDC_CR1
0000c1fa   _Sine_m
0000c1fc   _Count
0000c1fe   _K_IA_INV
0000c200   _Iq_WL
0000c202   _K_UB
0000c204   _UDC_AR1
0000c206   _Modu
0000c208   _UB_Z
0000c20a   _UDC_AR2
0000c20c   _UDC_CR3
0000c20e   _UDC_RfA1
0000c210   _UDC_RfA3
0000c212   _UDC_RfC2
0000c214   _UDC_RfA2
0000c216   _UDC_RfB2
0000c218   _UDC_RfB1
0000c21a   _UDC_CR2
0000c21c   _UDC_AR3
0000c21e   _UDC_BR3
0000c220   _UDC_BR2
0000c222   _UDC_RfC1
0000c224   _UDCREF_Ref
0000c22b   _Read_control
0000c232   _DA_Test
0000c240   _Main_DA
0000c248   _F_State
0000c251   _Para1_set
0000c25a   _Para2_set
0000c264   _mt_check
0000c26e   _D_Check
0000c280   _display_date_two
0000c28c   _display_date_one
0000c29a   _MsgBuffer_Send
0000c2a9   _Para2_Intdate
0000c2c0   _MsgBuffer_Receive
0000c2d0   _Ctrl_Para
0000c2e4   _Para1_Intdate
0000c300   _M_out
0000c31c   _Com_date
0000c340   _UBC_Temp
0000c380   _UAB_Temp
0000c3c0   _IB_Load_Temp
0000c400   _IA_Load_Temp
0000c440   _UDC
0000c480   _Current_IA
0000c580   _Current_IC
0000c680   _Current_IB
0000c780   _graph_data9
0000c940   _graph_data6
0000cb00   _graph_data11
0000ccc0   _graph_data10
0000ce80   _graph_data1
0000d040   _graph_data8
0000d200   _graph_data7
0000d3c0   _graph_data2
0000d580   _graph_data4
0000d740   _graph_data5
0000d900   _graph_data3
0000dac0   _graph_data12
0000dc50   _CpuTimer1
0000dc58   _CpuTimer2
0000dc60   _CpuTimer0
0000dc68   __unlock
0000dc6a   __lock
0000dc6c   __cleanup_ptr
0000dc6e   __dtors_ptr
0000dc70   _errno
0000dc72   _SIN_TABLE
0000e474   _ARCTG_TABLE
0000e676   _PieVectTableInit
0000e77a   _Version_No
0033fff8   _CsmPwl
00380080   _ADC_cal
ffffffff   ___binit__
ffffffff   ___c_args__
ffffffff   ___pinit__
ffffffff   binit
ffffffff   pinit

[597 symbols]
