******************************************************************************
             TMS320C2000 Linker PC v6.1.3                      
******************************************************************************
>> Linked Mon Apr 27 11:37:25 2015

OUTPUT FILE NAME:   <New_Local_SVG_Grid_Test.out>
ENTRY POINT SYMBOL: "_c_int00"  address: 0000ad41


MEMORY CONFIGURATION

         name            origin    length      used     unused   attr    fill
----------------------  --------  ---------  --------  --------  ----  --------
PAGE 0:
  BEGIN                 00000000   00000002  00000002  00000000  RWIX
  BOOT_RSVD             00000002   0000004e  00000000  0000004e  RWIX
  RAMM0                 00000050   000003b0  00000000  000003b0  RWIX
  RAML                  00008000   00004000  00003732  000008ce  RWIX
  CSM_RSVD              0033ff80   00000076  00000000  00000076  RWIX
  CSM_PWL               0033fff8   00000008  00000000  00000008  RWIX
  ADC_CAL               00380080   00000009  00000007  00000002  RWIX
  IQTABLES              003fe000   00000b50  00000000  00000b50  RWIX
  IQTABLES2             003feb50   0000008c  00000000  0000008c  RWIX
  FPUTABLES             003febdc   000006a0  00000000  000006a0  RWIX
  BOOTROM               003ff27c   00000d44  00000000  00000d44  RWIX
  RESET                 003fffc0   00000002  00000000  00000002  RWIX

PAGE 1:
  RAMM1                 00000400   00000400  00000300  00000100  RWIX
  DEV_EMU               00000880   00000180  000000d0  000000b0  RWIX
  FLASH_REGS            00000a80   00000060  00000008  00000058  RWIX
  CSM                   00000ae0   00000010  00000010  00000000  RWIX
  ADC_MIRROR            00000b00   00000010  00000010  00000000  RWIX
  XINTF                 00000b20   00000020  0000001e  00000002  RWIX
  CPU_TIMER0            00000c00   00000008  00000008  00000000  RWIX
  CPU_TIMER1            00000c08   00000008  00000008  00000000  RWIX
  CPU_TIMER2            00000c10   00000008  00000008  00000000  RWIX
  PIE_CTRL              00000ce0   00000020  0000001a  00000006  RWIX
  PIE_VECT              00000d00   00000100  00000100  00000000  RWIX
  DMA                   00001000   00000200  000000e0  00000120  RWIX
  ZONE0                 00004000   00001000  00000000  00001000  RWIX
  MCBSPA                00005000   00000040  00000025  0000001b  RWIX
  MCBSPB                00005040   00000040  00000025  0000001b  RWIX
  ECANA                 00006000   00000040  00000034  0000000c  RWIX
  ECANA_LAM             00006040   00000040  00000040  00000000  RWIX
  ECANA_MOTS            00006080   00000040  00000040  00000000  RWIX
  ECANA_MOTO            000060c0   00000040  00000040  00000000  RWIX
  ECANA_MBOX            00006100   00000100  00000100  00000000  RWIX
  ECANB                 00006200   00000040  00000034  0000000c  RWIX
  ECANB_LAM             00006240   00000040  00000040  00000000  RWIX
  ECANB_MOTS            00006280   00000040  00000040  00000000  RWIX
  ECANB_MOTO            000062c0   00000040  00000040  00000000  RWIX
  ECANB_MBOX            00006300   00000100  00000100  00000000  RWIX
  EPWM1                 00006800   00000022  00000022  00000000  RWIX
  EPWM2                 00006840   00000022  00000022  00000000  RWIX
  EPWM3                 00006880   00000022  00000022  00000000  RWIX
  EPWM4                 000068c0   00000022  00000022  00000000  RWIX
  EPWM5                 00006900   00000022  00000022  00000000  RWIX
  EPWM6                 00006940   00000022  00000022  00000000  RWIX
  ECAP1                 00006a00   00000020  00000020  00000000  RWIX
  ECAP2                 00006a20   00000020  00000020  00000000  RWIX
  ECAP3                 00006a40   00000020  00000020  00000000  RWIX
  ECAP4                 00006a60   00000020  00000020  00000000  RWIX
  ECAP5                 00006a80   00000020  00000020  00000000  RWIX
  ECAP6                 00006aa0   00000020  00000020  00000000  RWIX
  EQEP1                 00006b00   00000040  00000040  00000000  RWIX
  EQEP2                 00006b40   00000040  00000040  00000000  RWIX
  GPIOCTRL              00006f80   00000040  0000002e  00000012  RWIX
  GPIODAT               00006fc0   00000020  00000020  00000000  RWIX
  GPIOINT               00006fe0   00000020  0000000a  00000016  RWIX
  SYSTEM                00007010   00000020  00000020  00000000  RWIX
  SPIA                  00007040   00000010  00000010  00000000  RWIX
  SCIA                  00007050   00000010  00000010  00000000  RWIX
  XINTRUPT              00007070   00000010  00000010  00000000  RWIX
  ADC                   00007100   00000020  0000001e  00000002  RWIX
  SCIB                  00007750   00000010  00000010  00000000  RWIX
  SCIC                  00007770   00000010  00000010  00000000  RWIX
  I2CA                  00007900   00000040  00000022  0000001e  RWIX
  RAML4                 0000c000   00004000  000026ba  00001946  RWIX
  ZONE6                 00100000   00040000  00000000  00040000  RWIX
  ZONE7                 00200000   00100000  00000000  00100000  RWIX
  CSM_PWL               0033fff8   00000008  00000008  00000000  RWIX


SECTION ALLOCATION MAP

 output                                  attributes/
section   page    origin      length       input sections
--------  ----  ----------  ----------   ----------------
codestart 
*          0    00000000    00000002     
                  00000000    00000002     DSP2833x_CodeStartBranch.obj (codestart)

.pinit     0    00008000    00000000     UNINITIALIZED

ramfuncs   0    00008000    0000175d     
                  00008000    00000c11     F28335A_main.obj (ramfuncs)
                  00008c11    00000b4c     F28335A_main.obj (ramfuncs:retain)

.text      0    0000975e    00001722     
                  0000975e    00000e58     F28335A_main.obj (.text)
                  0000a5b6    00000332     DSP2833x_DefaultIsr.obj (.text:retain)
                  0000a8e8    00000106     DSP2833x_Xintf.obj (.text)
                  0000a9ee    000000ba     DSP2833x_Gpio.obj (.text)
                  0000aaa8    000000ab     DSP2833x_SysInit.obj (.text)
                  0000ab53    0000008e     DSP2833x_Sci.obj (.text)
                  0000abe1    00000088     rts2800_fpu32.lib : fs_div.obj (.text)
                  0000ac69    0000007a     DSP2833x_CpuTimers.obj (.text)
                  0000ace3    0000005e     DSP2833x_Spi.obj (.text)
                  0000ad41    00000046     rts2800_fpu32.lib : boot.obj (.text)
                  0000ad87    00000028     DSP2833x_I2C.obj (.text)
                  0000adaf    00000028     DSP2833x_PieCtrl.obj (.text)
                  0000add7    00000001     --HOLE-- [fill = 0]
                  0000add8    00000023     rts2800_fpu32.lib : sqrt.obj (.text)
                  0000adfb    00000022                       : i_div.obj (.text)
                  0000ae1d    00000020     DSP2833x_PieVect.obj (.text)
                  0000ae3d    00000019     rts2800_fpu32.lib : args_main.obj (.text)
                  0000ae56    00000019                       : exit.obj (.text)
                  0000ae6f    00000009                       : _lock.obj (.text)
                  0000ae78    00000008     DSP2833x_CodeStartBranch.obj (.text)

.cinit     0    0000ae80    000008b3     
                  0000ae80    00000899     F28335A_main.obj (.cinit)
                  0000b719    0000000a     rts2800_fpu32.lib : _lock.obj (.cinit)
                  0000b723    0000000a                       : exit.obj (.cinit)
                  0000b72d    00000004                       : errno.obj (.cinit)
                  0000b731    00000002     --HOLE-- [fill = 0]

csm_rsvd   0    0033ff80    00000000     DSECT

csmpasswds 
*          0    0033fff8    00000000     DSECT

.adc_cal   0    00380080    00000007     NOLOAD SECTION
                  00380080    00000007     DSP2833x_ADC_cal.obj (.adc_cal)

.reset     0    003fffc0    00000002     DSECT
                  003fffc0    00000002     rts2800_fpu32.lib : boot.obj (.reset)

.stack     1    00000400    00000300     UNINITIALIZED
                  00000400    00000300     --HOLE--

DevEmuRegsFile 
*          1    00000880    000000d0     UNINITIALIZED
                  00000880    000000d0     DSP2833x_GlobalVariableDefs.obj (DevEmuRegsFile)

FlashRegsFile 
*          1    00000a80    00000008     UNINITIALIZED
                  00000a80    00000008     DSP2833x_GlobalVariableDefs.obj (FlashRegsFile)

CsmRegsFile 
*          1    00000ae0    00000010     UNINITIALIZED
                  00000ae0    00000010     DSP2833x_GlobalVariableDefs.obj (CsmRegsFile)

AdcMirrorFile 
*          1    00000b00    00000010     UNINITIALIZED
                  00000b00    00000010     DSP2833x_GlobalVariableDefs.obj (AdcMirrorFile)

XintfRegsFile 
*          1    00000b20    0000001e     UNINITIALIZED
                  00000b20    0000001e     DSP2833x_GlobalVariableDefs.obj (XintfRegsFile)

CpuTimer0RegsFile 
*          1    00000c00    00000008     UNINITIALIZED
                  00000c00    00000008     DSP2833x_GlobalVariableDefs.obj (CpuTimer0RegsFile)

CpuTimer1RegsFile 
*          1    00000c08    00000008     UNINITIALIZED
                  00000c08    00000008     DSP2833x_GlobalVariableDefs.obj (CpuTimer1RegsFile)

CpuTimer2RegsFile 
*          1    00000c10    00000008     UNINITIALIZED
                  00000c10    00000008     DSP2833x_GlobalVariableDefs.obj (CpuTimer2RegsFile)

PieCtrlRegsFile 
*          1    00000ce0    0000001a     UNINITIALIZED
                  00000ce0    0000001a     DSP2833x_GlobalVariableDefs.obj (PieCtrlRegsFile)

PieVectTableFile 
*          1    00000d00    00000100     UNINITIALIZED
                  00000d00    00000100     DSP2833x_GlobalVariableDefs.obj (PieVectTableFile)

DmaRegsFile 
*          1    00001000    000000e0     UNINITIALIZED
                  00001000    000000e0     DSP2833x_GlobalVariableDefs.obj (DmaRegsFile)

McbspaRegsFile 
*          1    00005000    00000025     UNINITIALIZED
                  00005000    00000025     DSP2833x_GlobalVariableDefs.obj (McbspaRegsFile)

McbspbRegsFile 
*          1    00005040    00000025     UNINITIALIZED
                  00005040    00000025     DSP2833x_GlobalVariableDefs.obj (McbspbRegsFile)

ECanaRegsFile 
*          1    00006000    00000034     UNINITIALIZED
                  00006000    00000034     DSP2833x_GlobalVariableDefs.obj (ECanaRegsFile)

ECanaLAMRegsFile 
*          1    00006040    00000040     UNINITIALIZED
                  00006040    00000040     DSP2833x_GlobalVariableDefs.obj (ECanaLAMRegsFile)

ECanaMOTSRegsFile 
*          1    00006080    00000040     UNINITIALIZED
                  00006080    00000040     DSP2833x_GlobalVariableDefs.obj (ECanaMOTSRegsFile)

ECanaMOTORegsFile 
*          1    000060c0    00000040     UNINITIALIZED
                  000060c0    00000040     DSP2833x_GlobalVariableDefs.obj (ECanaMOTORegsFile)

ECanaMboxesFile 
*          1    00006100    00000100     UNINITIALIZED
                  00006100    00000100     DSP2833x_GlobalVariableDefs.obj (ECanaMboxesFile)

ECanbRegsFile 
*          1    00006200    00000034     UNINITIALIZED
                  00006200    00000034     DSP2833x_GlobalVariableDefs.obj (ECanbRegsFile)

ECanbLAMRegsFile 
*          1    00006240    00000040     UNINITIALIZED
                  00006240    00000040     DSP2833x_GlobalVariableDefs.obj (ECanbLAMRegsFile)

ECanbMOTSRegsFile 
*          1    00006280    00000040     UNINITIALIZED
                  00006280    00000040     DSP2833x_GlobalVariableDefs.obj (ECanbMOTSRegsFile)

ECanbMOTORegsFile 
*          1    000062c0    00000040     UNINITIALIZED
                  000062c0    00000040     DSP2833x_GlobalVariableDefs.obj (ECanbMOTORegsFile)

ECanbMboxesFile 
*          1    00006300    00000100     UNINITIALIZED
                  00006300    00000100     DSP2833x_GlobalVariableDefs.obj (ECanbMboxesFile)

EPwm1RegsFile 
*          1    00006800    00000022     UNINITIALIZED
                  00006800    00000022     DSP2833x_GlobalVariableDefs.obj (EPwm1RegsFile)

EPwm2RegsFile 
*          1    00006840    00000022     UNINITIALIZED
                  00006840    00000022     DSP2833x_GlobalVariableDefs.obj (EPwm2RegsFile)

EPwm3RegsFile 
*          1    00006880    00000022     UNINITIALIZED
                  00006880    00000022     DSP2833x_GlobalVariableDefs.obj (EPwm3RegsFile)

EPwm4RegsFile 
*          1    000068c0    00000022     UNINITIALIZED
                  000068c0    00000022     DSP2833x_GlobalVariableDefs.obj (EPwm4RegsFile)

EPwm5RegsFile 
*          1    00006900    00000022     UNINITIALIZED
                  00006900    00000022     DSP2833x_GlobalVariableDefs.obj (EPwm5RegsFile)

EPwm6RegsFile 
*          1    00006940    00000022     UNINITIALIZED
                  00006940    00000022     DSP2833x_GlobalVariableDefs.obj (EPwm6RegsFile)

ECap1RegsFile 
*          1    00006a00    00000020     UNINITIALIZED
                  00006a00    00000020     DSP2833x_GlobalVariableDefs.obj (ECap1RegsFile)

ECap2RegsFile 
*          1    00006a20    00000020     UNINITIALIZED
                  00006a20    00000020     DSP2833x_GlobalVariableDefs.obj (ECap2RegsFile)

ECap3RegsFile 
*          1    00006a40    00000020     UNINITIALIZED
                  00006a40    00000020     DSP2833x_GlobalVariableDefs.obj (ECap3RegsFile)

ECap4RegsFile 
*          1    00006a60    00000020     UNINITIALIZED
                  00006a60    00000020     DSP2833x_GlobalVariableDefs.obj (ECap4RegsFile)

ECap5RegsFile 
*          1    00006a80    00000020     UNINITIALIZED
                  00006a80    00000020     DSP2833x_GlobalVariableDefs.obj (ECap5RegsFile)

ECap6RegsFile 
*          1    00006aa0    00000020     UNINITIALIZED
                  00006aa0    00000020     DSP2833x_GlobalVariableDefs.obj (ECap6RegsFile)

EQep1RegsFile 
*          1    00006b00    00000040     UNINITIALIZED
                  00006b00    00000040     DSP2833x_GlobalVariableDefs.obj (EQep1RegsFile)

EQep2RegsFile 
*          1    00006b40    00000040     UNINITIALIZED
                  00006b40    00000040     DSP2833x_GlobalVariableDefs.obj (EQep2RegsFile)

GpioCtrlRegsFile 
*          1    00006f80    0000002e     UNINITIALIZED
                  00006f80    0000002e     DSP2833x_GlobalVariableDefs.obj (GpioCtrlRegsFile)

GpioDataRegsFile 
*          1    00006fc0    00000020     UNINITIALIZED
                  00006fc0    00000020     DSP2833x_GlobalVariableDefs.obj (GpioDataRegsFile)

GpioIntRegsFile 
*          1    00006fe0    0000000a     UNINITIALIZED
                  00006fe0    0000000a     DSP2833x_GlobalVariableDefs.obj (GpioIntRegsFile)

SysCtrlRegsFile 
*          1    00007010    00000020     UNINITIALIZED
                  00007010    00000020     DSP2833x_GlobalVariableDefs.obj (SysCtrlRegsFile)

SpiaRegsFile 
*          1    00007040    00000010     UNINITIALIZED
                  00007040    00000010     DSP2833x_GlobalVariableDefs.obj (SpiaRegsFile)

SciaRegsFile 
*          1    00007050    00000010     UNINITIALIZED
                  00007050    00000010     DSP2833x_GlobalVariableDefs.obj (SciaRegsFile)

XIntruptRegsFile 
*          1    00007070    00000010     UNINITIALIZED
                  00007070    00000010     DSP2833x_GlobalVariableDefs.obj (XIntruptRegsFile)

AdcRegsFile 
*          1    00007100    0000001e     UNINITIALIZED
                  00007100    0000001e     DSP2833x_GlobalVariableDefs.obj (AdcRegsFile)

ScibRegsFile 
*          1    00007750    00000010     UNINITIALIZED
                  00007750    00000010     DSP2833x_GlobalVariableDefs.obj (ScibRegsFile)

ScicRegsFile 
*          1    00007770    00000010     UNINITIALIZED
                  00007770    00000010     DSP2833x_GlobalVariableDefs.obj (ScicRegsFile)

I2caRegsFile 
*          1    00007900    00000022     UNINITIALIZED
                  00007900    00000022     DSP2833x_GlobalVariableDefs.obj (I2caRegsFile)

.ebss      1    0000c000    00001bb1     UNINITIALIZED
                  0000c000    00001b90     F28335A_main.obj (.ebss)
                  0000db90    00000018     DSP2833x_CpuTimers.obj (.ebss)
                  0000dba8    00000004     rts2800_fpu32.lib : _lock.obj (.ebss)
                  0000dbac    00000004                       : exit.obj (.ebss)
                  0000dbb0    00000001                       : errno.obj (.ebss)

.econst    1    0000dbb2    00000b09     
                  0000dbb2    00000802     F28335A_main.obj (.econst:_SIN_TABLE)
                  0000e3b4    00000202     F28335A_main.obj (.econst:_ARCTG_TABLE)
                  0000e5b6    00000100     DSP2833x_PieVect.obj (.econst)
                  0000e6b6    00000004     F28335A_main.obj (.econst:_$P$T0$1)
                  0000e6ba    00000001     F28335A_main.obj (.econst)

CsmPwlFile 
*          1    0033fff8    00000008     UNINITIALIZED
                  0033fff8    00000008     DSP2833x_GlobalVariableDefs.obj (CsmPwlFile)


GLOBAL SYMBOLS: SORTED ALPHABETICALLY BY Name 

address    name
--------   ----
0000975e   .text
0000ae56   C$$EXIT
0000abe1   FS$$DIV
0000adfb   I$$DIV
0000ae0c   I$$MOD
00008543   _ACON2S2R_W
000084d2   _ACON3S2S
0000a6a2   _ADCINT_ISR
0000c118   _ADC_IA
0000c116   _ADC_IB
0000c11c   _ADC_IC
0000c11a   _ADC_VA
0000c130   _ADC_VB
0000c12e   _ADC_VC
00380080   _ADC_cal
00008356   _ARCTAN
0000e3b4   _ARCTG_TABLE
00000b00   _AdcMirror
00007100   _AdcRegs
0000c1f0   _Balance
0000c0a0   _Balance_Start_Time
0000c07f   _BiCount
0000c114   _BiMaxInitial
0000c10a   _BiMinInitial
0000c15e   _BiVari
0000c00e   _COM_ALL_rate
0000c00d   _COM_EXT_count
0000c016   _COM_I0
0000c023   _COM_IA
0000c024   _COM_IB
0000c018   _COM_IC
0000c013   _COM_IH1
0000c011   _COM_IH1_RATE
0000c012   _COM_IH2
0000c00f   _COM_IH2_RATE
0000c010   _COM_IH3
0000c002   _COM_IH3_RATE
0000c00a   _COM_IHB_RATE
0000c040   _COM_Ih_max
0000c020   _COM_Iz
0000c009   _COM_Kp
0000c022   _COM_Ti
0000c005   _COM_Tu
0000c01e   _COM_U
0000c041   _COM_UAB
0000c025   _COM_UBC
0000c026   _COM_UCA
0000c04e   _COM_UDCREF
0000c00b   _COM_UDC_Max
0000c006   _COM_Ua
0000c008   _COM_Udb
0000c01b   _COM_Udc
0000c152   _COM_Udc1
0000c021   _COM_Uz
0000c007   _COM_ki
00009b44   _COM_main
00008510   _CON2S2R_W
00008493   _CON3S2S
0000c048   _C_data_count1
0000c045   _C_data_count2
0000c046   _C_data_count3
0000c00c   _C_way
0000c07d   _Chose_angle
0000c216   _CloseGrid
0000c028   _CloseLoop_Grid
0000c394   _Com_date
0000aca8   _ConfigCpuTimer
0000c192   _Count
0000dba0   _CpuTimer0
0000c052   _CpuTimer0Count
00000c00   _CpuTimer0Regs
0000db90   _CpuTimer1
00000c08   _CpuTimer1Regs
0000db98   _CpuTimer2
00000c10   _CpuTimer2Regs
0033fff8   _CsmPwl
00000ae0   _CsmRegs
0000c0e6   _Curr_PI1_integ
0000c0e2   _Curr_PI1_out
0000c0e0   _Curr_PI2_integ
0000c092   _Curr_PI2_out
0000c3c0   _Current_IA
0000c4c0   _Current_IB
0000c5c0   _Current_IC
00008000   _Current_PI1
00008054   _Current_PI2
0000c074   _Current_flag
0000c07e   _DA0
0000c070   _DA1
0000c06f   _DA2
0000c071   _DA3
0000a5cd   _DATALOG_ISR
0000c1ec   _DA_Current
0000c1c8   _DA_Current_dq
0000a4f4   _DA_Initialization
0000c1cc   _DA_InterPhase
00008691   _DA_OUT
0000c1d0   _DA_OutPhase
0000c1ce   _DA_Phase
0000c1d8   _DA_Phase_PLL
0000c073   _DA_Signal
0000c051   _DA_Switch
0000c308   _DA_Test
0000c1ee   _DA_Voltage
0000c1de   _DA_Voltage_A
0000c1da   _DA_Voltage_B
0000c1dc   _DA_Voltage_C
0000c1ca   _DA_Voltage_neg
0000c15a   _DC_A1
0000c132   _DC_A2
0000c128   _DC_A3
0000c126   _DC_B1
0000c12c   _DC_B2
0000c102   _DC_B3
0000c100   _DC_C1
0000c106   _DC_C2
0000c104   _DC_C3
0000c044   _DC_Step
0000a7ca   _DINTCH1_ISR
0000a7d4   _DINTCH2_ISR
0000a7de   _DINTCH3_ISR
0000a7e8   _DINTCH4_ISR
0000a7f2   _DINTCH5_ISR
0000a7fc   _DINTCH6_ISR
00008bb8   _DataCheck
0000c063   _DataCheck_Flag
0000c072   _Data_Check_A1
0000c06b   _Data_Check_A2
0000c06a   _Data_Check_A3
0000c06c   _Data_Check_B1
0000c06e   _Data_Check_B2
0000c06d   _Data_Check_B3
0000c07a   _Data_Check_C1
0000c079   _Data_Check_C2
0000c07b   _Data_Check_C3
00000880   _DevEmuRegs
0000aabb   _DisableDog
00009cfd   _Display
0000c124   _DisplayLS1
0000c122   _DisplayLS2
0000a300   _Display_CON3S2S
00009f6b   _Display_Current
00009def   _Display_Para
0000a2c2   _Display_Send_Ready
00001000   _DmaRegs
0000a856   _ECAN0INTA_ISR
0000a86a   _ECAN0INTB_ISR
0000a860   _ECAN1INTA_ISR
0000a874   _ECAN1INTB_ISR
0000a73e   _ECAP1_INT_ISR
0000a748   _ECAP2_INT_ISR
0000a752   _ECAP3_INT_ISR
0000a75c   _ECAP4_INT_ISR
0000a766   _ECAP5_INT_ISR
0000a770   _ECAP6_INT_ISR
00006040   _ECanaLAMRegs
000060c0   _ECanaMOTORegs
00006080   _ECanaMOTSRegs
00006100   _ECanaMboxes
00006000   _ECanaRegs
00006240   _ECanbLAMRegs
000062c0   _ECanbMOTORegs
00006280   _ECanbMOTSRegs
00006300   _ECanbMboxes
00006200   _ECanbRegs
00006a00   _ECap1Regs
00006a20   _ECap2Regs
00006a40   _ECap3Regs
00006a60   _ECap4Regs
00006a80   _ECap5Regs
00006aa0   _ECap6Regs
0000c07c   _EEPROM_Compare
0000c05f   _EEPROM_No_WRed_Sign
0000a8c7   _EMPTY_ISR
0000a5e1   _EMUINT_ISR
0000a6fc   _EPWM1_INT_ISR
0000a6c0   _EPWM1_TZINT_ISR
0000a709   _EPWM2_INT_ISR
0000a6ca   _EPWM2_TZINT_ISR
0000a713   _EPWM3_INT_ISR
0000a6d4   _EPWM3_TZINT_ISR
0000a71d   _EPWM4_INT_ISR
0000a6de   _EPWM4_TZINT_ISR
0000a72a   _EPWM5_INT_ISR
0000a6e8   _EPWM5_TZINT_ISR
0000a734   _EPWM6_INT_ISR
0000a6f2   _EPWM6_TZINT_ISR
00006800   _EPwm1Regs
00006840   _EPwm2Regs
00006880   _EPwm3Regs
000068c0   _EPwm4Regs
00006900   _EPwm5Regs
00006940   _EPwm6Regs
0000a77a   _EQEP1_INT_ISR
0000a784   _EQEP2_INT_ISR
00006b00   _EQep1Regs
00006b40   _EQep2Regs
0000c01a   _ERROR_flag
0000adce   _EnableInterrupts
0000c075   _Factory_Flag
0000c049   _Fault_flag
00000a80   _FlashRegs
0000c1f4   _General_Protect
00006f80   _GpioCtrlRegs
00006fc0   _GpioDataRegs
00006fe0   _GpioIntRegs
0000c003   _GraphID
0000a806   _I2CINT1A_ISR
0000a810   _I2CINT2A_ISR
00007900   _I2caRegs
0000c29c   _IASVG
0000c2b2   _IASVG_Max
0000c2ae   _IASVG_Min
0000c2a4   _IASVG_Sample
0000c238   _IA_P2P
0000c138   _IA_THETA_neg
0000c298   _IBSVG
0000c2a6   _IBSVG_Sample
0000c23a   _IB_P2P
0000c13a   _IB_THETA_neg
0000c29a   _ICSVG
0000c2aa   _ICSVG_Max
0000c2ac   _ICSVG_Min
0000c2a2   _ICSVG_Sample
0000c236   _IC_P2P
0000c134   _IC_THETA_neg
0000a5f5   _ILLEGAL_ISR
0000c01c   _INRL_data
0000a5b6   _INT13_ISR
0000a5c3   _INT14_ISR
0000c240   _I_alpha
0000c24c   _I_amp
0000c254   _I_beta
0000c24e   _I_d
0000c250   _I_d_Pre
0000c0da   _I_derror
0000c24a   _I_q
0000c252   _I_q_Pre
0000c0e4   _I_qerror
0000c232   _Ialpha_N
0000c234   _Ibeta_N
0000c228   _Id_N
0000c08a   _Id_WL
0000c226   _Id_p
0000c22e   _Idref
0000c210   _InOuterPhase
0000c029   _InPhase_Flag
0000c264   _In_Ramp
0000c148   _In_slip
0000ac69   _InitCpuTimers0
0000ac7e   _InitCpuTimers1
0000ac93   _InitCpuTimers2
00008729   _InitFlash
0000a9ee   _InitGpio
0000ad87   _InitI2C
0000ad99   _InitI2CGpio
0000a51f   _InitInterrupts
0000aaf8   _InitPeripheralClocks
0000adaf   _InitPieCtrl
0000ae1d   _InitPieVectTable
0000aac3   _InitPll
0000ab9c   _InitSci
0000ab53   _InitSciGpio
0000ab5a   _InitSciaGpio
0000ab70   _InitScibGpio
0000ab86   _InitScicGpio
0000ad31   _InitSpi
0000ad40   _InitSpiGpio
0000ace3   _InitSpiaGpio
0000ad09   _InitSpicGpio
0000aaa8   _InitSysCtrl
0000a987   _InitXintf
0000a92f   _InitXintf16Gpio
0000a8e8   _InitXintf32Gpio
0000c061   _Init_i
0000c076   _Init_para_flag
0000c218   _InterPhase
0000c1f6   _Ipcc_Amp
0000c23c   _Iq_N
0000c080   _Iq_WL
0000c182   _K_IA
0000c186   _K_IB
0000c172   _K_IC
0000c198   _K_UA1
0000c19c   _K_UA2
0000c19a   _K_UA3
0000c17e   _K_UAB
0000c18c   _K_UB1
0000c190   _K_UB2
0000c18e   _K_UB3
0000c17c   _K_UBC
0000c1d2   _K_UC1
0000c1ea   _K_UC2
0000c1e6   _K_UC3
0000c09a   _Kp_P2P_Neg
0000c140   _Kp_P2P_Zero
0000c08e   _Kp_UNeg
0000c246   _LS1
0000c242   _LS2
0000c23e   _LS3
0000a8bd   _LUF_ISR
0000a8b3   _LVF_ISR
0000c15c   _LineVolSquare
0000c2f2   _Local_DA
0000c062   _Local_DA_Flag
0000890d   _Local_DC_Process
0000a7b6   _MRINTA_ISR
0000a7a2   _MRINTB_ISR
0000a7c0   _MXINTA_ISR
0000a7ac   _MXINTB_ISR
0000c300   _Main_DA
000086e9   _Main_DA_OUT
00005000   _McbspaRegs
00005040   _McbspbRegs
0000a555   _MemCopy
0000c35e   _MsgBuffer_Receive
0000c34f   _MsgBuffer_Send
0000c064   _NMICount
0000a5eb   _NMI_ISR
0000c014   _Negative
0000c21e   _Omiga
0000c1fe   _Omiga_t
0000c212   _OpenGrid
0000c214   _OuterPhase
00008745   _P2P_Balance_Neg_I
00008823   _P2P_Balance_Neg_U
000088a7   _P2P_Balance_Zero
0000c02a   _P2P_Flag_Neg
0000c027   _P2P_Flag_Zero
0000a8d4   _PIE_RESERVED
0000a56a   _PWM_Initialization
0000c380   _Para1_Intdate
0000c319   _Para1_set
0000c340   _Para2_Intdate
0000c310   _Para2_set
0000c02d   _Para_SET
00009fb1   _Para_set1
0000a168   _Para_set2
0000a296   _Para_set_end
00000ce0   _PieCtrlRegs
00000d00   _PieVectTable
0000e5b6   _PieVectTableInit
0000c1fa   _Q
0000c0fc   _Q_REF
0000c1f8   _Q_start_time
0000a482   _RD_DATA_PROCESS
0000a34b   _RD_EEPROM
0000a5d7   _RTOSINT_ISR
0000c2e4   _Read_control
00009c68   _Read_date
0000c047   _Receive_date_error
0000c02b   _ReceivedChar
0000c068   _Reset_Flag
0000a3e3   _Restore_Factory_Set
0000c019   _Run_Flag
0000c02c   _Run_Stop_Flag
0000a82e   _SCIRXINTA_ISR
0000a842   _SCIRXINTB_ISR
0000a81a   _SCIRXINTC_ISR
0000a838   _SCITXINTA_ISR
0000a84c   _SCITXINTB_ISR
0000a824   _SCITXINTC_ISR
0000a67a   _SEQ1INT_ISR
0000a684   _SEQ2INT_ISR
0000dbb2   _SIN_TABLE
0000a78e   _SPIRXINTA_ISR
0000a798   _SPITXINTA_ISR
00007050   _SciaRegs
00007750   _ScibRegs
00007770   _ScicRegs
0000aab1   _ServiceDog
00008574   _Sin_Value
0000c204   _Sine_m
0000c2a8   _Soft_Protect
00007040   _SpiaRegs
0000c222   _Start_Balance
0000c056   _State_A1
0000c057   _State_A2
0000c054   _State_A3
0000c055   _State_B1
0000c059   _State_B2
0000c05a   _State_B3
0000c058   _State_C1
0000c04f   _State_C2
0000c050   _State_C3
00007010   _SysCtrlRegs
0000c017   _THD_IA
0000c015   _THD_IB
0000c01d   _THD_IC
0000c2dc   _THETA_C
0000c2b4   _THETA_COM_I
0000c2ba   _THETA_COM_I2S2R
0000c2be   _THETA_COM_I_N
0000c2b6   _THETA_COM_U2R2S
0000c2c8   _THETA_COM_U2R2S_Open
0000c2c6   _THETA_C_ab
0000c2d8   _THETA_C_test
0000c2bc   _THETA_Com_PLL
0000c2b8   _THETA_Com_Test
0000c27c   _THETA_IA
0000c260   _THETA_IB
0000c25c   _THETA_IC
0000c136   _THETA_Zero
0000c094   _THETA_neg
0000a6ac   _TINT0_ISR
0000c042   _Ts_Id
0000c043   _Ts_UDC
0000c166   _UA1_pos
0000c16c   _UA2_pos
0000c16a   _UA3_pos
0000c28a   _UABDRF
0000c29e   _UAB_Max
0000c2a0   _UAB_Min
0000c290   _UAB_Pre
0000c1ac   _UAB_Sample
0000c180   _UAB_Z
0000c0fa   _UA_Display
0000c0ae   _UA_P2P
0000c164   _UA_THETA_neg
0000c2d2   _UA_test
0000c160   _UB1_pos
0000c16e   _UB2_pos
0000c154   _UB3_pos
0000c286   _UBCDRF
0000c2d6   _UBC_Max
0000c2b0   _UBC_Min
0000c28c   _UBC_Pre
0000c1ae   _UBC_Sample
0000c184   _UBC_Z
0000c120   _UB_Display
0000c088   _UB_P2P
0000c14c   _UB_THETA_neg
0000c2d4   _UB_test
0000c162   _UC1_pos
0000c168   _UC2_pos
0000c156   _UC3_pos
0000c288   _UCADRF
0000c28e   _UCA_Pre
0000c11e   _UC_Display
0000c096   _UC_P2P
0000c14e   _UC_THETA_neg
0000c2d0   _UC_test
0000c03c   _UDCA1
0000c03b   _UDCA2
0000c04a   _UDCA3
0000c03e   _UDCB1
0000c03d   _UDCB2
0000c04d   _UDCB3
0000c03f   _UDCC1
0000c04b   _UDCC2
0000c04c   _UDCC3
0000c112   _UDCREF
0000c2eb   _UDCREF_Ref
0000c176   _UDC_AR1
0000c178   _UDC_AR2
0000c1ba   _UDC_AR3
0000c1e2   _UDC_Amp
0000c174   _UDC_BR1
0000c170   _UDC_BR2
0000c206   _UDC_BR3
0000c1bc   _UDC_CR1
0000c1b8   _UDC_CR2
0000c1c4   _UDC_CR3
0000c10c   _UDC_Ki
0000c158   _UDC_Kp
0000c12a   _UDC_Max
000080a3   _UDC_PI
000080f1   _UDC_PIA1
0000815c   _UDC_PIA2
000081c2   _UDC_PIB1
00008227   _UDC_PIB2
0000828c   _UDC_PIC1
000082f1   _UDC_PIC2
0000c230   _UDC_PI_integ
0000c0be   _UDC_PI_integ_A1
0000c0ba   _UDC_PI_integ_A2
0000c0c6   _UDC_PI_integ_A3
0000c0c2   _UDC_PI_integ_B1
0000c0ee   _UDC_PI_integ_B2
0000c0ea   _UDC_PI_integ_B3
0000c0f6   _UDC_PI_integ_C1
0000c0f2   _UDC_PI_integ_C2
0000c0de   _UDC_PI_integ_C3
0000c22c   _UDC_PI_out
0000c0b8   _UDC_PI_out_A1
0000c0c4   _UDC_PI_out_A2
0000c0c0   _UDC_PI_out_A3
0000c0ec   _UDC_PI_out_B1
0000c0e8   _UDC_PI_out_B2
0000c0f4   _UDC_PI_out_B3
0000c0f0   _UDC_PI_out_C1
0000c0dc   _UDC_PI_out_C2
0000c0d8   _UDC_PI_out_C3
0000c1b0   _UDC_Rf2
0000c1c6   _UDC_RfA1
0000c1c2   _UDC_RfA2
0000c1a8   _UDC_RfA3
0000c1be   _UDC_RfB1
0000c1c0   _UDC_RfB2
0000c1a4   _UDC_RfB3
0000c1aa   _UDC_RfC1
0000c1a6   _UDC_RfC2
0000c1a0   _UDC_RfC3
0000c19e   _UDC_ZA1
0000c18a   _UDC_ZA2
0000c188   _UDC_ZA3
0000c21a   _UDC_ZB1
0000c1d6   _UDC_ZB2
0000c1d4   _UDC_ZB3
0000c1e8   _UDC_ZC1
0000c1e4   _UDC_ZC2
0000c1e0   _UDC_ZC3
0000c17a   _UDC_ZIA
0000c196   _UDC_ZIB
0000c194   _UDC_ZIC
0000c1b4   _UDC_aver
0000c1a2   _UDC_averA
0000c1b6   _UDC_averB
0000c1b2   _UDC_averC
0000c0b2   _UDC_deltA
0000c276   _UDC_deltA1
0000c272   _UDC_deltA2
0000c26e   _UDC_deltA3
0000c0b0   _UDC_deltB
0000c270   _UDC_deltB1
0000c284   _UDC_deltB2
0000c280   _UDC_deltB3
0000c0b6   _UDC_deltC
0000c282   _UDC_deltC1
0000c27e   _UDC_deltC2
0000c27a   _UDC_deltC3
0000c0ac   _UDC_delt_alpha
0000c0aa   _UDC_delt_beta
0000c22a   _UDC_erro
0000c25e   _UDC_inA1
0000c25a   _UDC_inA2
0000c256   _UDC_inA3
0000c258   _UDC_inB1
0000c26c   _UDC_inB2
0000c268   _UDC_inB3
0000c26a   _UDC_inC1
0000c266   _UDC_inC2
0000c262   _UDC_inC3
0000c0cc   _UDCref_A1
0000c0ce   _UDCref_A2
0000c0c8   _UDCref_A3
0000c0ca   _UDCref_B1
0000c0d4   _UDCref_B2
0000c0d6   _UDCref_B3
0000c0d0   _UDCref_C1
0000c0d2   _UDCref_C2
0000c0bc   _UDCref_C3
0000c2e2   _US
0000a65c   _USER10_ISR
0000a666   _USER11_ISR
0000a670   _USER12_ISR
0000a602   _USER1_ISR
0000a60c   _USER2_ISR
0000a616   _USER3_ISR
0000a620   _USER4_ISR
0000a62a   _USER5_ISR
0000a634   _USER6_ISR
0000a63e   _USER7_ISR
0000a648   _USER8_ISR
0000a652   _USER9_ISR
0000c2de   _US_Display
0000c2e0   _US_Pre
0000c2c0   _US_d
0000c2ca   _US_q
0000c296   _U_ADRF
0000c292   _U_BDRF
0000c294   _U_CDRF
0000c110   _U_FtoI
0000c142   _U_Zero_amp
0000c082   _U_alpha_close
0000c0a2   _U_alpha_close1
0000c2da   _U_alpha_open_after
0000c2cc   _U_alpha_open_pre
0000c035   _U_aout1
0000c033   _U_aout2
0000c034   _U_aout3
0000c086   _U_aout_close
0000c09e   _U_aout_close1
0000c2c4   _U_aout_open
0000c08c   _U_beta_close
0000c0a8   _U_beta_close1
0000c2c2   _U_beta_open_after
0000c2ce   _U_beta_open_pre
0000c031   _U_bout1
0000c032   _U_bout2
0000c03a   _U_bout3
0000c0b4   _U_bout_close
0000c09c   _U_bout_close1
0000c248   _U_bout_open
0000c038   _U_cout1
0000c039   _U_cout2
0000c036   _U_cout3
0000c0a4   _U_cout_close
0000c0a6   _U_cout_close1
0000c244   _U_cout_open
0000c20e   _U_dF
0000c20c   _U_dF1
0000c098   _U_delta_amp
0000c14a   _U_delta_slip
0000c090   _U_dout
0000c150   _U_negU_amp
0000c1fc   _U_neg_Kp
0000c146   _U_neg_amp
0000c20a   _U_qF
0000c208   _U_qF1
0000c084   _U_qout
0000c108   _Ud_Ki
0000c10e   _Ud_Kp
0000c274   _Udc_Ramp
0000c144   _Udc_delta_Ramp
0000c278   _Udc_slip
0000c1f2   _Upcc_Amp
0000c060   _Version_Erro_Sign
0000e6ba   _Version_No
0000a6b6   _WAKEINT_ISR
0000a4b6   _WR_DATA_PROCESS
0000a3a1   _WR_EEPROM
0000a68e   _XINT1_ISR
0000a698   _XINT2_ISR
0000a87e   _XINT3_ISR
0000a888   _XINT4_ISR
0000a892   _XINT5_ISR
0000a89f   _XINT6_ISR
0000a8a9   _XINT7_ISR
00007070   _XIntruptRegs
00008c11   _XNMI_ISR
0000a501   _XNMI_ISR_Init
00000b20   _XintfRegs
00000700   __STACK_END
00000300   __STACK_SIZE
00000001   __TI_args_main
ffffffff   ___binit__
ffffffff   ___c_args__
0000ae80   ___cinit__
0000ae80   ___etext__
ffffffff   ___pinit__
0000975e   ___text__
0000ae3d   __args_main
0000dbac   __cleanup_ptr
0000dbae   __dtors_ptr
0000dbaa   __lock
0000ae77   __nop
0000ae73   __register_lock
0000ae6f   __register_unlock
00000400   __stack
0000dba8   __unlock
0000ae56   _abort
0000c0fe   _alpha
0000c0f8   _belta
0000ad41   _c_int00
0000c02e   _com
0000c02f   _com1
0000c13c   _cosVal
00008cec   _cpu_timer0_isr
0000c067   _delay_Count
0000c069   _delay_PWM
00008685   _delay_t
0000a33f   _delay_t1
0000c05e   _delay_time_AD
0000c05d   _delay_time_DA
0000c066   _delay_time_Main_DA
0000c05b   _delay_time_rcvd
0000c05c   _delay_time_send
0000c32e   _display_date_one
0000c322   _display_date_two
0000c030   _display_flag
0000dbb0   _errno
0000ae58   _exit
0000c001   _filter
0000c004   _graph_Switch
0000c880   _graph_data1
0000d680   _graph_data10
0000d300   _graph_data11
0000ca40   _graph_data12
0000cdc0   _graph_data2
0000cc00   _graph_data3
0000c6c0   _graph_data4
0000cf80   _graph_data5
0000d140   _graph_data6
0000d840   _graph_data7
0000d4c0   _graph_data8
0000da00   _graph_data9
0000c077   _i
0000c220   _ia
0000c21c   _ic
0000c200   _invented_integral
0000c224   _invented_power
0000c000   _m
0000975e   _main
0000c01f   _mmm
0000c078   _n
0000c037   _n_cycle
0000c065   _nobits
0000c202   _omiga_delta
0000c053   _period
0000a8de   _rsvd_ISR
0000c13e   _sinVal
0000add8   _sqrt
ffffffff   binit
0000ae80   cinit
00000000   code_start
0000ae80   etext
ffffffff   pinit


GLOBAL SYMBOLS: SORTED BY Symbol Address 

address    name
--------   ----
00000000   code_start
00000001   __TI_args_main
00000300   __STACK_SIZE
00000400   __stack
00000700   __STACK_END
00000880   _DevEmuRegs
00000a80   _FlashRegs
00000ae0   _CsmRegs
00000b00   _AdcMirror
00000b20   _XintfRegs
00000c00   _CpuTimer0Regs
00000c08   _CpuTimer1Regs
00000c10   _CpuTimer2Regs
00000ce0   _PieCtrlRegs
00000d00   _PieVectTable
00001000   _DmaRegs
00005000   _McbspaRegs
00005040   _McbspbRegs
00006000   _ECanaRegs
00006040   _ECanaLAMRegs
00006080   _ECanaMOTSRegs
000060c0   _ECanaMOTORegs
00006100   _ECanaMboxes
00006200   _ECanbRegs
00006240   _ECanbLAMRegs
00006280   _ECanbMOTSRegs
000062c0   _ECanbMOTORegs
00006300   _ECanbMboxes
00006800   _EPwm1Regs
00006840   _EPwm2Regs
00006880   _EPwm3Regs
000068c0   _EPwm4Regs
00006900   _EPwm5Regs
00006940   _EPwm6Regs
00006a00   _ECap1Regs
00006a20   _ECap2Regs
00006a40   _ECap3Regs
00006a60   _ECap4Regs
00006a80   _ECap5Regs
00006aa0   _ECap6Regs
00006b00   _EQep1Regs
00006b40   _EQep2Regs
00006f80   _GpioCtrlRegs
00006fc0   _GpioDataRegs
00006fe0   _GpioIntRegs
00007010   _SysCtrlRegs
00007040   _SpiaRegs
00007050   _SciaRegs
00007070   _XIntruptRegs
00007100   _AdcRegs
00007750   _ScibRegs
00007770   _ScicRegs
00007900   _I2caRegs
00008000   _Current_PI1
00008054   _Current_PI2
000080a3   _UDC_PI
000080f1   _UDC_PIA1
0000815c   _UDC_PIA2
000081c2   _UDC_PIB1
00008227   _UDC_PIB2
0000828c   _UDC_PIC1
000082f1   _UDC_PIC2
00008356   _ARCTAN
00008493   _CON3S2S
000084d2   _ACON3S2S
00008510   _CON2S2R_W
00008543   _ACON2S2R_W
00008574   _Sin_Value
00008685   _delay_t
00008691   _DA_OUT
000086e9   _Main_DA_OUT
00008729   _InitFlash
00008745   _P2P_Balance_Neg_I
00008823   _P2P_Balance_Neg_U
000088a7   _P2P_Balance_Zero
0000890d   _Local_DC_Process
00008bb8   _DataCheck
00008c11   _XNMI_ISR
00008cec   _cpu_timer0_isr
0000975e   .text
0000975e   ___text__
0000975e   _main
00009b44   _COM_main
00009c68   _Read_date
00009cfd   _Display
00009def   _Display_Para
00009f6b   _Display_Current
00009fb1   _Para_set1
0000a168   _Para_set2
0000a296   _Para_set_end
0000a2c2   _Display_Send_Ready
0000a300   _Display_CON3S2S
0000a33f   _delay_t1
0000a34b   _RD_EEPROM
0000a3a1   _WR_EEPROM
0000a3e3   _Restore_Factory_Set
0000a482   _RD_DATA_PROCESS
0000a4b6   _WR_DATA_PROCESS
0000a4f4   _DA_Initialization
0000a501   _XNMI_ISR_Init
0000a51f   _InitInterrupts
0000a555   _MemCopy
0000a56a   _PWM_Initialization
0000a5b6   _INT13_ISR
0000a5c3   _INT14_ISR
0000a5cd   _DATALOG_ISR
0000a5d7   _RTOSINT_ISR
0000a5e1   _EMUINT_ISR
0000a5eb   _NMI_ISR
0000a5f5   _ILLEGAL_ISR
0000a602   _USER1_ISR
0000a60c   _USER2_ISR
0000a616   _USER3_ISR
0000a620   _USER4_ISR
0000a62a   _USER5_ISR
0000a634   _USER6_ISR
0000a63e   _USER7_ISR
0000a648   _USER8_ISR
0000a652   _USER9_ISR
0000a65c   _USER10_ISR
0000a666   _USER11_ISR
0000a670   _USER12_ISR
0000a67a   _SEQ1INT_ISR
0000a684   _SEQ2INT_ISR
0000a68e   _XINT1_ISR
0000a698   _XINT2_ISR
0000a6a2   _ADCINT_ISR
0000a6ac   _TINT0_ISR
0000a6b6   _WAKEINT_ISR
0000a6c0   _EPWM1_TZINT_ISR
0000a6ca   _EPWM2_TZINT_ISR
0000a6d4   _EPWM3_TZINT_ISR
0000a6de   _EPWM4_TZINT_ISR
0000a6e8   _EPWM5_TZINT_ISR
0000a6f2   _EPWM6_TZINT_ISR
0000a6fc   _EPWM1_INT_ISR
0000a709   _EPWM2_INT_ISR
0000a713   _EPWM3_INT_ISR
0000a71d   _EPWM4_INT_ISR
0000a72a   _EPWM5_INT_ISR
0000a734   _EPWM6_INT_ISR
0000a73e   _ECAP1_INT_ISR
0000a748   _ECAP2_INT_ISR
0000a752   _ECAP3_INT_ISR
0000a75c   _ECAP4_INT_ISR
0000a766   _ECAP5_INT_ISR
0000a770   _ECAP6_INT_ISR
0000a77a   _EQEP1_INT_ISR
0000a784   _EQEP2_INT_ISR
0000a78e   _SPIRXINTA_ISR
0000a798   _SPITXINTA_ISR
0000a7a2   _MRINTB_ISR
0000a7ac   _MXINTB_ISR
0000a7b6   _MRINTA_ISR
0000a7c0   _MXINTA_ISR
0000a7ca   _DINTCH1_ISR
0000a7d4   _DINTCH2_ISR
0000a7de   _DINTCH3_ISR
0000a7e8   _DINTCH4_ISR
0000a7f2   _DINTCH5_ISR
0000a7fc   _DINTCH6_ISR
0000a806   _I2CINT1A_ISR
0000a810   _I2CINT2A_ISR
0000a81a   _SCIRXINTC_ISR
0000a824   _SCITXINTC_ISR
0000a82e   _SCIRXINTA_ISR
0000a838   _SCITXINTA_ISR
0000a842   _SCIRXINTB_ISR
0000a84c   _SCITXINTB_ISR
0000a856   _ECAN0INTA_ISR
0000a860   _ECAN1INTA_ISR
0000a86a   _ECAN0INTB_ISR
0000a874   _ECAN1INTB_ISR
0000a87e   _XINT3_ISR
0000a888   _XINT4_ISR
0000a892   _XINT5_ISR
0000a89f   _XINT6_ISR
0000a8a9   _XINT7_ISR
0000a8b3   _LVF_ISR
0000a8bd   _LUF_ISR
0000a8c7   _EMPTY_ISR
0000a8d4   _PIE_RESERVED
0000a8de   _rsvd_ISR
0000a8e8   _InitXintf32Gpio
0000a92f   _InitXintf16Gpio
0000a987   _InitXintf
0000a9ee   _InitGpio
0000aaa8   _InitSysCtrl
0000aab1   _ServiceDog
0000aabb   _DisableDog
0000aac3   _InitPll
0000aaf8   _InitPeripheralClocks
0000ab53   _InitSciGpio
0000ab5a   _InitSciaGpio
0000ab70   _InitScibGpio
0000ab86   _InitScicGpio
0000ab9c   _InitSci
0000abe1   FS$$DIV
0000ac69   _InitCpuTimers0
0000ac7e   _InitCpuTimers1
0000ac93   _InitCpuTimers2
0000aca8   _ConfigCpuTimer
0000ace3   _InitSpiaGpio
0000ad09   _InitSpicGpio
0000ad31   _InitSpi
0000ad40   _InitSpiGpio
0000ad41   _c_int00
0000ad87   _InitI2C
0000ad99   _InitI2CGpio
0000adaf   _InitPieCtrl
0000adce   _EnableInterrupts
0000add8   _sqrt
0000adfb   I$$DIV
0000ae0c   I$$MOD
0000ae1d   _InitPieVectTable
0000ae3d   __args_main
0000ae56   C$$EXIT
0000ae56   _abort
0000ae58   _exit
0000ae6f   __register_unlock
0000ae73   __register_lock
0000ae77   __nop
0000ae80   ___cinit__
0000ae80   ___etext__
0000ae80   cinit
0000ae80   etext
0000c000   _m
0000c001   _filter
0000c002   _COM_IH3_RATE
0000c003   _GraphID
0000c004   _graph_Switch
0000c005   _COM_Tu
0000c006   _COM_Ua
0000c007   _COM_ki
0000c008   _COM_Udb
0000c009   _COM_Kp
0000c00a   _COM_IHB_RATE
0000c00b   _COM_UDC_Max
0000c00c   _C_way
0000c00d   _COM_EXT_count
0000c00e   _COM_ALL_rate
0000c00f   _COM_IH2_RATE
0000c010   _COM_IH3
0000c011   _COM_IH1_RATE
0000c012   _COM_IH2
0000c013   _COM_IH1
0000c014   _Negative
0000c015   _THD_IB
0000c016   _COM_I0
0000c017   _THD_IA
0000c018   _COM_IC
0000c019   _Run_Flag
0000c01a   _ERROR_flag
0000c01b   _COM_Udc
0000c01c   _INRL_data
0000c01d   _THD_IC
0000c01e   _COM_U
0000c01f   _mmm
0000c020   _COM_Iz
0000c021   _COM_Uz
0000c022   _COM_Ti
0000c023   _COM_IA
0000c024   _COM_IB
0000c025   _COM_UBC
0000c026   _COM_UCA
0000c027   _P2P_Flag_Zero
0000c028   _CloseLoop_Grid
0000c029   _InPhase_Flag
0000c02a   _P2P_Flag_Neg
0000c02b   _ReceivedChar
0000c02c   _Run_Stop_Flag
0000c02d   _Para_SET
0000c02e   _com
0000c02f   _com1
0000c030   _display_flag
0000c031   _U_bout1
0000c032   _U_bout2
0000c033   _U_aout2
0000c034   _U_aout3
0000c035   _U_aout1
0000c036   _U_cout3
0000c037   _n_cycle
0000c038   _U_cout1
0000c039   _U_cout2
0000c03a   _U_bout3
0000c03b   _UDCA2
0000c03c   _UDCA1
0000c03d   _UDCB2
0000c03e   _UDCB1
0000c03f   _UDCC1
0000c040   _COM_Ih_max
0000c041   _COM_UAB
0000c042   _Ts_Id
0000c043   _Ts_UDC
0000c044   _DC_Step
0000c045   _C_data_count2
0000c046   _C_data_count3
0000c047   _Receive_date_error
0000c048   _C_data_count1
0000c049   _Fault_flag
0000c04a   _UDCA3
0000c04b   _UDCC2
0000c04c   _UDCC3
0000c04d   _UDCB3
0000c04e   _COM_UDCREF
0000c04f   _State_C2
0000c050   _State_C3
0000c051   _DA_Switch
0000c052   _CpuTimer0Count
0000c053   _period
0000c054   _State_A3
0000c055   _State_B1
0000c056   _State_A1
0000c057   _State_A2
0000c058   _State_C1
0000c059   _State_B2
0000c05a   _State_B3
0000c05b   _delay_time_rcvd
0000c05c   _delay_time_send
0000c05d   _delay_time_DA
0000c05e   _delay_time_AD
0000c05f   _EEPROM_No_WRed_Sign
0000c060   _Version_Erro_Sign
0000c061   _Init_i
0000c062   _Local_DA_Flag
0000c063   _DataCheck_Flag
0000c064   _NMICount
0000c065   _nobits
0000c066   _delay_time_Main_DA
0000c067   _delay_Count
0000c068   _Reset_Flag
0000c069   _delay_PWM
0000c06a   _Data_Check_A3
0000c06b   _Data_Check_A2
0000c06c   _Data_Check_B1
0000c06d   _Data_Check_B3
0000c06e   _Data_Check_B2
0000c06f   _DA2
0000c070   _DA1
0000c071   _DA3
0000c072   _Data_Check_A1
0000c073   _DA_Signal
0000c074   _Current_flag
0000c075   _Factory_Flag
0000c076   _Init_para_flag
0000c077   _i
0000c078   _n
0000c079   _Data_Check_C2
0000c07a   _Data_Check_C1
0000c07b   _Data_Check_C3
0000c07c   _EEPROM_Compare
0000c07d   _Chose_angle
0000c07e   _DA0
0000c07f   _BiCount
0000c080   _Iq_WL
0000c082   _U_alpha_close
0000c084   _U_qout
0000c086   _U_aout_close
0000c088   _UB_P2P
0000c08a   _Id_WL
0000c08c   _U_beta_close
0000c08e   _Kp_UNeg
0000c090   _U_dout
0000c092   _Curr_PI2_out
0000c094   _THETA_neg
0000c096   _UC_P2P
0000c098   _U_delta_amp
0000c09a   _Kp_P2P_Neg
0000c09c   _U_bout_close1
0000c09e   _U_aout_close1
0000c0a0   _Balance_Start_Time
0000c0a2   _U_alpha_close1
0000c0a4   _U_cout_close
0000c0a6   _U_cout_close1
0000c0a8   _U_beta_close1
0000c0aa   _UDC_delt_beta
0000c0ac   _UDC_delt_alpha
0000c0ae   _UA_P2P
0000c0b0   _UDC_deltB
0000c0b2   _UDC_deltA
0000c0b4   _U_bout_close
0000c0b6   _UDC_deltC
0000c0b8   _UDC_PI_out_A1
0000c0ba   _UDC_PI_integ_A2
0000c0bc   _UDCref_C3
0000c0be   _UDC_PI_integ_A1
0000c0c0   _UDC_PI_out_A3
0000c0c2   _UDC_PI_integ_B1
0000c0c4   _UDC_PI_out_A2
0000c0c6   _UDC_PI_integ_A3
0000c0c8   _UDCref_A3
0000c0ca   _UDCref_B1
0000c0cc   _UDCref_A1
0000c0ce   _UDCref_A2
0000c0d0   _UDCref_C1
0000c0d2   _UDCref_C2
0000c0d4   _UDCref_B2
0000c0d6   _UDCref_B3
0000c0d8   _UDC_PI_out_C3
0000c0da   _I_derror
0000c0dc   _UDC_PI_out_C2
0000c0de   _UDC_PI_integ_C3
0000c0e0   _Curr_PI2_integ
0000c0e2   _Curr_PI1_out
0000c0e4   _I_qerror
0000c0e6   _Curr_PI1_integ
0000c0e8   _UDC_PI_out_B2
0000c0ea   _UDC_PI_integ_B3
0000c0ec   _UDC_PI_out_B1
0000c0ee   _UDC_PI_integ_B2
0000c0f0   _UDC_PI_out_C1
0000c0f2   _UDC_PI_integ_C2
0000c0f4   _UDC_PI_out_B3
0000c0f6   _UDC_PI_integ_C1
0000c0f8   _belta
0000c0fa   _UA_Display
0000c0fc   _Q_REF
0000c0fe   _alpha
0000c100   _DC_C1
0000c102   _DC_B3
0000c104   _DC_C3
0000c106   _DC_C2
0000c108   _Ud_Ki
0000c10a   _BiMinInitial
0000c10c   _UDC_Ki
0000c10e   _Ud_Kp
0000c110   _U_FtoI
0000c112   _UDCREF
0000c114   _BiMaxInitial
0000c116   _ADC_IB
0000c118   _ADC_IA
0000c11a   _ADC_VA
0000c11c   _ADC_IC
0000c11e   _UC_Display
0000c120   _UB_Display
0000c122   _DisplayLS2
0000c124   _DisplayLS1
0000c126   _DC_B1
0000c128   _DC_A3
0000c12a   _UDC_Max
0000c12c   _DC_B2
0000c12e   _ADC_VC
0000c130   _ADC_VB
0000c132   _DC_A2
0000c134   _IC_THETA_neg
0000c136   _THETA_Zero
0000c138   _IA_THETA_neg
0000c13a   _IB_THETA_neg
0000c13c   _cosVal
0000c13e   _sinVal
0000c140   _Kp_P2P_Zero
0000c142   _U_Zero_amp
0000c144   _Udc_delta_Ramp
0000c146   _U_neg_amp
0000c148   _In_slip
0000c14a   _U_delta_slip
0000c14c   _UB_THETA_neg
0000c14e   _UC_THETA_neg
0000c150   _U_negU_amp
0000c152   _COM_Udc1
0000c154   _UB3_pos
0000c156   _UC3_pos
0000c158   _UDC_Kp
0000c15a   _DC_A1
0000c15c   _LineVolSquare
0000c15e   _BiVari
0000c160   _UB1_pos
0000c162   _UC1_pos
0000c164   _UA_THETA_neg
0000c166   _UA1_pos
0000c168   _UC2_pos
0000c16a   _UA3_pos
0000c16c   _UA2_pos
0000c16e   _UB2_pos
0000c170   _UDC_BR2
0000c172   _K_IC
0000c174   _UDC_BR1
0000c176   _UDC_AR1
0000c178   _UDC_AR2
0000c17a   _UDC_ZIA
0000c17c   _K_UBC
0000c17e   _K_UAB
0000c180   _UAB_Z
0000c182   _K_IA
0000c184   _UBC_Z
0000c186   _K_IB
0000c188   _UDC_ZA3
0000c18a   _UDC_ZA2
0000c18c   _K_UB1
0000c18e   _K_UB3
0000c190   _K_UB2
0000c192   _Count
0000c194   _UDC_ZIC
0000c196   _UDC_ZIB
0000c198   _K_UA1
0000c19a   _K_UA3
0000c19c   _K_UA2
0000c19e   _UDC_ZA1
0000c1a0   _UDC_RfC3
0000c1a2   _UDC_averA
0000c1a4   _UDC_RfB3
0000c1a6   _UDC_RfC2
0000c1a8   _UDC_RfA3
0000c1aa   _UDC_RfC1
0000c1ac   _UAB_Sample
0000c1ae   _UBC_Sample
0000c1b0   _UDC_Rf2
0000c1b2   _UDC_averC
0000c1b4   _UDC_aver
0000c1b6   _UDC_averB
0000c1b8   _UDC_CR2
0000c1ba   _UDC_AR3
0000c1bc   _UDC_CR1
0000c1be   _UDC_RfB1
0000c1c0   _UDC_RfB2
0000c1c2   _UDC_RfA2
0000c1c4   _UDC_CR3
0000c1c6   _UDC_RfA1
0000c1c8   _DA_Current_dq
0000c1ca   _DA_Voltage_neg
0000c1cc   _DA_InterPhase
0000c1ce   _DA_Phase
0000c1d0   _DA_OutPhase
0000c1d2   _K_UC1
0000c1d4   _UDC_ZB3
0000c1d6   _UDC_ZB2
0000c1d8   _DA_Phase_PLL
0000c1da   _DA_Voltage_B
0000c1dc   _DA_Voltage_C
0000c1de   _DA_Voltage_A
0000c1e0   _UDC_ZC3
0000c1e2   _UDC_Amp
0000c1e4   _UDC_ZC2
0000c1e6   _K_UC3
0000c1e8   _UDC_ZC1
0000c1ea   _K_UC2
0000c1ec   _DA_Current
0000c1ee   _DA_Voltage
0000c1f0   _Balance
0000c1f2   _Upcc_Amp
0000c1f4   _General_Protect
0000c1f6   _Ipcc_Amp
0000c1f8   _Q_start_time
0000c1fa   _Q
0000c1fc   _U_neg_Kp
0000c1fe   _Omiga_t
0000c200   _invented_integral
0000c202   _omiga_delta
0000c204   _Sine_m
0000c206   _UDC_BR3
0000c208   _U_qF1
0000c20a   _U_qF
0000c20c   _U_dF1
0000c20e   _U_dF
0000c210   _InOuterPhase
0000c212   _OpenGrid
0000c214   _OuterPhase
0000c216   _CloseGrid
0000c218   _InterPhase
0000c21a   _UDC_ZB1
0000c21c   _ic
0000c21e   _Omiga
0000c220   _ia
0000c222   _Start_Balance
0000c224   _invented_power
0000c226   _Id_p
0000c228   _Id_N
0000c22a   _UDC_erro
0000c22c   _UDC_PI_out
0000c22e   _Idref
0000c230   _UDC_PI_integ
0000c232   _Ialpha_N
0000c234   _Ibeta_N
0000c236   _IC_P2P
0000c238   _IA_P2P
0000c23a   _IB_P2P
0000c23c   _Iq_N
0000c23e   _LS3
0000c240   _I_alpha
0000c242   _LS2
0000c244   _U_cout_open
0000c246   _LS1
0000c248   _U_bout_open
0000c24a   _I_q
0000c24c   _I_amp
0000c24e   _I_d
0000c250   _I_d_Pre
0000c252   _I_q_Pre
0000c254   _I_beta
0000c256   _UDC_inA3
0000c258   _UDC_inB1
0000c25a   _UDC_inA2
0000c25c   _THETA_IC
0000c25e   _UDC_inA1
0000c260   _THETA_IB
0000c262   _UDC_inC3
0000c264   _In_Ramp
0000c266   _UDC_inC2
0000c268   _UDC_inB3
0000c26a   _UDC_inC1
0000c26c   _UDC_inB2
0000c26e   _UDC_deltA3
0000c270   _UDC_deltB1
0000c272   _UDC_deltA2
0000c274   _Udc_Ramp
0000c276   _UDC_deltA1
0000c278   _Udc_slip
0000c27a   _UDC_deltC3
0000c27c   _THETA_IA
0000c27e   _UDC_deltC2
0000c280   _UDC_deltB3
0000c282   _UDC_deltC1
0000c284   _UDC_deltB2
0000c286   _UBCDRF
0000c288   _UCADRF
0000c28a   _UABDRF
0000c28c   _UBC_Pre
0000c28e   _UCA_Pre
0000c290   _UAB_Pre
0000c292   _U_BDRF
0000c294   _U_CDRF
0000c296   _U_ADRF
0000c298   _IBSVG
0000c29a   _ICSVG
0000c29c   _IASVG
0000c29e   _UAB_Max
0000c2a0   _UAB_Min
0000c2a2   _ICSVG_Sample
0000c2a4   _IASVG_Sample
0000c2a6   _IBSVG_Sample
0000c2a8   _Soft_Protect
0000c2aa   _ICSVG_Max
0000c2ac   _ICSVG_Min
0000c2ae   _IASVG_Min
0000c2b0   _UBC_Min
0000c2b2   _IASVG_Max
0000c2b4   _THETA_COM_I
0000c2b6   _THETA_COM_U2R2S
0000c2b8   _THETA_Com_Test
0000c2ba   _THETA_COM_I2S2R
0000c2bc   _THETA_Com_PLL
0000c2be   _THETA_COM_I_N
0000c2c0   _US_d
0000c2c2   _U_beta_open_after
0000c2c4   _U_aout_open
0000c2c6   _THETA_C_ab
0000c2c8   _THETA_COM_U2R2S_Open
0000c2ca   _US_q
0000c2cc   _U_alpha_open_pre
0000c2ce   _U_beta_open_pre
0000c2d0   _UC_test
0000c2d2   _UA_test
0000c2d4   _UB_test
0000c2d6   _UBC_Max
0000c2d8   _THETA_C_test
0000c2da   _U_alpha_open_after
0000c2dc   _THETA_C
0000c2de   _US_Display
0000c2e0   _US_Pre
0000c2e2   _US
0000c2e4   _Read_control
0000c2eb   _UDCREF_Ref
0000c2f2   _Local_DA
0000c300   _Main_DA
0000c308   _DA_Test
0000c310   _Para2_set
0000c319   _Para1_set
0000c322   _display_date_two
0000c32e   _display_date_one
0000c340   _Para2_Intdate
0000c34f   _MsgBuffer_Send
0000c35e   _MsgBuffer_Receive
0000c380   _Para1_Intdate
0000c394   _Com_date
0000c3c0   _Current_IA
0000c4c0   _Current_IB
0000c5c0   _Current_IC
0000c6c0   _graph_data4
0000c880   _graph_data1
0000ca40   _graph_data12
0000cc00   _graph_data3
0000cdc0   _graph_data2
0000cf80   _graph_data5
0000d140   _graph_data6
0000d300   _graph_data11
0000d4c0   _graph_data8
0000d680   _graph_data10
0000d840   _graph_data7
0000da00   _graph_data9
0000db90   _CpuTimer1
0000db98   _CpuTimer2
0000dba0   _CpuTimer0
0000dba8   __unlock
0000dbaa   __lock
0000dbac   __cleanup_ptr
0000dbae   __dtors_ptr
0000dbb0   _errno
0000dbb2   _SIN_TABLE
0000e3b4   _ARCTG_TABLE
0000e5b6   _PieVectTableInit
0000e6ba   _Version_No
0033fff8   _CsmPwl
00380080   _ADC_cal
ffffffff   ___binit__
ffffffff   ___c_args__
ffffffff   ___pinit__
ffffffff   binit
ffffffff   pinit

[708 symbols]
