******************************************************************************
             TMS320C2000 Linker PC v6.1.3                      
******************************************************************************
>> Linked Fri Nov 21 20:25:12 2014

OUTPUT FILE NAME:   <svg_fault_time.out>
ENTRY POINT SYMBOL: "_c_int00"  address: 00009779


MEMORY CONFIGURATION

         name            origin    length      used     unused   attr    fill
----------------------  --------  ---------  --------  --------  ----  --------
PAGE 0:
  BEGIN                 00000000   00000002  00000002  00000000  RWIX
  BOOT_RSVD             00000002   0000004e  00000000  0000004e  RWIX
  RAMM0                 00000050   000003b0  00000000  000003b0  RWIX
  RAML                  00008000   00004000  000029ee  00001612  RWIX
  CSM_RSVD              0033ff80   00000076  00000000  00000076  RWIX
  CSM_PWL               0033fff8   00000008  00000000  00000008  RWIX
  ADC_CAL               00380080   00000009  00000007  00000002  RWIX
  IQTABLES              003fe000   00000b50  00000000  00000b50  RWIX
  IQTABLES2             003feb50   0000008c  00000000  0000008c  RWIX
  FPUTABLES             003febdc   000006a0  00000000  000006a0  RWIX
  BOOTROM               003ff27c   00000d44  00000000  00000d44  RWIX
  RESET                 003fffc0   00000002  00000000  00000002  RWIX

PAGE 1:
  RAMM1                 00000400   00000400  00000300  00000100  RWIX
  DEV_EMU               00000880   00000180  000000d0  000000b0  RWIX
  FLASH_REGS            00000a80   00000060  00000008  00000058  RWIX
  CSM                   00000ae0   00000010  00000010  00000000  RWIX
  ADC_MIRROR            00000b00   00000010  00000010  00000000  RWIX
  XINTF                 00000b20   00000020  0000001e  00000002  RWIX
  CPU_TIMER0            00000c00   00000008  00000008  00000000  RWIX
  CPU_TIMER1            00000c08   00000008  00000008  00000000  RWIX
  CPU_TIMER2            00000c10   00000008  00000008  00000000  RWIX
  PIE_CTRL              00000ce0   00000020  0000001a  00000006  RWIX
  PIE_VECT              00000d00   00000100  00000100  00000000  RWIX
  DMA                   00001000   00000200  000000e0  00000120  RWIX
  ZONE0                 00004000   00001000  00000000  00001000  RWIX
  MCBSPA                00005000   00000040  00000025  0000001b  RWIX
  MCBSPB                00005040   00000040  00000025  0000001b  RWIX
  ECANA                 00006000   00000040  00000034  0000000c  RWIX
  ECANA_LAM             00006040   00000040  00000040  00000000  RWIX
  ECANA_MOTS            00006080   00000040  00000040  00000000  RWIX
  ECANA_MOTO            000060c0   00000040  00000040  00000000  RWIX
  ECANA_MBOX            00006100   00000100  00000100  00000000  RWIX
  ECANB                 00006200   00000040  00000034  0000000c  RWIX
  ECANB_LAM             00006240   00000040  00000040  00000000  RWIX
  ECANB_MOTS            00006280   00000040  00000040  00000000  RWIX
  ECANB_MOTO            000062c0   00000040  00000040  00000000  RWIX
  ECANB_MBOX            00006300   00000100  00000100  00000000  RWIX
  EPWM1                 00006800   00000022  00000022  00000000  RWIX
  EPWM2                 00006840   00000022  00000022  00000000  RWIX
  EPWM3                 00006880   00000022  00000022  00000000  RWIX
  EPWM4                 000068c0   00000022  00000022  00000000  RWIX
  EPWM5                 00006900   00000022  00000022  00000000  RWIX
  EPWM6                 00006940   00000022  00000022  00000000  RWIX
  ECAP1                 00006a00   00000020  00000020  00000000  RWIX
  ECAP2                 00006a20   00000020  00000020  00000000  RWIX
  ECAP3                 00006a40   00000020  00000020  00000000  RWIX
  ECAP4                 00006a60   00000020  00000020  00000000  RWIX
  ECAP5                 00006a80   00000020  00000020  00000000  RWIX
  ECAP6                 00006aa0   00000020  00000020  00000000  RWIX
  EQEP1                 00006b00   00000040  00000040  00000000  RWIX
  EQEP2                 00006b40   00000040  00000040  00000000  RWIX
  GPIOCTRL              00006f80   00000040  0000002e  00000012  RWIX
  GPIODAT               00006fc0   00000020  00000020  00000000  RWIX
  GPIOINT               00006fe0   00000020  0000000a  00000016  RWIX
  SYSTEM                00007010   00000020  00000020  00000000  RWIX
  SPIA                  00007040   00000010  00000010  00000000  RWIX
  SCIA                  00007050   00000010  00000010  00000000  RWIX
  XINTRUPT              00007070   00000010  00000010  00000000  RWIX
  ADC                   00007100   00000020  0000001e  00000002  RWIX
  SCIB                  00007750   00000010  00000010  00000000  RWIX
  SCIC                  00007770   00000010  00000010  00000000  RWIX
  I2CA                  00007900   00000040  00000022  0000001e  RWIX
  RAML4                 0000c000   00004000  00002679  00001987  RWIX
  ZONE6                 00100000   00040000  00000000  00040000  RWIX
  ZONE7                 00200000   00100000  00000000  00100000  RWIX
  CSM_PWL               0033fff8   00000008  00000008  00000000  RWIX


SECTION ALLOCATION MAP

 output                                  attributes/
section   page    origin      length       input sections
--------  ----  ----------  ----------   ----------------
codestart 
*          0    00000000    00000002     
                  00000000    00000002     DSP2833x_CodeStartBranch.obj (codestart)

.pinit     0    00008000    00000000     UNINITIALIZED

.text      0    00008000    00001894     
                  00008000    00000fee     F28335A_main.obj (.text)
                  00008fee    00000332     DSP2833x_DefaultIsr.obj (.text:retain)
                  00009320    00000106     DSP2833x_Xintf.obj (.text)
                  00009426    000000ba     DSP2833x_Gpio.obj (.text)
                  000094e0    000000ab     DSP2833x_SysInit.obj (.text)
                  0000958b    0000008e     DSP2833x_Sci.obj (.text)
                  00009619    00000088     rts2800_fpu32.lib : fs_div.obj (.text)
                  000096a1    0000007a     DSP2833x_CpuTimers.obj (.text)
                  0000971b    0000005e     DSP2833x_Spi.obj (.text)
                  00009779    00000046     rts2800_fpu32.lib : boot.obj (.text)
                  000097bf    00000028     DSP2833x_I2C.obj (.text)
                  000097e7    00000028     DSP2833x_PieCtrl.obj (.text)
                  0000980f    00000022     rts2800_fpu32.lib : i_div.obj (.text)
                  00009831    00000020     DSP2833x_PieVect.obj (.text)
                  00009851    00000019     rts2800_fpu32.lib : args_main.obj (.text)
                  0000986a    00000019                       : exit.obj (.text)
                  00009883    00000009                       : _lock.obj (.text)
                  0000988c    00000008     DSP2833x_CodeStartBranch.obj (.text)

ramfuncs   0    00009894    00000a2b     
                  00009894    00000537     F28335A_main.obj (ramfuncs:retain)
                  00009dcb    000004f4     F28335A_main.obj (ramfuncs)

.cinit     0    0000a2bf    0000072f     
                  0000a2bf    00000719     F28335A_main.obj (.cinit)
                  0000a9d8    0000000a     rts2800_fpu32.lib : _lock.obj (.cinit)
                  0000a9e2    0000000a                       : exit.obj (.cinit)
                  0000a9ec    00000002     --HOLE-- [fill = 0]

csm_rsvd   0    0033ff80    00000000     DSECT

csmpasswds 
*          0    0033fff8    00000000     DSECT

.adc_cal   0    00380080    00000007     NOLOAD SECTION
                  00380080    00000007     DSP2833x_ADC_cal.obj (.adc_cal)

.reset     0    003fffc0    00000002     DSECT
                  003fffc0    00000002     rts2800_fpu32.lib : boot.obj (.reset)

.stack     1    00000400    00000300     UNINITIALIZED
                  00000400    00000300     --HOLE--

DevEmuRegsFile 
*          1    00000880    000000d0     UNINITIALIZED
                  00000880    000000d0     DSP2833x_GlobalVariableDefs.obj (DevEmuRegsFile)

FlashRegsFile 
*          1    00000a80    00000008     UNINITIALIZED
                  00000a80    00000008     DSP2833x_GlobalVariableDefs.obj (FlashRegsFile)

CsmRegsFile 
*          1    00000ae0    00000010     UNINITIALIZED
                  00000ae0    00000010     DSP2833x_GlobalVariableDefs.obj (CsmRegsFile)

AdcMirrorFile 
*          1    00000b00    00000010     UNINITIALIZED
                  00000b00    00000010     DSP2833x_GlobalVariableDefs.obj (AdcMirrorFile)

XintfRegsFile 
*          1    00000b20    0000001e     UNINITIALIZED
                  00000b20    0000001e     DSP2833x_GlobalVariableDefs.obj (XintfRegsFile)

CpuTimer0RegsFile 
*          1    00000c00    00000008     UNINITIALIZED
                  00000c00    00000008     DSP2833x_GlobalVariableDefs.obj (CpuTimer0RegsFile)

CpuTimer1RegsFile 
*          1    00000c08    00000008     UNINITIALIZED
                  00000c08    00000008     DSP2833x_GlobalVariableDefs.obj (CpuTimer1RegsFile)

CpuTimer2RegsFile 
*          1    00000c10    00000008     UNINITIALIZED
                  00000c10    00000008     DSP2833x_GlobalVariableDefs.obj (CpuTimer2RegsFile)

PieCtrlRegsFile 
*          1    00000ce0    0000001a     UNINITIALIZED
                  00000ce0    0000001a     DSP2833x_GlobalVariableDefs.obj (PieCtrlRegsFile)

PieVectTableFile 
*          1    00000d00    00000100     UNINITIALIZED
                  00000d00    00000100     DSP2833x_GlobalVariableDefs.obj (PieVectTableFile)

DmaRegsFile 
*          1    00001000    000000e0     UNINITIALIZED
                  00001000    000000e0     DSP2833x_GlobalVariableDefs.obj (DmaRegsFile)

McbspaRegsFile 
*          1    00005000    00000025     UNINITIALIZED
                  00005000    00000025     DSP2833x_GlobalVariableDefs.obj (McbspaRegsFile)

McbspbRegsFile 
*          1    00005040    00000025     UNINITIALIZED
                  00005040    00000025     DSP2833x_GlobalVariableDefs.obj (McbspbRegsFile)

ECanaRegsFile 
*          1    00006000    00000034     UNINITIALIZED
                  00006000    00000034     DSP2833x_GlobalVariableDefs.obj (ECanaRegsFile)

ECanaLAMRegsFile 
*          1    00006040    00000040     UNINITIALIZED
                  00006040    00000040     DSP2833x_GlobalVariableDefs.obj (ECanaLAMRegsFile)

ECanaMOTSRegsFile 
*          1    00006080    00000040     UNINITIALIZED
                  00006080    00000040     DSP2833x_GlobalVariableDefs.obj (ECanaMOTSRegsFile)

ECanaMOTORegsFile 
*          1    000060c0    00000040     UNINITIALIZED
                  000060c0    00000040     DSP2833x_GlobalVariableDefs.obj (ECanaMOTORegsFile)

ECanaMboxesFile 
*          1    00006100    00000100     UNINITIALIZED
                  00006100    00000100     DSP2833x_GlobalVariableDefs.obj (ECanaMboxesFile)

ECanbRegsFile 
*          1    00006200    00000034     UNINITIALIZED
                  00006200    00000034     DSP2833x_GlobalVariableDefs.obj (ECanbRegsFile)

ECanbLAMRegsFile 
*          1    00006240    00000040     UNINITIALIZED
                  00006240    00000040     DSP2833x_GlobalVariableDefs.obj (ECanbLAMRegsFile)

ECanbMOTSRegsFile 
*          1    00006280    00000040     UNINITIALIZED
                  00006280    00000040     DSP2833x_GlobalVariableDefs.obj (ECanbMOTSRegsFile)

ECanbMOTORegsFile 
*          1    000062c0    00000040     UNINITIALIZED
                  000062c0    00000040     DSP2833x_GlobalVariableDefs.obj (ECanbMOTORegsFile)

ECanbMboxesFile 
*          1    00006300    00000100     UNINITIALIZED
                  00006300    00000100     DSP2833x_GlobalVariableDefs.obj (ECanbMboxesFile)

EPwm1RegsFile 
*          1    00006800    00000022     UNINITIALIZED
                  00006800    00000022     DSP2833x_GlobalVariableDefs.obj (EPwm1RegsFile)

EPwm2RegsFile 
*          1    00006840    00000022     UNINITIALIZED
                  00006840    00000022     DSP2833x_GlobalVariableDefs.obj (EPwm2RegsFile)

EPwm3RegsFile 
*          1    00006880    00000022     UNINITIALIZED
                  00006880    00000022     DSP2833x_GlobalVariableDefs.obj (EPwm3RegsFile)

EPwm4RegsFile 
*          1    000068c0    00000022     UNINITIALIZED
                  000068c0    00000022     DSP2833x_GlobalVariableDefs.obj (EPwm4RegsFile)

EPwm5RegsFile 
*          1    00006900    00000022     UNINITIALIZED
                  00006900    00000022     DSP2833x_GlobalVariableDefs.obj (EPwm5RegsFile)

EPwm6RegsFile 
*          1    00006940    00000022     UNINITIALIZED
                  00006940    00000022     DSP2833x_GlobalVariableDefs.obj (EPwm6RegsFile)

ECap1RegsFile 
*          1    00006a00    00000020     UNINITIALIZED
                  00006a00    00000020     DSP2833x_GlobalVariableDefs.obj (ECap1RegsFile)

ECap2RegsFile 
*          1    00006a20    00000020     UNINITIALIZED
                  00006a20    00000020     DSP2833x_GlobalVariableDefs.obj (ECap2RegsFile)

ECap3RegsFile 
*          1    00006a40    00000020     UNINITIALIZED
                  00006a40    00000020     DSP2833x_GlobalVariableDefs.obj (ECap3RegsFile)

ECap4RegsFile 
*          1    00006a60    00000020     UNINITIALIZED
                  00006a60    00000020     DSP2833x_GlobalVariableDefs.obj (ECap4RegsFile)

ECap5RegsFile 
*          1    00006a80    00000020     UNINITIALIZED
                  00006a80    00000020     DSP2833x_GlobalVariableDefs.obj (ECap5RegsFile)

ECap6RegsFile 
*          1    00006aa0    00000020     UNINITIALIZED
                  00006aa0    00000020     DSP2833x_GlobalVariableDefs.obj (ECap6RegsFile)

EQep1RegsFile 
*          1    00006b00    00000040     UNINITIALIZED
                  00006b00    00000040     DSP2833x_GlobalVariableDefs.obj (EQep1RegsFile)

EQep2RegsFile 
*          1    00006b40    00000040     UNINITIALIZED
                  00006b40    00000040     DSP2833x_GlobalVariableDefs.obj (EQep2RegsFile)

GpioCtrlRegsFile 
*          1    00006f80    0000002e     UNINITIALIZED
                  00006f80    0000002e     DSP2833x_GlobalVariableDefs.obj (GpioCtrlRegsFile)

GpioDataRegsFile 
*          1    00006fc0    00000020     UNINITIALIZED
                  00006fc0    00000020     DSP2833x_GlobalVariableDefs.obj (GpioDataRegsFile)

GpioIntRegsFile 
*          1    00006fe0    0000000a     UNINITIALIZED
                  00006fe0    0000000a     DSP2833x_GlobalVariableDefs.obj (GpioIntRegsFile)

SysCtrlRegsFile 
*          1    00007010    00000020     UNINITIALIZED
                  00007010    00000020     DSP2833x_GlobalVariableDefs.obj (SysCtrlRegsFile)

SpiaRegsFile 
*          1    00007040    00000010     UNINITIALIZED
                  00007040    00000010     DSP2833x_GlobalVariableDefs.obj (SpiaRegsFile)

SciaRegsFile 
*          1    00007050    00000010     UNINITIALIZED
                  00007050    00000010     DSP2833x_GlobalVariableDefs.obj (SciaRegsFile)

XIntruptRegsFile 
*          1    00007070    00000010     UNINITIALIZED
                  00007070    00000010     DSP2833x_GlobalVariableDefs.obj (XIntruptRegsFile)

AdcRegsFile 
*          1    00007100    0000001e     UNINITIALIZED
                  00007100    0000001e     DSP2833x_GlobalVariableDefs.obj (AdcRegsFile)

ScibRegsFile 
*          1    00007750    00000010     UNINITIALIZED
                  00007750    00000010     DSP2833x_GlobalVariableDefs.obj (ScibRegsFile)

ScicRegsFile 
*          1    00007770    00000010     UNINITIALIZED
                  00007770    00000010     DSP2833x_GlobalVariableDefs.obj (ScicRegsFile)

I2caRegsFile 
*          1    00007900    00000022     UNINITIALIZED
                  00007900    00000022     DSP2833x_GlobalVariableDefs.obj (I2caRegsFile)

.ebss      1    0000c000    00001b70     UNINITIALIZED
                  0000c000    00001b50     F28335A_main.obj (.ebss)
                  0000db50    00000018     DSP2833x_CpuTimers.obj (.ebss)
                  0000db68    00000004     rts2800_fpu32.lib : _lock.obj (.ebss)
                  0000db6c    00000004                       : exit.obj (.ebss)

.econst    1    0000db70    00000b09     
                  0000db70    00000802     F28335A_main.obj (.econst:_SIN_TABLE)
                  0000e372    00000202     F28335A_main.obj (.econst:_ARCTG_TABLE)
                  0000e574    00000100     DSP2833x_PieVect.obj (.econst)
                  0000e674    00000004     F28335A_main.obj (.econst:_$P$T0$1)
                  0000e678    00000001     F28335A_main.obj (.econst)

CsmPwlFile 
*          1    0033fff8    00000008     UNINITIALIZED
                  0033fff8    00000008     DSP2833x_GlobalVariableDefs.obj (CsmPwlFile)


GLOBAL SYMBOLS: SORTED ALPHABETICALLY BY Name 

address    name
--------   ----
00008000   .text
0000986a   C$$EXIT
00009619   FS$$DIV
0000980f   I$$DIV
00009820   I$$MOD
00009f35   _ACON2S2R_W
00009ec1   _ACON3S2S
000090da   _ADCINT_ISR
0000c106   _ADC_IA
0000c10c   _ADC_IB
0000c102   _ADC_IC
0000c100   _ADC_VA
0000c10a   _ADC_VB
0000c104   _ADC_VC
00380080   _ADC_cal
00008c6b   _ARCTAN
0000e372   _ARCTG_TABLE
00000b00   _AdcMirror
00007100   _AdcRegs
0000c1ce   _Balance
0000c09a   _Balance_Start_Time
0000c066   _BiCount
0000c0de   _BiMaxInitial
0000c0ec   _BiMinInitial
0000c0ea   _BiVari
0000c00f   _COM_ALL_rate
0000c010   _COM_EXT_count
0000c06c   _COM_I0
0000c017   _COM_IA
0000c016   _COM_IB
0000c06e   _COM_IC
0000c008   _COM_IH1
0000c002   _COM_IH1_RATE
0000c005   _COM_IH2
0000c023   _COM_IH2_RATE
0000c01d   _COM_IH3
0000c01e   _COM_IH3_RATE
0000c00d   _COM_IHB_RATE
0000c009   _COM_Ih_max
0000c014   _COM_Iz
0000c01c   _COM_Kp
0000c01a   _COM_Ti
0000c020   _COM_Tu
0000c012   _COM_U
0000c013   _COM_UAB
0000c018   _COM_UBC
0000c019   _COM_UCA
0000c00c   _COM_UDCREF
0000c00e   _COM_UDC_Max
0000c01f   _COM_Ua
0000c022   _COM_Udb
0000c073   _COM_Udc
0000c12a   _COM_Udc1
0000c015   _COM_Uz
0000c021   _COM_ki
0000818c   _COM_main
00009efe   _CON2S2R_W
00009e82   _CON3S2S
0000c03b   _C_data_count1
0000c011   _C_data_count2
0000c00b   _C_data_count3
0000c00a   _C_way
0000c05c   _Check_Commu
0000c071   _Chose_angle
0000c160   _CloseGrid
0000c340   _Com_date
000096e0   _ConfigCpuTimer
0000db60   _CpuTimer0
0000c04e   _CpuTimer0Count
00000c00   _CpuTimer0Regs
0000db50   _CpuTimer1
00000c08   _CpuTimer1Regs
0000db58   _CpuTimer2
00000c10   _CpuTimer2Regs
0033fff8   _CsmPwl
00000ae0   _CsmRegs
0000c0b4   _Curr_PI1_integ
0000c0c0   _Curr_PI1_out
0000c0b6   _Curr_PI2_integ
0000c0ba   _Curr_PI2_out
0000c480   _Current_IA
0000c380   _Current_IB
0000c580   _Current_IC
00009dcb   _Current_PI1
00009e2a   _Current_PI2
0000c070   _Current_flag
00009005   _DATALOG_ISR
0000c1be   _DA_Current
0000c154   _DA_Current_dq
0000c049   _DA_Drift
0000c158   _DA_InterPhase
0000a0c9   _DA_OUT
0000c1bc   _DA_OutPhase
0000c1ba   _DA_Phase
0000c15e   _DA_Phase_PLL
0000c2d0   _DA_Test
0000c1c0   _DA_Voltage
0000c150   _DA_Voltage_A
0000c152   _DA_Voltage_B
0000c162   _DA_Voltage_C
0000c156   _DA_Voltage_neg
0000c0e2   _DC_A1
0000c0e0   _DC_A2
0000c0ee   _DC_B1
0000c0dc   _DC_B2
0000c0da   _DC_C1
0000c0e4   _DC_C2
0000c1c4   _DC_Link_Amp
0000c031   _DC_Step
00009202   _DINTCH1_ISR
0000920c   _DINTCH2_ISR
00009216   _DINTCH3_ISR
00009220   _DINTCH4_ISR
0000922a   _DINTCH5_ISR
00009234   _DINTCH6_ISR
0000c068   _Data_Check_A1
0000c067   _Data_Check_A2
0000c069   _Data_Check_B1
0000c061   _Data_Check_B2
0000c060   _Data_Check_C1
0000c063   _Data_Check_C2
0000c04c   _Data_Check_Flag
00000880   _DevEmuRegs
000094f3   _DisableDog
00008344   _Display
0000c0fe   _DisplayLS1
0000c0f8   _DisplayLS2
00008de7   _Display_CON3S2S
000085b2   _Display_Current
00008436   _Display_Para
00008910   _Display_Send_Ready
00001000   _DmaRegs
0000c1a6   _Drift_A1
0000c192   _Drift_A2
0000c18e   _Drift_A3
0000c1a8   _Drift_B1
0000c198   _Drift_B2
0000c19a   _Drift_B3
0000c1c6   _Drift_C1
0000c1c8   _Drift_C2
0000c1c2   _Drift_C3
0000c1a2   _Drift_IA
0000c19c   _Drift_IB
0000c19e   _Drift_IC
0000c16e   _Drift_UAB
0000c168   _Drift_UBC
0000928e   _ECAN0INTA_ISR
000092a2   _ECAN0INTB_ISR
00009298   _ECAN1INTA_ISR
000092ac   _ECAN1INTB_ISR
00009176   _ECAP1_INT_ISR
00009180   _ECAP2_INT_ISR
0000918a   _ECAP3_INT_ISR
00009194   _ECAP4_INT_ISR
0000919e   _ECAP5_INT_ISR
000091a8   _ECAP6_INT_ISR
00006040   _ECanaLAMRegs
000060c0   _ECanaMOTORegs
00006080   _ECanaMOTSRegs
00006100   _ECanaMboxes
00006000   _ECanaRegs
00006240   _ECanbLAMRegs
000062c0   _ECanbMOTORegs
00006280   _ECanbMOTSRegs
00006300   _ECanbMboxes
00006200   _ECanbRegs
00006a00   _ECap1Regs
00006a20   _ECap2Regs
00006a40   _ECap3Regs
00006a60   _ECap4Regs
00006a80   _ECap5Regs
00006aa0   _ECap6Regs
0000c051   _EEPROM_Compare
0000c050   _EEPROM_No_WRed_Sign
000092ff   _EMPTY_ISR
00009019   _EMUINT_ISR
00009134   _EPWM1_INT_ISR
000090f8   _EPWM1_TZINT_ISR
00009141   _EPWM2_INT_ISR
00009102   _EPWM2_TZINT_ISR
0000914b   _EPWM3_INT_ISR
0000910c   _EPWM3_TZINT_ISR
00009155   _EPWM4_INT_ISR
00009116   _EPWM4_TZINT_ISR
00009162   _EPWM5_INT_ISR
00009120   _EPWM5_TZINT_ISR
0000916c   _EPWM6_INT_ISR
0000912a   _EPWM6_TZINT_ISR
00006800   _EPwm1Regs
00006840   _EPwm2Regs
00006880   _EPwm3Regs
000068c0   _EPwm4Regs
00006900   _EPwm5Regs
00006940   _EPwm6Regs
000091b2   _EQEP1_INT_ISR
000091bc   _EQEP2_INT_ISR
00006b00   _EQep1Regs
00006b40   _EQep2Regs
0000c072   _ERROR_flag
00009806   _EnableInterrupts
0000c04f   _Factory_Flag
0000c059   _FaultTime_Flag
0000c03c   _Fault_flag
00000a80   _FlashRegs
0000c1d2   _General_Protect
00006f80   _GpioCtrlRegs
00006fc0   _GpioDataRegs
00006fe0   _GpioIntRegs
0000c043   _GraphID
0000923e   _I2CINT1A_ISR
00009248   _I2CINT2A_ISR
00007900   _I2caRegs
0000c248   _IASVG
0000c252   _IBSVG
0000c24c   _ICSVG
0000902d   _ILLEGAL_ISR
0000c06f   _INRL_data
00008fee   _INT13_ISR
00008ffb   _INT14_ISR
0000c1e2   _I_alpha
0000c21c   _I_beta
0000c21e   _I_d
0000c0b8   _I_dpre
0000c21a   _I_q
0000c0be   _I_qpre
0000c0a8   _Id_WL
0000c228   _Idref
0000c142   _InOuterPhase
000096a1   _InitCpuTimers0
000096b6   _InitCpuTimers1
000096cb   _InitCpuTimers2
0000a2a3   _InitFlash
00009426   _InitGpio
000097bf   _InitI2C
000097d1   _InitI2CGpio
0000a251   _InitInterrupts
00009530   _InitPeripheralClocks
000097e7   _InitPieCtrl
00009831   _InitPieVectTable
000094fb   _InitPll
000095d4   _InitSci
0000958b   _InitSciGpio
00009592   _InitSciaGpio
000095a8   _InitScibGpio
000095be   _InitScicGpio
00009769   _InitSpi
00009778   _InitSpiGpio
0000971b   _InitSpiaGpio
00009741   _InitSpicGpio
000094e0   _InitSysCtrl
000093bf   _InitXintf
00009367   _InitXintf16Gpio
00009320   _InitXintf32Gpio
0000c064   _Init_para_flag
0000c15a   _InterPhase
0000c0aa   _Iq_WL
0000c16c   _K_IA
0000c1a4   _K_IB
0000c1a0   _K_IC
0000c1ae   _K_UA1
0000c1aa   _K_UA2
0000c1ac   _K_UA3
0000c254   _K_UAB
0000c190   _K_UB1
0000c18a   _K_UB2
0000c18c   _K_UB3
0000c170   _K_UBC
0000c194   _K_UC1
0000c196   _K_UC2
0000c1ca   _K_UC3
0000c1e8   _LS1
0000c1e4   _LS2
0000c1e0   _LS3
000092f5   _LUF_ISR
000092eb   _LVF_ISR
0000c12e   _LineVolSquare
0000c300   _Local_DA
0000c05f   _Local_DA_Flag
000091ee   _MRINTA_ISR
000091da   _MRINTB_ISR
000091f8   _MXINTA_ISR
000091e4   _MXINTB_ISR
0000c2e0   _Main_DA
0000c05a   _Main_DA_Flag
00005000   _McbspaRegs
00005040   _McbspbRegs
00008fd9   _MemCopy
0000c2f0   _MsgBuffer_Receive
0000c2a3   _MsgBuffer_Send
00009023   _NMI_ISR
0000c01b   _Negative
0000c178   _Omiga
0000c184   _Omiga_t
0000c144   _OpenGrid
0000c146   _OuterPhase
0000c24e   _PCC_Current_Amp
0000c1d0   _PCC_Voltage_Amp
0000930c   _PIE_RESERVED
0000c310   _Para1_Intdate
0000c270   _Para1_set
0000c2c0   _Para2_Intdate
0000c280   _Para2_set
0000c037   _Para_SET
000085f8   _Para_set1
000087b1   _Para_set2
000088e4   _Para_set_end
00000ce0   _PieCtrlRegs
00000d00   _PieVectTable
0000e574   _PieVectTableInit
0000c182   _Q
0000c0f2   _Q_REF
0000c166   _Q_start_time
00008f67   _RD_DATA_PROCESS
00008e32   _RD_EEPROM
0000900f   _RTOSINT_ISR
0000c262   _Read_control
000082ad   _Read_date
0000c03a   _Receive_date_error
0000c045   _ReceivedChar
00008eca   _Restore_Factory_Set
0000c036   _Run_Stop_Flag
00009266   _SCIRXINTA_ISR
0000927a   _SCIRXINTB_ISR
00009252   _SCIRXINTC_ISR
00009270   _SCITXINTA_ISR
00009284   _SCITXINTB_ISR
0000925c   _SCITXINTC_ISR
000090b2   _SEQ1INT_ISR
000090bc   _SEQ2INT_ISR
0000db70   _SIN_TABLE
000091c6   _SPIRXINTA_ISR
000091d0   _SPITXINTA_ISR
00007050   _SciaRegs
00007750   _ScibRegs
00007770   _ScicRegs
0000c004   _Send_A1
0000c003   _Send_A2
0000c007   _Send_B1
0000c001   _Send_B2
0000c006   _Send_C1
0000c000   _Send_C2
000094e9   _ServiceDog
00009f77   _Sin_Value
0000c13e   _Soft_Protect
00007040   _SpiaRegs
0000c148   _Start_Balance
00007010   _SysCtrlRegs
0000c06d   _THD_IA
0000c06a   _THD_IB
0000c06b   _THD_IC
0000c1fa   _THETA_C
0000c202   _THETA_CB
0000c224   _THETA_CC
0000c1de   _THETA_C_ab
0000c1f6   _THETA_Com
0000c216   _THETA_I
0000c1b4   _THETA_Z
0000c1b8   _THETA_Zero
0000c0a4   _THETA_neg
000090e4   _TINT0_ISR
0000c032   _Ts_UDC
0000c11a   _UA1_pos
0000c112   _UA2_pos
0000c24a   _UABDRF
0000c048   _UAB_DA
0000c25c   _UAB_Pre
0000c108   _UA_Display
0000c090   _UA_THETA
0000c140   _UA_THETA_A
0000c092   _UA_neg
0000c1ee   _UA_test
0000c1b6   _UA_zero
0000c124   _UB1_pos
0000c118   _UB2_pos
0000c250   _UBCDRF
0000c04d   _UBC_DA
0000c260   _UBC_Pre
0000c0f6   _UB_Display
0000c0a2   _UB_THETA
0000c15c   _UB_THETA_A
0000c098   _UB_neg
0000c1ea   _UB_test
0000c1b0   _UB_zero
0000c11e   _UC1_pos
0000c10e   _UC2_pos
0000c246   _UCADRF
0000c04a   _UCA_DA
0000c25e   _UCA_Pre
0000c0f4   _UC_Display
0000c094   _UC_THETA
0000c14c   _UC_THETA_A
0000c08e   _UC_neg
0000c1ec   _UC_test
0000c1b2   _UC_zero
0000c034   _UDCA1
0000c033   _UDCA2
0000c076   _UDCA_delt
0000c02e   _UDCB1
0000c02d   _UDCB2
0000c088   _UDCB_delt
0000c030   _UDCC1
0000c02f   _UDCC2
0000c07a   _UDCC_delt
0000c0e8   _UDCREF
0000c269   _UDCREF_Ref
0000c23e   _UDC_AR1
0000c23c   _UDC_AR2
0000c244   _UDC_BR1
0000c256   _UDC_BR2
0000c240   _UDC_CR1
0000c232   _UDC_CR2
0000c12c   _UDC_Ki
0000c13a   _UDC_Kp
0000c0f0   _UDC_Max
0000894e   _UDC_PI
000089b7   _UDC_PIA1
00008a2a   _UDC_PIA2
00008a9d   _UDC_PIB1
00008b10   _UDC_PIB2
00008b84   _UDC_PIC1
00008bf7   _UDC_PIC2
0000c218   _UDC_PI_integ
0000c0d6   _UDC_PI_integ_A1
0000c0c2   _UDC_PI_integ_A2
0000c0c6   _UDC_PI_integ_B1
0000c11c   _UDC_PI_integ_B2
0000c0ce   _UDC_PI_integ_C1
0000c0d2   _UDC_PI_integ_C2
0000c22c   _UDC_PI_out
0000c0c4   _UDC_PI_out_A1
0000c0cc   _UDC_PI_out_A2
0000c0d4   _UDC_PI_out_B1
0000c0d0   _UDC_PI_out_B2
0000c0d8   _UDC_PI_out_C1
0000c0b0   _UDC_PI_out_C2
0000c128   _UDC_Rf2
0000c234   _UDC_RfA1
0000c22e   _UDC_RfA2
0000c230   _UDC_RfB1
0000c23a   _UDC_RfB2
0000c242   _UDC_RfC1
0000c236   _UDC_RfC2
0000c07c   _UDC_alpha
0000c035   _UDC_aver
0000c238   _UDC_averA
0000c258   _UDC_averB
0000c25a   _UDC_averC
0000c09e   _UDC_beta
0000c222   _UDC_deltA1
0000c20a   _UDC_deltA2
0000c206   _UDC_deltB1
0000c208   _UDC_deltB2
0000c204   _UDC_deltC1
0000c200   _UDC_deltC2
0000c22a   _UDC_erro
0000c212   _UDC_inA1
0000c214   _UDC_inA2
0000c210   _UDC_inB1
0000c20c   _UDC_inB2
0000c078   _UDC_inC1
0000c086   _UDC_inC2
0000c14e   _UDC_neg_fact
0000c08c   _UDCref_A1
0000c082   _UDCref_A2
0000c080   _UDCref_B1
0000c08a   _UDCref_B2
0000c084   _UDCref_C1
0000c0c8   _UDCref_C2
0000c1fe   _US
00009094   _USER10_ISR
0000909e   _USER11_ISR
000090a8   _USER12_ISR
0000903a   _USER1_ISR
00009044   _USER2_ISR
0000904e   _USER3_ISR
00009058   _USER4_ISR
00009062   _USER5_ISR
0000906c   _USER6_ISR
00009076   _USER7_ISR
00009080   _USER8_ISR
0000908a   _USER9_ISR
0000c1d8   _US_d
0000c1d4   _US_q
0000c1f4   _U_ADRF
0000c1f0   _U_BDRF
0000c1f2   _U_CDRF
0000c0e6   _U_FtoI
0000c0bc   _U_alpha_close
0000c1da   _U_alpha_open_after
0000c220   _U_alpha_open_pre
0000c110   _U_aout1
0000c120   _U_aout2
0000c0ca   _U_aout_close
0000c1d6   _U_aout_open
0000c132   _U_aout_test1
0000c134   _U_aout_test2
0000c0ae   _U_beta_close
0000c1dc   _U_beta_open_after
0000c1fc   _U_beta_open_pre
0000c114   _U_bout1
0000c116   _U_bout2
0000c07e   _U_bout_close
0000c1f8   _U_bout_open
0000c20e   _U_bout_test1
0000c138   _U_bout_test2
0000c136   _U_cout1
0000c13c   _U_cout2
0000c074   _U_cout_close
0000c1e6   _U_cout_open
0000c130   _U_cout_test1
0000c126   _U_cout_test2
0000c172   _U_dF
0000c0a6   _U_delta_ampli
0000c0ac   _U_dout
0000c164   _U_neg_Kp
0000c0a0   _U_neg_ampli
0000c174   _U_qF
0000c0b2   _U_qout
0000c09c   _U_sqrt
0000c1cc   _U_zero_ampli
0000c226   _Udc_slip
0000c056   _Version_Erro_Sign
0000e678   _Version_No
000090ee   _WAKEINT_ISR
00008f9b   _WR_DATA_PROCESS
00008e88   _WR_EEPROM
000090c6   _XINT1_ISR
000090d0   _XINT2_ISR
000092b6   _XINT3_ISR
000092c0   _XINT4_ISR
000092ca   _XINT5_ISR
000092d7   _XINT6_ISR
000092e1   _XINT7_ISR
00007070   _XIntruptRegs
0000c04b   _Xint1Count
00000b20   _XintfRegs
00000700   __STACK_END
00000300   __STACK_SIZE
00000001   __TI_args_main
ffffffff   ___binit__
ffffffff   ___c_args__
0000a2bf   ___cinit__
00009894   ___etext__
ffffffff   ___pinit__
00008000   ___text__
00009851   __args_main
0000db6c   __cleanup_ptr
0000db6e   __dtors_ptr
0000db6a   __lock
0000988b   __nop
00009887   __register_lock
00009883   __register_unlock
00000400   __stack
0000db68   __unlock
0000986a   _abort
0000c0fa   _alpha
0000c0fc   _belta
00009779   _c_int00
0000c038   _com
0000c039   _com1
0000c096   _cosVal
000098d3   _cpu_timer0_isr
0000c055   _delay_Count
0000a0bd   _delay_t
00008e26   _delay_t1
0000c05d   _delay_test
0000c052   _delay_time_AD
0000c057   _delay_time_DA
0000c054   _delay_time_Main_DA
0000c053   _delay_time_rcvd
0000c058   _delay_time_send
0000c295   _display_date_one
0000c289   _display_date_two
0000c046   _display_flag
0000986c   _exit
0000c03e   _filter
0000d480   _graph_data1
0000cf40   _graph_data10
0000cd80   _graph_data11
0000d100   _graph_data12
0000d2c0   _graph_data2
0000d800   _graph_data3
0000d640   _graph_data4
0000d9c0   _graph_data5
0000ca00   _graph_data6
0000c840   _graph_data7
0000c680   _graph_data8
0000cbc0   _graph_data9
0000c065   _i
0000c17c   _ia
0000c176   _ic
0000c186   _invented_integral
0000c17a   _invented_power
0000c03f   _k
0000c042   _k1
0000c041   _k2
0000c047   _k3
0000c029   _k4
0000c028   _k5
0000c02b   _k6
0000c02a   _kA1
0000c025   _kA2
0000c024   _kB1
0000c027   _kB2
0000c026   _kC1
0000c02c   _kC2
0000c180   _lxj1
0000c16a   _lxj2
0000c044   _m
00008000   _main
0000c03d   _mmm
0000c062   _n
0000c040   _n_cycle
0000c17e   _ni
0000c05e   _nobits
0000c188   _omiga_delta
0000c05b   _period
00009316   _rsvd_ISR
0000c122   _sinVal
0000c14a   _wo
00009894   _xint1_isr
ffffffff   binit
0000a2bf   cinit
00000000   code_start
00009894   etext
ffffffff   pinit


GLOBAL SYMBOLS: SORTED BY Symbol Address 

address    name
--------   ----
00000000   code_start
00000001   __TI_args_main
00000300   __STACK_SIZE
00000400   __stack
00000700   __STACK_END
00000880   _DevEmuRegs
00000a80   _FlashRegs
00000ae0   _CsmRegs
00000b00   _AdcMirror
00000b20   _XintfRegs
00000c00   _CpuTimer0Regs
00000c08   _CpuTimer1Regs
00000c10   _CpuTimer2Regs
00000ce0   _PieCtrlRegs
00000d00   _PieVectTable
00001000   _DmaRegs
00005000   _McbspaRegs
00005040   _McbspbRegs
00006000   _ECanaRegs
00006040   _ECanaLAMRegs
00006080   _ECanaMOTSRegs
000060c0   _ECanaMOTORegs
00006100   _ECanaMboxes
00006200   _ECanbRegs
00006240   _ECanbLAMRegs
00006280   _ECanbMOTSRegs
000062c0   _ECanbMOTORegs
00006300   _ECanbMboxes
00006800   _EPwm1Regs
00006840   _EPwm2Regs
00006880   _EPwm3Regs
000068c0   _EPwm4Regs
00006900   _EPwm5Regs
00006940   _EPwm6Regs
00006a00   _ECap1Regs
00006a20   _ECap2Regs
00006a40   _ECap3Regs
00006a60   _ECap4Regs
00006a80   _ECap5Regs
00006aa0   _ECap6Regs
00006b00   _EQep1Regs
00006b40   _EQep2Regs
00006f80   _GpioCtrlRegs
00006fc0   _GpioDataRegs
00006fe0   _GpioIntRegs
00007010   _SysCtrlRegs
00007040   _SpiaRegs
00007050   _SciaRegs
00007070   _XIntruptRegs
00007100   _AdcRegs
00007750   _ScibRegs
00007770   _ScicRegs
00007900   _I2caRegs
00008000   .text
00008000   ___text__
00008000   _main
0000818c   _COM_main
000082ad   _Read_date
00008344   _Display
00008436   _Display_Para
000085b2   _Display_Current
000085f8   _Para_set1
000087b1   _Para_set2
000088e4   _Para_set_end
00008910   _Display_Send_Ready
0000894e   _UDC_PI
000089b7   _UDC_PIA1
00008a2a   _UDC_PIA2
00008a9d   _UDC_PIB1
00008b10   _UDC_PIB2
00008b84   _UDC_PIC1
00008bf7   _UDC_PIC2
00008c6b   _ARCTAN
00008de7   _Display_CON3S2S
00008e26   _delay_t1
00008e32   _RD_EEPROM
00008e88   _WR_EEPROM
00008eca   _Restore_Factory_Set
00008f67   _RD_DATA_PROCESS
00008f9b   _WR_DATA_PROCESS
00008fd9   _MemCopy
00008fee   _INT13_ISR
00008ffb   _INT14_ISR
00009005   _DATALOG_ISR
0000900f   _RTOSINT_ISR
00009019   _EMUINT_ISR
00009023   _NMI_ISR
0000902d   _ILLEGAL_ISR
0000903a   _USER1_ISR
00009044   _USER2_ISR
0000904e   _USER3_ISR
00009058   _USER4_ISR
00009062   _USER5_ISR
0000906c   _USER6_ISR
00009076   _USER7_ISR
00009080   _USER8_ISR
0000908a   _USER9_ISR
00009094   _USER10_ISR
0000909e   _USER11_ISR
000090a8   _USER12_ISR
000090b2   _SEQ1INT_ISR
000090bc   _SEQ2INT_ISR
000090c6   _XINT1_ISR
000090d0   _XINT2_ISR
000090da   _ADCINT_ISR
000090e4   _TINT0_ISR
000090ee   _WAKEINT_ISR
000090f8   _EPWM1_TZINT_ISR
00009102   _EPWM2_TZINT_ISR
0000910c   _EPWM3_TZINT_ISR
00009116   _EPWM4_TZINT_ISR
00009120   _EPWM5_TZINT_ISR
0000912a   _EPWM6_TZINT_ISR
00009134   _EPWM1_INT_ISR
00009141   _EPWM2_INT_ISR
0000914b   _EPWM3_INT_ISR
00009155   _EPWM4_INT_ISR
00009162   _EPWM5_INT_ISR
0000916c   _EPWM6_INT_ISR
00009176   _ECAP1_INT_ISR
00009180   _ECAP2_INT_ISR
0000918a   _ECAP3_INT_ISR
00009194   _ECAP4_INT_ISR
0000919e   _ECAP5_INT_ISR
000091a8   _ECAP6_INT_ISR
000091b2   _EQEP1_INT_ISR
000091bc   _EQEP2_INT_ISR
000091c6   _SPIRXINTA_ISR
000091d0   _SPITXINTA_ISR
000091da   _MRINTB_ISR
000091e4   _MXINTB_ISR
000091ee   _MRINTA_ISR
000091f8   _MXINTA_ISR
00009202   _DINTCH1_ISR
0000920c   _DINTCH2_ISR
00009216   _DINTCH3_ISR
00009220   _DINTCH4_ISR
0000922a   _DINTCH5_ISR
00009234   _DINTCH6_ISR
0000923e   _I2CINT1A_ISR
00009248   _I2CINT2A_ISR
00009252   _SCIRXINTC_ISR
0000925c   _SCITXINTC_ISR
00009266   _SCIRXINTA_ISR
00009270   _SCITXINTA_ISR
0000927a   _SCIRXINTB_ISR
00009284   _SCITXINTB_ISR
0000928e   _ECAN0INTA_ISR
00009298   _ECAN1INTA_ISR
000092a2   _ECAN0INTB_ISR
000092ac   _ECAN1INTB_ISR
000092b6   _XINT3_ISR
000092c0   _XINT4_ISR
000092ca   _XINT5_ISR
000092d7   _XINT6_ISR
000092e1   _XINT7_ISR
000092eb   _LVF_ISR
000092f5   _LUF_ISR
000092ff   _EMPTY_ISR
0000930c   _PIE_RESERVED
00009316   _rsvd_ISR
00009320   _InitXintf32Gpio
00009367   _InitXintf16Gpio
000093bf   _InitXintf
00009426   _InitGpio
000094e0   _InitSysCtrl
000094e9   _ServiceDog
000094f3   _DisableDog
000094fb   _InitPll
00009530   _InitPeripheralClocks
0000958b   _InitSciGpio
00009592   _InitSciaGpio
000095a8   _InitScibGpio
000095be   _InitScicGpio
000095d4   _InitSci
00009619   FS$$DIV
000096a1   _InitCpuTimers0
000096b6   _InitCpuTimers1
000096cb   _InitCpuTimers2
000096e0   _ConfigCpuTimer
0000971b   _InitSpiaGpio
00009741   _InitSpicGpio
00009769   _InitSpi
00009778   _InitSpiGpio
00009779   _c_int00
000097bf   _InitI2C
000097d1   _InitI2CGpio
000097e7   _InitPieCtrl
00009806   _EnableInterrupts
0000980f   I$$DIV
00009820   I$$MOD
00009831   _InitPieVectTable
00009851   __args_main
0000986a   C$$EXIT
0000986a   _abort
0000986c   _exit
00009883   __register_unlock
00009887   __register_lock
0000988b   __nop
00009894   ___etext__
00009894   _xint1_isr
00009894   etext
000098d3   _cpu_timer0_isr
00009dcb   _Current_PI1
00009e2a   _Current_PI2
00009e82   _CON3S2S
00009ec1   _ACON3S2S
00009efe   _CON2S2R_W
00009f35   _ACON2S2R_W
00009f77   _Sin_Value
0000a0bd   _delay_t
0000a0c9   _DA_OUT
0000a251   _InitInterrupts
0000a2a3   _InitFlash
0000a2bf   ___cinit__
0000a2bf   cinit
0000c000   _Send_C2
0000c001   _Send_B2
0000c002   _COM_IH1_RATE
0000c003   _Send_A2
0000c004   _Send_A1
0000c005   _COM_IH2
0000c006   _Send_C1
0000c007   _Send_B1
0000c008   _COM_IH1
0000c009   _COM_Ih_max
0000c00a   _C_way
0000c00b   _C_data_count3
0000c00c   _COM_UDCREF
0000c00d   _COM_IHB_RATE
0000c00e   _COM_UDC_Max
0000c00f   _COM_ALL_rate
0000c010   _COM_EXT_count
0000c011   _C_data_count2
0000c012   _COM_U
0000c013   _COM_UAB
0000c014   _COM_Iz
0000c015   _COM_Uz
0000c016   _COM_IB
0000c017   _COM_IA
0000c018   _COM_UBC
0000c019   _COM_UCA
0000c01a   _COM_Ti
0000c01b   _Negative
0000c01c   _COM_Kp
0000c01d   _COM_IH3
0000c01e   _COM_IH3_RATE
0000c01f   _COM_Ua
0000c020   _COM_Tu
0000c021   _COM_ki
0000c022   _COM_Udb
0000c023   _COM_IH2_RATE
0000c024   _kB1
0000c025   _kA2
0000c026   _kC1
0000c027   _kB2
0000c028   _k5
0000c029   _k4
0000c02a   _kA1
0000c02b   _k6
0000c02c   _kC2
0000c02d   _UDCB2
0000c02e   _UDCB1
0000c02f   _UDCC2
0000c030   _UDCC1
0000c031   _DC_Step
0000c032   _Ts_UDC
0000c033   _UDCA2
0000c034   _UDCA1
0000c035   _UDC_aver
0000c036   _Run_Stop_Flag
0000c037   _Para_SET
0000c038   _com
0000c039   _com1
0000c03a   _Receive_date_error
0000c03b   _C_data_count1
0000c03c   _Fault_flag
0000c03d   _mmm
0000c03e   _filter
0000c03f   _k
0000c040   _n_cycle
0000c041   _k2
0000c042   _k1
0000c043   _GraphID
0000c044   _m
0000c045   _ReceivedChar
0000c046   _display_flag
0000c047   _k3
0000c048   _UAB_DA
0000c049   _DA_Drift
0000c04a   _UCA_DA
0000c04b   _Xint1Count
0000c04c   _Data_Check_Flag
0000c04d   _UBC_DA
0000c04e   _CpuTimer0Count
0000c04f   _Factory_Flag
0000c050   _EEPROM_No_WRed_Sign
0000c051   _EEPROM_Compare
0000c052   _delay_time_AD
0000c053   _delay_time_rcvd
0000c054   _delay_time_Main_DA
0000c055   _delay_Count
0000c056   _Version_Erro_Sign
0000c057   _delay_time_DA
0000c058   _delay_time_send
0000c059   _FaultTime_Flag
0000c05a   _Main_DA_Flag
0000c05b   _period
0000c05c   _Check_Commu
0000c05d   _delay_test
0000c05e   _nobits
0000c05f   _Local_DA_Flag
0000c060   _Data_Check_C1
0000c061   _Data_Check_B2
0000c062   _n
0000c063   _Data_Check_C2
0000c064   _Init_para_flag
0000c065   _i
0000c066   _BiCount
0000c067   _Data_Check_A2
0000c068   _Data_Check_A1
0000c069   _Data_Check_B1
0000c06a   _THD_IB
0000c06b   _THD_IC
0000c06c   _COM_I0
0000c06d   _THD_IA
0000c06e   _COM_IC
0000c06f   _INRL_data
0000c070   _Current_flag
0000c071   _Chose_angle
0000c072   _ERROR_flag
0000c073   _COM_Udc
0000c074   _U_cout_close
0000c076   _UDCA_delt
0000c078   _UDC_inC1
0000c07a   _UDCC_delt
0000c07c   _UDC_alpha
0000c07e   _U_bout_close
0000c080   _UDCref_B1
0000c082   _UDCref_A2
0000c084   _UDCref_C1
0000c086   _UDC_inC2
0000c088   _UDCB_delt
0000c08a   _UDCref_B2
0000c08c   _UDCref_A1
0000c08e   _UC_neg
0000c090   _UA_THETA
0000c092   _UA_neg
0000c094   _UC_THETA
0000c096   _cosVal
0000c098   _UB_neg
0000c09a   _Balance_Start_Time
0000c09c   _U_sqrt
0000c09e   _UDC_beta
0000c0a0   _U_neg_ampli
0000c0a2   _UB_THETA
0000c0a4   _THETA_neg
0000c0a6   _U_delta_ampli
0000c0a8   _Id_WL
0000c0aa   _Iq_WL
0000c0ac   _U_dout
0000c0ae   _U_beta_close
0000c0b0   _UDC_PI_out_C2
0000c0b2   _U_qout
0000c0b4   _Curr_PI1_integ
0000c0b6   _Curr_PI2_integ
0000c0b8   _I_dpre
0000c0ba   _Curr_PI2_out
0000c0bc   _U_alpha_close
0000c0be   _I_qpre
0000c0c0   _Curr_PI1_out
0000c0c2   _UDC_PI_integ_A2
0000c0c4   _UDC_PI_out_A1
0000c0c6   _UDC_PI_integ_B1
0000c0c8   _UDCref_C2
0000c0ca   _U_aout_close
0000c0cc   _UDC_PI_out_A2
0000c0ce   _UDC_PI_integ_C1
0000c0d0   _UDC_PI_out_B2
0000c0d2   _UDC_PI_integ_C2
0000c0d4   _UDC_PI_out_B1
0000c0d6   _UDC_PI_integ_A1
0000c0d8   _UDC_PI_out_C1
0000c0da   _DC_C1
0000c0dc   _DC_B2
0000c0de   _BiMaxInitial
0000c0e0   _DC_A2
0000c0e2   _DC_A1
0000c0e4   _DC_C2
0000c0e6   _U_FtoI
0000c0e8   _UDCREF
0000c0ea   _BiVari
0000c0ec   _BiMinInitial
0000c0ee   _DC_B1
0000c0f0   _UDC_Max
0000c0f2   _Q_REF
0000c0f4   _UC_Display
0000c0f6   _UB_Display
0000c0f8   _DisplayLS2
0000c0fa   _alpha
0000c0fc   _belta
0000c0fe   _DisplayLS1
0000c100   _ADC_VA
0000c102   _ADC_IC
0000c104   _ADC_VC
0000c106   _ADC_IA
0000c108   _UA_Display
0000c10a   _ADC_VB
0000c10c   _ADC_IB
0000c10e   _UC2_pos
0000c110   _U_aout1
0000c112   _UA2_pos
0000c114   _U_bout1
0000c116   _U_bout2
0000c118   _UB2_pos
0000c11a   _UA1_pos
0000c11c   _UDC_PI_integ_B2
0000c11e   _UC1_pos
0000c120   _U_aout2
0000c122   _sinVal
0000c124   _UB1_pos
0000c126   _U_cout_test2
0000c128   _UDC_Rf2
0000c12a   _COM_Udc1
0000c12c   _UDC_Ki
0000c12e   _LineVolSquare
0000c130   _U_cout_test1
0000c132   _U_aout_test1
0000c134   _U_aout_test2
0000c136   _U_cout1
0000c138   _U_bout_test2
0000c13a   _UDC_Kp
0000c13c   _U_cout2
0000c13e   _Soft_Protect
0000c140   _UA_THETA_A
0000c142   _InOuterPhase
0000c144   _OpenGrid
0000c146   _OuterPhase
0000c148   _Start_Balance
0000c14a   _wo
0000c14c   _UC_THETA_A
0000c14e   _UDC_neg_fact
0000c150   _DA_Voltage_A
0000c152   _DA_Voltage_B
0000c154   _DA_Current_dq
0000c156   _DA_Voltage_neg
0000c158   _DA_InterPhase
0000c15a   _InterPhase
0000c15c   _UB_THETA_A
0000c15e   _DA_Phase_PLL
0000c160   _CloseGrid
0000c162   _DA_Voltage_C
0000c164   _U_neg_Kp
0000c166   _Q_start_time
0000c168   _Drift_UBC
0000c16a   _lxj2
0000c16c   _K_IA
0000c16e   _Drift_UAB
0000c170   _K_UBC
0000c172   _U_dF
0000c174   _U_qF
0000c176   _ic
0000c178   _Omiga
0000c17a   _invented_power
0000c17c   _ia
0000c17e   _ni
0000c180   _lxj1
0000c182   _Q
0000c184   _Omiga_t
0000c186   _invented_integral
0000c188   _omiga_delta
0000c18a   _K_UB2
0000c18c   _K_UB3
0000c18e   _Drift_A3
0000c190   _K_UB1
0000c192   _Drift_A2
0000c194   _K_UC1
0000c196   _K_UC2
0000c198   _Drift_B2
0000c19a   _Drift_B3
0000c19c   _Drift_IB
0000c19e   _Drift_IC
0000c1a0   _K_IC
0000c1a2   _Drift_IA
0000c1a4   _K_IB
0000c1a6   _Drift_A1
0000c1a8   _Drift_B1
0000c1aa   _K_UA2
0000c1ac   _K_UA3
0000c1ae   _K_UA1
0000c1b0   _UB_zero
0000c1b2   _UC_zero
0000c1b4   _THETA_Z
0000c1b6   _UA_zero
0000c1b8   _THETA_Zero
0000c1ba   _DA_Phase
0000c1bc   _DA_OutPhase
0000c1be   _DA_Current
0000c1c0   _DA_Voltage
0000c1c2   _Drift_C3
0000c1c4   _DC_Link_Amp
0000c1c6   _Drift_C1
0000c1c8   _Drift_C2
0000c1ca   _K_UC3
0000c1cc   _U_zero_ampli
0000c1ce   _Balance
0000c1d0   _PCC_Voltage_Amp
0000c1d2   _General_Protect
0000c1d4   _US_q
0000c1d6   _U_aout_open
0000c1d8   _US_d
0000c1da   _U_alpha_open_after
0000c1dc   _U_beta_open_after
0000c1de   _THETA_C_ab
0000c1e0   _LS3
0000c1e2   _I_alpha
0000c1e4   _LS2
0000c1e6   _U_cout_open
0000c1e8   _LS1
0000c1ea   _UB_test
0000c1ec   _UC_test
0000c1ee   _UA_test
0000c1f0   _U_BDRF
0000c1f2   _U_CDRF
0000c1f4   _U_ADRF
0000c1f6   _THETA_Com
0000c1f8   _U_bout_open
0000c1fa   _THETA_C
0000c1fc   _U_beta_open_pre
0000c1fe   _US
0000c200   _UDC_deltC2
0000c202   _THETA_CB
0000c204   _UDC_deltC1
0000c206   _UDC_deltB1
0000c208   _UDC_deltB2
0000c20a   _UDC_deltA2
0000c20c   _UDC_inB2
0000c20e   _U_bout_test1
0000c210   _UDC_inB1
0000c212   _UDC_inA1
0000c214   _UDC_inA2
0000c216   _THETA_I
0000c218   _UDC_PI_integ
0000c21a   _I_q
0000c21c   _I_beta
0000c21e   _I_d
0000c220   _U_alpha_open_pre
0000c222   _UDC_deltA1
0000c224   _THETA_CC
0000c226   _Udc_slip
0000c228   _Idref
0000c22a   _UDC_erro
0000c22c   _UDC_PI_out
0000c22e   _UDC_RfA2
0000c230   _UDC_RfB1
0000c232   _UDC_CR2
0000c234   _UDC_RfA1
0000c236   _UDC_RfC2
0000c238   _UDC_averA
0000c23a   _UDC_RfB2
0000c23c   _UDC_AR2
0000c23e   _UDC_AR1
0000c240   _UDC_CR1
0000c242   _UDC_RfC1
0000c244   _UDC_BR1
0000c246   _UCADRF
0000c248   _IASVG
0000c24a   _UABDRF
0000c24c   _ICSVG
0000c24e   _PCC_Current_Amp
0000c250   _UBCDRF
0000c252   _IBSVG
0000c254   _K_UAB
0000c256   _UDC_BR2
0000c258   _UDC_averB
0000c25a   _UDC_averC
0000c25c   _UAB_Pre
0000c25e   _UCA_Pre
0000c260   _UBC_Pre
0000c262   _Read_control
0000c269   _UDCREF_Ref
0000c270   _Para1_set
0000c280   _Para2_set
0000c289   _display_date_two
0000c295   _display_date_one
0000c2a3   _MsgBuffer_Send
0000c2c0   _Para2_Intdate
0000c2d0   _DA_Test
0000c2e0   _Main_DA
0000c2f0   _MsgBuffer_Receive
0000c300   _Local_DA
0000c310   _Para1_Intdate
0000c340   _Com_date
0000c380   _Current_IB
0000c480   _Current_IA
0000c580   _Current_IC
0000c680   _graph_data8
0000c840   _graph_data7
0000ca00   _graph_data6
0000cbc0   _graph_data9
0000cd80   _graph_data11
0000cf40   _graph_data10
0000d100   _graph_data12
0000d2c0   _graph_data2
0000d480   _graph_data1
0000d640   _graph_data4
0000d800   _graph_data3
0000d9c0   _graph_data5
0000db50   _CpuTimer1
0000db58   _CpuTimer2
0000db60   _CpuTimer0
0000db68   __unlock
0000db6a   __lock
0000db6c   __cleanup_ptr
0000db6e   __dtors_ptr
0000db70   _SIN_TABLE
0000e372   _ARCTG_TABLE
0000e574   _PieVectTableInit
0000e678   _Version_No
0033fff8   _CsmPwl
00380080   _ADC_cal
ffffffff   ___binit__
ffffffff   ___c_args__
ffffffff   ___pinit__
ffffffff   binit
ffffffff   pinit

[626 symbols]
