******************************************************************************
             TMS320C2000 Linker PC v6.1.3                      
******************************************************************************
>> Linked Mon Apr 20 10:49:26 2015

OUTPUT FILE NAME:   <SVG_Grid_8K_Sample.out>
ENTRY POINT SYMBOL: "_c_int00"  address: 0000acbb


MEMORY CONFIGURATION

         name            origin    length      used     unused   attr    fill
----------------------  --------  ---------  --------  --------  ----  --------
PAGE 0:
  BEGIN                 00000000   00000002  00000002  00000000  RWIX
  BOOT_RSVD             00000002   0000004e  00000000  0000004e  RWIX
  RAMM0                 00000050   000003b0  00000000  000003b0  RWIX
  RAML                  00008000   00004000  000036a9  00000957  RWIX
  CSM_RSVD              0033ff80   00000076  00000000  00000076  RWIX
  CSM_PWL               0033fff8   00000008  00000000  00000008  RWIX
  ADC_CAL               00380080   00000009  00000007  00000002  RWIX
  IQTABLES              003fe000   00000b50  00000000  00000b50  RWIX
  IQTABLES2             003feb50   0000008c  00000000  0000008c  RWIX
  FPUTABLES             003febdc   000006a0  00000000  000006a0  RWIX
  BOOTROM               003ff27c   00000d44  00000000  00000d44  RWIX
  RESET                 003fffc0   00000002  00000000  00000002  RWIX

PAGE 1:
  RAMM1                 00000400   00000400  00000300  00000100  RWIX
  DEV_EMU               00000880   00000180  000000d0  000000b0  RWIX
  FLASH_REGS            00000a80   00000060  00000008  00000058  RWIX
  CSM                   00000ae0   00000010  00000010  00000000  RWIX
  ADC_MIRROR            00000b00   00000010  00000010  00000000  RWIX
  XINTF                 00000b20   00000020  0000001e  00000002  RWIX
  CPU_TIMER0            00000c00   00000008  00000008  00000000  RWIX
  CPU_TIMER1            00000c08   00000008  00000008  00000000  RWIX
  CPU_TIMER2            00000c10   00000008  00000008  00000000  RWIX
  PIE_CTRL              00000ce0   00000020  0000001a  00000006  RWIX
  PIE_VECT              00000d00   00000100  00000100  00000000  RWIX
  DMA                   00001000   00000200  000000e0  00000120  RWIX
  ZONE0                 00004000   00001000  00000000  00001000  RWIX
  MCBSPA                00005000   00000040  00000025  0000001b  RWIX
  MCBSPB                00005040   00000040  00000025  0000001b  RWIX
  ECANA                 00006000   00000040  00000034  0000000c  RWIX
  ECANA_LAM             00006040   00000040  00000040  00000000  RWIX
  ECANA_MOTS            00006080   00000040  00000040  00000000  RWIX
  ECANA_MOTO            000060c0   00000040  00000040  00000000  RWIX
  ECANA_MBOX            00006100   00000100  00000100  00000000  RWIX
  ECANB                 00006200   00000040  00000034  0000000c  RWIX
  ECANB_LAM             00006240   00000040  00000040  00000000  RWIX
  ECANB_MOTS            00006280   00000040  00000040  00000000  RWIX
  ECANB_MOTO            000062c0   00000040  00000040  00000000  RWIX
  ECANB_MBOX            00006300   00000100  00000100  00000000  RWIX
  EPWM1                 00006800   00000022  00000022  00000000  RWIX
  EPWM2                 00006840   00000022  00000022  00000000  RWIX
  EPWM3                 00006880   00000022  00000022  00000000  RWIX
  EPWM4                 000068c0   00000022  00000022  00000000  RWIX
  EPWM5                 00006900   00000022  00000022  00000000  RWIX
  EPWM6                 00006940   00000022  00000022  00000000  RWIX
  ECAP1                 00006a00   00000020  00000020  00000000  RWIX
  ECAP2                 00006a20   00000020  00000020  00000000  RWIX
  ECAP3                 00006a40   00000020  00000020  00000000  RWIX
  ECAP4                 00006a60   00000020  00000020  00000000  RWIX
  ECAP5                 00006a80   00000020  00000020  00000000  RWIX
  ECAP6                 00006aa0   00000020  00000020  00000000  RWIX
  EQEP1                 00006b00   00000040  00000040  00000000  RWIX
  EQEP2                 00006b40   00000040  00000040  00000000  RWIX
  GPIOCTRL              00006f80   00000040  0000002e  00000012  RWIX
  GPIODAT               00006fc0   00000020  00000020  00000000  RWIX
  GPIOINT               00006fe0   00000020  0000000a  00000016  RWIX
  SYSTEM                00007010   00000020  00000020  00000000  RWIX
  SPIA                  00007040   00000010  00000010  00000000  RWIX
  SCIA                  00007050   00000010  00000010  00000000  RWIX
  XINTRUPT              00007070   00000010  00000010  00000000  RWIX
  ADC                   00007100   00000020  0000001e  00000002  RWIX
  SCIB                  00007750   00000010  00000010  00000000  RWIX
  SCIC                  00007770   00000010  00000010  00000000  RWIX
  I2CA                  00007900   00000040  00000022  0000001e  RWIX
  RAML4                 0000c000   00004000  000026ba  00001946  RWIX
  ZONE6                 00100000   00040000  00000000  00040000  RWIX
  ZONE7                 00200000   00100000  00000000  00100000  RWIX
  CSM_PWL               0033fff8   00000008  00000008  00000000  RWIX


SECTION ALLOCATION MAP

 output                                  attributes/
section   page    origin      length       input sections
--------  ----  ----------  ----------   ----------------
codestart 
*          0    00000000    00000002     
                  00000000    00000002     DSP2833x_CodeStartBranch.obj (codestart)

.pinit     0    00008000    00000000     UNINITIALIZED

ramfuncs   0    00008000    00001740     
                  00008000    00000c23     F28335A_main.obj (ramfuncs)
                  00008c23    00000b1d     F28335A_main.obj (ramfuncs:retain)

.text      0    00009740    000016ba     
                  00009740    00000df0     F28335A_main.obj (.text)
                  0000a530    00000332     DSP2833x_DefaultIsr.obj (.text:retain)
                  0000a862    00000106     DSP2833x_Xintf.obj (.text)
                  0000a968    000000ba     DSP2833x_Gpio.obj (.text)
                  0000aa22    000000ab     DSP2833x_SysInit.obj (.text)
                  0000aacd    0000008e     DSP2833x_Sci.obj (.text)
                  0000ab5b    00000088     rts2800_fpu32.lib : fs_div.obj (.text)
                  0000abe3    0000007a     DSP2833x_CpuTimers.obj (.text)
                  0000ac5d    0000005e     DSP2833x_Spi.obj (.text)
                  0000acbb    00000046     rts2800_fpu32.lib : boot.obj (.text)
                  0000ad01    00000028     DSP2833x_I2C.obj (.text)
                  0000ad29    00000028     DSP2833x_PieCtrl.obj (.text)
                  0000ad51    00000001     --HOLE-- [fill = 0]
                  0000ad52    00000023     rts2800_fpu32.lib : sqrt.obj (.text)
                  0000ad75    00000022                       : i_div.obj (.text)
                  0000ad97    00000020     DSP2833x_PieVect.obj (.text)
                  0000adb7    00000019     rts2800_fpu32.lib : args_main.obj (.text)
                  0000add0    00000019                       : exit.obj (.text)
                  0000ade9    00000009                       : _lock.obj (.text)
                  0000adf2    00000008     DSP2833x_CodeStartBranch.obj (.text)

.cinit     0    0000adfa    000008af     
                  0000adfa    00000895     F28335A_main.obj (.cinit)
                  0000b68f    0000000a     rts2800_fpu32.lib : _lock.obj (.cinit)
                  0000b699    0000000a                       : exit.obj (.cinit)
                  0000b6a3    00000004                       : errno.obj (.cinit)
                  0000b6a7    00000002     --HOLE-- [fill = 0]

csm_rsvd   0    0033ff80    00000000     DSECT

csmpasswds 
*          0    0033fff8    00000000     DSECT

.adc_cal   0    00380080    00000007     NOLOAD SECTION
                  00380080    00000007     DSP2833x_ADC_cal.obj (.adc_cal)

.reset     0    003fffc0    00000002     DSECT
                  003fffc0    00000002     rts2800_fpu32.lib : boot.obj (.reset)

.stack     1    00000400    00000300     UNINITIALIZED
                  00000400    00000300     --HOLE--

DevEmuRegsFile 
*          1    00000880    000000d0     UNINITIALIZED
                  00000880    000000d0     DSP2833x_GlobalVariableDefs.obj (DevEmuRegsFile)

FlashRegsFile 
*          1    00000a80    00000008     UNINITIALIZED
                  00000a80    00000008     DSP2833x_GlobalVariableDefs.obj (FlashRegsFile)

CsmRegsFile 
*          1    00000ae0    00000010     UNINITIALIZED
                  00000ae0    00000010     DSP2833x_GlobalVariableDefs.obj (CsmRegsFile)

AdcMirrorFile 
*          1    00000b00    00000010     UNINITIALIZED
                  00000b00    00000010     DSP2833x_GlobalVariableDefs.obj (AdcMirrorFile)

XintfRegsFile 
*          1    00000b20    0000001e     UNINITIALIZED
                  00000b20    0000001e     DSP2833x_GlobalVariableDefs.obj (XintfRegsFile)

CpuTimer0RegsFile 
*          1    00000c00    00000008     UNINITIALIZED
                  00000c00    00000008     DSP2833x_GlobalVariableDefs.obj (CpuTimer0RegsFile)

CpuTimer1RegsFile 
*          1    00000c08    00000008     UNINITIALIZED
                  00000c08    00000008     DSP2833x_GlobalVariableDefs.obj (CpuTimer1RegsFile)

CpuTimer2RegsFile 
*          1    00000c10    00000008     UNINITIALIZED
                  00000c10    00000008     DSP2833x_GlobalVariableDefs.obj (CpuTimer2RegsFile)

PieCtrlRegsFile 
*          1    00000ce0    0000001a     UNINITIALIZED
                  00000ce0    0000001a     DSP2833x_GlobalVariableDefs.obj (PieCtrlRegsFile)

PieVectTableFile 
*          1    00000d00    00000100     UNINITIALIZED
                  00000d00    00000100     DSP2833x_GlobalVariableDefs.obj (PieVectTableFile)

DmaRegsFile 
*          1    00001000    000000e0     UNINITIALIZED
                  00001000    000000e0     DSP2833x_GlobalVariableDefs.obj (DmaRegsFile)

McbspaRegsFile 
*          1    00005000    00000025     UNINITIALIZED
                  00005000    00000025     DSP2833x_GlobalVariableDefs.obj (McbspaRegsFile)

McbspbRegsFile 
*          1    00005040    00000025     UNINITIALIZED
                  00005040    00000025     DSP2833x_GlobalVariableDefs.obj (McbspbRegsFile)

ECanaRegsFile 
*          1    00006000    00000034     UNINITIALIZED
                  00006000    00000034     DSP2833x_GlobalVariableDefs.obj (ECanaRegsFile)

ECanaLAMRegsFile 
*          1    00006040    00000040     UNINITIALIZED
                  00006040    00000040     DSP2833x_GlobalVariableDefs.obj (ECanaLAMRegsFile)

ECanaMOTSRegsFile 
*          1    00006080    00000040     UNINITIALIZED
                  00006080    00000040     DSP2833x_GlobalVariableDefs.obj (ECanaMOTSRegsFile)

ECanaMOTORegsFile 
*          1    000060c0    00000040     UNINITIALIZED
                  000060c0    00000040     DSP2833x_GlobalVariableDefs.obj (ECanaMOTORegsFile)

ECanaMboxesFile 
*          1    00006100    00000100     UNINITIALIZED
                  00006100    00000100     DSP2833x_GlobalVariableDefs.obj (ECanaMboxesFile)

ECanbRegsFile 
*          1    00006200    00000034     UNINITIALIZED
                  00006200    00000034     DSP2833x_GlobalVariableDefs.obj (ECanbRegsFile)

ECanbLAMRegsFile 
*          1    00006240    00000040     UNINITIALIZED
                  00006240    00000040     DSP2833x_GlobalVariableDefs.obj (ECanbLAMRegsFile)

ECanbMOTSRegsFile 
*          1    00006280    00000040     UNINITIALIZED
                  00006280    00000040     DSP2833x_GlobalVariableDefs.obj (ECanbMOTSRegsFile)

ECanbMOTORegsFile 
*          1    000062c0    00000040     UNINITIALIZED
                  000062c0    00000040     DSP2833x_GlobalVariableDefs.obj (ECanbMOTORegsFile)

ECanbMboxesFile 
*          1    00006300    00000100     UNINITIALIZED
                  00006300    00000100     DSP2833x_GlobalVariableDefs.obj (ECanbMboxesFile)

EPwm1RegsFile 
*          1    00006800    00000022     UNINITIALIZED
                  00006800    00000022     DSP2833x_GlobalVariableDefs.obj (EPwm1RegsFile)

EPwm2RegsFile 
*          1    00006840    00000022     UNINITIALIZED
                  00006840    00000022     DSP2833x_GlobalVariableDefs.obj (EPwm2RegsFile)

EPwm3RegsFile 
*          1    00006880    00000022     UNINITIALIZED
                  00006880    00000022     DSP2833x_GlobalVariableDefs.obj (EPwm3RegsFile)

EPwm4RegsFile 
*          1    000068c0    00000022     UNINITIALIZED
                  000068c0    00000022     DSP2833x_GlobalVariableDefs.obj (EPwm4RegsFile)

EPwm5RegsFile 
*          1    00006900    00000022     UNINITIALIZED
                  00006900    00000022     DSP2833x_GlobalVariableDefs.obj (EPwm5RegsFile)

EPwm6RegsFile 
*          1    00006940    00000022     UNINITIALIZED
                  00006940    00000022     DSP2833x_GlobalVariableDefs.obj (EPwm6RegsFile)

ECap1RegsFile 
*          1    00006a00    00000020     UNINITIALIZED
                  00006a00    00000020     DSP2833x_GlobalVariableDefs.obj (ECap1RegsFile)

ECap2RegsFile 
*          1    00006a20    00000020     UNINITIALIZED
                  00006a20    00000020     DSP2833x_GlobalVariableDefs.obj (ECap2RegsFile)

ECap3RegsFile 
*          1    00006a40    00000020     UNINITIALIZED
                  00006a40    00000020     DSP2833x_GlobalVariableDefs.obj (ECap3RegsFile)

ECap4RegsFile 
*          1    00006a60    00000020     UNINITIALIZED
                  00006a60    00000020     DSP2833x_GlobalVariableDefs.obj (ECap4RegsFile)

ECap5RegsFile 
*          1    00006a80    00000020     UNINITIALIZED
                  00006a80    00000020     DSP2833x_GlobalVariableDefs.obj (ECap5RegsFile)

ECap6RegsFile 
*          1    00006aa0    00000020     UNINITIALIZED
                  00006aa0    00000020     DSP2833x_GlobalVariableDefs.obj (ECap6RegsFile)

EQep1RegsFile 
*          1    00006b00    00000040     UNINITIALIZED
                  00006b00    00000040     DSP2833x_GlobalVariableDefs.obj (EQep1RegsFile)

EQep2RegsFile 
*          1    00006b40    00000040     UNINITIALIZED
                  00006b40    00000040     DSP2833x_GlobalVariableDefs.obj (EQep2RegsFile)

GpioCtrlRegsFile 
*          1    00006f80    0000002e     UNINITIALIZED
                  00006f80    0000002e     DSP2833x_GlobalVariableDefs.obj (GpioCtrlRegsFile)

GpioDataRegsFile 
*          1    00006fc0    00000020     UNINITIALIZED
                  00006fc0    00000020     DSP2833x_GlobalVariableDefs.obj (GpioDataRegsFile)

GpioIntRegsFile 
*          1    00006fe0    0000000a     UNINITIALIZED
                  00006fe0    0000000a     DSP2833x_GlobalVariableDefs.obj (GpioIntRegsFile)

SysCtrlRegsFile 
*          1    00007010    00000020     UNINITIALIZED
                  00007010    00000020     DSP2833x_GlobalVariableDefs.obj (SysCtrlRegsFile)

SpiaRegsFile 
*          1    00007040    00000010     UNINITIALIZED
                  00007040    00000010     DSP2833x_GlobalVariableDefs.obj (SpiaRegsFile)

SciaRegsFile 
*          1    00007050    00000010     UNINITIALIZED
                  00007050    00000010     DSP2833x_GlobalVariableDefs.obj (SciaRegsFile)

XIntruptRegsFile 
*          1    00007070    00000010     UNINITIALIZED
                  00007070    00000010     DSP2833x_GlobalVariableDefs.obj (XIntruptRegsFile)

AdcRegsFile 
*          1    00007100    0000001e     UNINITIALIZED
                  00007100    0000001e     DSP2833x_GlobalVariableDefs.obj (AdcRegsFile)

ScibRegsFile 
*          1    00007750    00000010     UNINITIALIZED
                  00007750    00000010     DSP2833x_GlobalVariableDefs.obj (ScibRegsFile)

ScicRegsFile 
*          1    00007770    00000010     UNINITIALIZED
                  00007770    00000010     DSP2833x_GlobalVariableDefs.obj (ScicRegsFile)

I2caRegsFile 
*          1    00007900    00000022     UNINITIALIZED
                  00007900    00000022     DSP2833x_GlobalVariableDefs.obj (I2caRegsFile)

.ebss      1    0000c000    00001bb1     UNINITIALIZED
                  0000c000    00001b90     F28335A_main.obj (.ebss)
                  0000db90    00000018     DSP2833x_CpuTimers.obj (.ebss)
                  0000dba8    00000004     rts2800_fpu32.lib : _lock.obj (.ebss)
                  0000dbac    00000004                       : exit.obj (.ebss)
                  0000dbb0    00000001                       : errno.obj (.ebss)

.econst    1    0000dbb2    00000b09     
                  0000dbb2    00000802     F28335A_main.obj (.econst:_SIN_TABLE)
                  0000e3b4    00000202     F28335A_main.obj (.econst:_ARCTG_TABLE)
                  0000e5b6    00000100     DSP2833x_PieVect.obj (.econst)
                  0000e6b6    00000004     F28335A_main.obj (.econst:_$P$T0$1)
                  0000e6ba    00000001     F28335A_main.obj (.econst)

CsmPwlFile 
*          1    0033fff8    00000008     UNINITIALIZED
                  0033fff8    00000008     DSP2833x_GlobalVariableDefs.obj (CsmPwlFile)


GLOBAL SYMBOLS: SORTED ALPHABETICALLY BY Name 

address    name
--------   ----
00009740   .text
0000add0   C$$EXIT
0000ab5b   FS$$DIV
0000ad75   I$$DIV
0000ad86   I$$MOD
00008561   _ACON2S2R_W
000084f0   _ACON3S2S
0000a61c   _ADCINT_ISR
0000c130   _ADC_IA
0000c12e   _ADC_IB
0000c134   _ADC_IC
0000c132   _ADC_VA
0000c108   _ADC_VB
0000c106   _ADC_VC
00380080   _ADC_cal
00008373   _ARCTAN
0000e3b4   _ARCTG_TABLE
00000b00   _AdcMirror
00007100   _AdcRegs
0000c206   _Balance
0000c088   _Balance_Start_Time
0000c067   _BiCount
0000c120   _BiMaxInitial
0000c12a   _BiMinInitial
0000c12c   _BiVari
0000c00e   _COM_ALL_rate
0000c011   _COM_EXT_count
0000c017   _COM_I0
0000c024   _COM_IA
0000c018   _COM_IB
0000c016   _COM_IC
0000c010   _COM_IH1
0000c002   _COM_IH1_RATE
0000c004   _COM_IH2
0000c003   _COM_IH2_RATE
0000c000   _COM_IH3
0000c001   _COM_IH3_RATE
0000c012   _COM_IHB_RATE
0000c040   _COM_Ih_max
0000c021   _COM_Iz
0000c007   _COM_Kp
0000c020   _COM_Ti
0000c022   _COM_Tu
0000c041   _COM_U
0000c025   _COM_UAB
0000c026   _COM_UBC
0000c023   _COM_UCA
0000c043   _COM_UDCREF
0000c00f   _COM_UDC_Max
0000c005   _COM_Ua
0000c006   _COM_Udb
0000c01b   _COM_Udc
0000c128   _COM_Udc1
0000c01e   _COM_Uz
0000c008   _COM_ki
00009ad1   _COM_main
0000852e   _CON2S2R_W
000084b0   _CON3S2S
0000c03c   _C_data_count1
0000c044   _C_data_count2
0000c042   _C_data_count3
0000c00c   _C_way
0000c06a   _Chose_angle
0000c196   _CloseGrid
0000c028   _CloseLoop_Grid
0000c394   _Com_date
0000ac22   _ConfigCpuTimer
0000c186   _Count
0000dba0   _CpuTimer0
0000c05d   _CpuTimer0Count
00000c00   _CpuTimer0Regs
0000db90   _CpuTimer1
00000c08   _CpuTimer1Regs
0000db98   _CpuTimer2
00000c10   _CpuTimer2Regs
0033fff8   _CsmPwl
00000ae0   _CsmRegs
0000c084   _Curr_PI1_integ
0000c080   _Curr_PI1_out
0000c0a6   _Curr_PI2_integ
0000c082   _Curr_PI2_out
0000c3c0   _Current_IA
0000c4c0   _Current_IB
0000c5c0   _Current_IC
00008000   _Current_PI1
00008054   _Current_PI2
0000c070   _Current_flag
0000c055   _DA0
0000c076   _DA0_Zero
0000c054   _DA1
0000c075   _DA1_Zero
0000c059   _DA2
0000c078   _DA2_Zero
0000c056   _DA3
0000c073   _DA3_Zero
0000c072   _DA4_Zero
0000c077   _DA5_Zero
0000c074   _DA6_Zero
0000c07d   _DA7_Zero
0000c07c   _DA8_Zero
0000a547   _DATALOG_ISR
0000c202   _DA_Current
0000c212   _DA_Current_dq
0000a471   _DA_Initialization
0000c1fe   _DA_InterPhase
000086af   _DA_OUT
0000c1fc   _DA_OutPhase
0000c200   _DA_Phase
0000c19a   _DA_Phase_PLL
0000c05b   _DA_Switch
0000c308   _DA_Test
0000c204   _DA_Voltage
0000c210   _DA_Voltage_A
0000c20c   _DA_Voltage_B
0000c208   _DA_Voltage_C
0000c20e   _DA_Voltage_neg
0000c10c   _DC_A1
0000c10a   _DC_A2
0000c100   _DC_A3
0000c0fe   _DC_B1
0000c104   _DC_B2
0000c102   _DC_B3
0000c118   _DC_C1
0000c116   _DC_C2
0000c11c   _DC_C3
0000c04c   _DC_Step
0000a744   _DINTCH1_ISR
0000a74e   _DINTCH2_ISR
0000a758   _DINTCH3_ISR
0000a762   _DINTCH4_ISR
0000a76c   _DINTCH5_ISR
0000a776   _DINTCH6_ISR
00008bdf   _DataCheck
0000c05f   _DataCheck_Flag
0000c07e   _Data_Check_A1
0000c07b   _Data_Check_A2
0000c079   _Data_Check_A3
0000c07a   _Data_Check_B1
0000c069   _Data_Check_B2
0000c068   _Data_Check_B3
0000c06f   _Data_Check_C1
0000c066   _Data_Check_C2
0000c065   _Data_Check_C3
00000880   _DevEmuRegs
0000aa35   _DisableDog
00009c7b   _Display
0000c164   _DisplayLS1
0000c13a   _DisplayLS2
0000a27e   _Display_CON3S2S
00009ee9   _Display_Current
00009d6d   _Display_Para
0000a240   _Display_Send_Ready
00001000   _DmaRegs
0000a7d0   _ECAN0INTA_ISR
0000a7e4   _ECAN0INTB_ISR
0000a7da   _ECAN1INTA_ISR
0000a7ee   _ECAN1INTB_ISR
0000a6b8   _ECAP1_INT_ISR
0000a6c2   _ECAP2_INT_ISR
0000a6cc   _ECAP3_INT_ISR
0000a6d6   _ECAP4_INT_ISR
0000a6e0   _ECAP5_INT_ISR
0000a6ea   _ECAP6_INT_ISR
00006040   _ECanaLAMRegs
000060c0   _ECanaMOTORegs
00006080   _ECanaMOTSRegs
00006100   _ECanaMboxes
00006000   _ECanaRegs
00006240   _ECanbLAMRegs
000062c0   _ECanbMOTORegs
00006280   _ECanbMOTSRegs
00006300   _ECanbMboxes
00006200   _ECanbRegs
00006a00   _ECap1Regs
00006a20   _ECap2Regs
00006a40   _ECap3Regs
00006a60   _ECap4Regs
00006a80   _ECap5Regs
00006aa0   _ECap6Regs
0000c051   _EEPROM_Compare
0000c060   _EEPROM_No_WRed_Sign
0000a841   _EMPTY_ISR
0000a55b   _EMUINT_ISR
0000a676   _EPWM1_INT_ISR
0000a63a   _EPWM1_TZINT_ISR
0000a683   _EPWM2_INT_ISR
0000a644   _EPWM2_TZINT_ISR
0000a68d   _EPWM3_INT_ISR
0000a64e   _EPWM3_TZINT_ISR
0000a697   _EPWM4_INT_ISR
0000a658   _EPWM4_TZINT_ISR
0000a6a4   _EPWM5_INT_ISR
0000a662   _EPWM5_TZINT_ISR
0000a6ae   _EPWM6_INT_ISR
0000a66c   _EPWM6_TZINT_ISR
00006800   _EPwm1Regs
00006840   _EPwm2Regs
00006880   _EPwm3Regs
000068c0   _EPwm4Regs
00006900   _EPwm5Regs
00006940   _EPwm6Regs
0000a6f4   _EQEP1_INT_ISR
0000a6fe   _EQEP2_INT_ISR
00006b00   _EQep1Regs
00006b40   _EQep2Regs
0000c01a   _ERROR_flag
0000ad48   _EnableInterrupts
0000c058   _Factory_Flag
0000c03e   _Fault_flag
00000a80   _FlashRegs
0000c222   _General_Protect
00006f80   _GpioCtrlRegs
00006fc0   _GpioDataRegs
00006fe0   _GpioIntRegs
0000c00a   _GraphID
0000a780   _I2CINT1A_ISR
0000a78a   _I2CINT2A_ISR
00007900   _I2caRegs
0000c2ae   _IASVG
0000c2c0   _IASVG_Max
0000c2a8   _IASVG_Min
0000c2b8   _IASVG_Sample
0000c282   _IA_P2P
0000c13c   _IA_THETA_neg
0000c2aa   _IBSVG
0000c2b4   _IBSVG_Sample
0000c280   _IB_P2P
0000c13e   _IB_THETA_neg
0000c2ac   _ICSVG
0000c2a4   _ICSVG_Max
0000c2a6   _ICSVG_Min
0000c2b6   _ICSVG_Sample
0000c286   _IC_P2P
0000c148   _IC_THETA_neg
0000a56f   _ILLEGAL_ISR
0000c01c   _INRL_data
0000a530   _INT13_ISR
0000a53d   _INT14_ISR
0000c22a   _I_alpha
0000c23a   _I_amp
0000c230   _I_beta
0000c258   _I_d
0000c22e   _I_d_Pre
0000c0e8   _I_derror
0000c244   _I_q
0000c240   _I_q_Pre
0000c0e2   _I_qerror
0000c284   _Ialpha_N
0000c296   _Ibeta_N
0000c298   _Id_N
0000c0a0   _Id_WL
0000c288   _Id_p
0000c23c   _Idref
0000c190   _InOuterPhase
0000c029   _InPhase_Flag
0000c0ca   _In_Ramp
0000c0d4   _In_slip
0000abe3   _InitCpuTimers0
0000abf8   _InitCpuTimers1
0000ac0d   _InitCpuTimers2
00008787   _InitFlash
0000a968   _InitGpio
0000ad01   _InitI2C
0000ad13   _InitI2CGpio
0000a494   _InitInterrupts
0000aa72   _InitPeripheralClocks
0000ad29   _InitPieCtrl
0000ad97   _InitPieVectTable
0000aa3d   _InitPll
0000ab16   _InitSci
0000aacd   _InitSciGpio
0000aad4   _InitSciaGpio
0000aaea   _InitScibGpio
0000ab00   _InitScicGpio
0000acab   _InitSpi
0000acba   _InitSpiGpio
0000ac5d   _InitSpiaGpio
0000ac83   _InitSpicGpio
0000aa22   _InitSysCtrl
0000a901   _InitXintf
0000a8a9   _InitXintf16Gpio
0000a862   _InitXintf32Gpio
0000c053   _Init_i
0000c06b   _Init_para_flag
0000c198   _InterPhase
0000c224   _Ipcc_Amp
0000c28c   _Iq_N
0000c09e   _Iq_WL
0000c1f8   _K_IA
0000c1fa   _K_IB
0000c1f6   _K_IC
0000c1da   _K_UA1
0000c1dc   _K_UA2
0000c1d8   _K_UA3
0000c1f0   _K_UAB
0000c1e6   _K_UB1
0000c1e8   _K_UB2
0000c1e4   _K_UB3
0000c1ec   _K_UBC
0000c21c   _K_UC1
0000c218   _K_UC2
0000c214   _K_UC3
0000c150   _Kp_P2P_Neg
0000c144   _Kp_P2P_Zero
0000c152   _Kp_UNeg
0000c242   _LS1
0000c236   _LS2
0000c22c   _LS3
0000a837   _LUF_ISR
0000a82d   _LVF_ISR
0000c126   _LineVolSquare
0000c300   _Local_DA
0000c064   _Local_DA_Flag
0000894b   _Local_DC_Process
0000a730   _MRINTA_ISR
0000a71c   _MRINTB_ISR
0000a73a   _MXINTA_ISR
0000a726   _MXINTB_ISR
0000c2f2   _Main_DA
00008727   _Main_DA_OUT
00005000   _McbspaRegs
00005040   _McbspbRegs
0000a4ca   _MemCopy
0000c35e   _MsgBuffer_Receive
0000c34f   _MsgBuffer_Send
0000c05c   _NMICount
0000a565   _NMI_ISR
0000c01f   _Negative
0000c19e   _Omiga
0000c17e   _Omiga_t
0000c192   _OpenGrid
0000c194   _OuterPhase
000087a3   _P2P_Balance_Neg_I
00008878   _P2P_Balance_Neg_U
000088ed   _P2P_Balance_Zero
0000c02a   _P2P_Flag_Neg
0000c027   _P2P_Flag_Zero
0000a84e   _PIE_RESERVED
0000a4df   _PWM_Initialization
0000c380   _Para1_Intdate
0000c319   _Para1_set
0000c340   _Para2_Intdate
0000c310   _Para2_set
0000c03d   _Para_SET
00009f2f   _Para_set1
0000a0e6   _Para_set2
0000a214   _Para_set_end
00000ce0   _PieCtrlRegs
00000d00   _PieVectTable
0000e5b6   _PieVectTableInit
0000c17a   _Q
0000c11a   _Q_REF
0000c178   _Q_start_time
0000a3ff   _RD_DATA_PROCESS
0000a2ca   _RD_EEPROM
0000a551   _RTOSINT_ISR
0000c2eb   _Read_control
00009be4   _Read_date
0000c03b   _Receive_date_error
0000c02b   _ReceivedChar
0000c05e   _Reset_Flag
0000a362   _Restore_Factory_Set
0000c019   _Run_Flag
0000c03f   _Run_Stop_Flag
0000a7a8   _SCIRXINTA_ISR
0000a7bc   _SCIRXINTB_ISR
0000a794   _SCIRXINTC_ISR
0000a7b2   _SCITXINTA_ISR
0000a7c6   _SCITXINTB_ISR
0000a79e   _SCITXINTC_ISR
0000a5f4   _SEQ1INT_ISR
0000a5fe   _SEQ2INT_ISR
0000dbb2   _SIN_TABLE
0000a708   _SPIRXINTA_ISR
0000a712   _SPITXINTA_ISR
00007050   _SciaRegs
00007750   _ScibRegs
00007770   _ScicRegs
0000aa2b   _ServiceDog
00008592   _Sin_Value
0000c184   _Sine_m
0000c1c8   _Soft_Protect
00007040   _SpiaRegs
0000c1a2   _Start_Balance
00007010   _SysCtrlRegs
0000c014   _THD_IA
0000c015   _THD_IB
0000c01d   _THD_IC
0000c2da   _THETA_C
0000c246   _THETA_COM_I
0000c25e   _THETA_COM_I2S2R
0000c24c   _THETA_COM_I_N
0000c248   _THETA_COM_U2R2S
0000c252   _THETA_COM_U2R2S_Open
0000c25c   _THETA_C_ab
0000c250   _THETA_C_test
0000c24e   _THETA_Com_PLL
0000c24a   _THETA_Com_Test
0000c26a   _THETA_IA
0000c268   _THETA_IB
0000c27a   _THETA_IC
0000c14a   _THETA_Zero
0000c096   _THETA_neg
0000a626   _TINT0_ISR
0000c04d   _Ts_Id
0000c04a   _Ts_UDC
0000c16a   _UA1_pos
0000c276   _UA2_pos
0000c15e   _UA3_pos
0000c2c2   _UABDRF
0000c2ca   _UAB_Max
0000c2c6   _UAB_Min
0000c2a2   _UAB_Pre
0000c2ba   _UAB_Sample
0000c1ee   _UAB_Z
0000c122   _UA_Display
0000c094   _UA_P2P
0000c156   _UA_THETA_neg
0000c2ce   _UA_test
0000c16c   _UB1_pos
0000c172   _UB2_pos
0000c160   _UB3_pos
0000c2b0   _UBCDRF
0000c2c8   _UBC_Max
0000c2c4   _UBC_Min
0000c29e   _UBC_Pre
0000c2bc   _UBC_Sample
0000c21e   _UBC_Z
0000c138   _UB_Display
0000c092   _UB_P2P
0000c140   _UB_THETA_neg
0000c2e2   _UB_test
0000c176   _UC1_pos
0000c174   _UC2_pos
0000c15c   _UC3_pos
0000c2b2   _UCADRF
0000c2a0   _UCA_Pre
0000c136   _UC_Display
0000c09c   _UC_P2P
0000c142   _UC_THETA_neg
0000c2d4   _UC_test
0000c06d   _UDCA1
0000c046   _UDCA2
0000c02d   _UDCA3
0000c045   _UDCB1
0000c048   _UDCB2
0000c02c   _UDCB3
0000c047   _UDCC1
0000c049   _UDCC2
0000c02f   _UDCC3
0000c110   _UDCREF
0000c2e4   _UDCREF_Ref
0000c1c4   _UDC_AR1
0000c1c6   _UDC_AR2
0000c1d0   _UDC_AR3
0000c228   _UDC_Amp
0000c1c2   _UDC_BR1
0000c1be   _UDC_BR2
0000c1d2   _UDC_BR3
0000c1c0   _UDC_CR1
0000c20a   _UDC_CR2
0000c1ce   _UDC_CR3
0000c168   _UDC_Ki
0000c166   _UDC_Kp
0000c114   _UDC_Max
000080a8   _UDC_PI
000080fc   _UDC_PIA1
00008168   _UDC_PIA2
000081cd   _UDC_PIB1
00008232   _UDC_PIB2
0000829d   _UDC_PIC1
00008308   _UDC_PIC2
0000c238   _UDC_PI_integ
0000c0c4   _UDC_PI_integ_A1
0000c0c0   _UDC_PI_integ_A2
0000c0f0   _UDC_PI_integ_A3
0000c0ec   _UDC_PI_integ_B1
0000c0f8   _UDC_PI_integ_B2
0000c0f4   _UDC_PI_integ_B3
0000c0ea   _UDC_PI_integ_C1
0000c0e0   _UDC_PI_integ_C2
0000c0dc   _UDC_PI_integ_C3
0000c23e   _UDC_PI_out
0000c0be   _UDC_PI_out_A1
0000c0fc   _UDC_PI_out_A2
0000c0f2   _UDC_PI_out_A3
0000c0ee   _UDC_PI_out_B1
0000c0fa   _UDC_PI_out_B2
0000c0f6   _UDC_PI_out_B3
0000c0de   _UDC_PI_out_C1
0000c0da   _UDC_PI_out_C2
0000c0e6   _UDC_PI_out_C3
0000c1b4   _UDC_Rf2
0000c1ca   _UDC_RfA1
0000c1cc   _UDC_RfA2
0000c1a6   _UDC_RfA3
0000c1b0   _UDC_RfB1
0000c1ac   _UDC_RfB2
0000c1a8   _UDC_RfB3
0000c1ae   _UDC_RfC1
0000c1aa   _UDC_RfC2
0000c1bc   _UDC_RfC3
0000c1d4   _UDC_ZA1
0000c1d6   _UDC_ZA2
0000c1ea   _UDC_ZA3
0000c1e0   _UDC_ZB1
0000c1e2   _UDC_ZB2
0000c21a   _UDC_ZB3
0000c216   _UDC_ZC1
0000c2be   _UDC_ZC2
0000c226   _UDC_ZC3
0000c1f2   _UDC_ZIA
0000c1f4   _UDC_ZIB
0000c1de   _UDC_ZIC
0000c1b2   _UDC_aver
0000c1b8   _UDC_averA
0000c1ba   _UDC_averB
0000c1b6   _UDC_averC
0000c086   _UDC_deltA
0000c290   _UDC_deltA1
0000c28e   _UDC_deltA2
0000c294   _UDC_deltA3
0000c090   _UDC_deltB
0000c26e   _UDC_deltB1
0000c26c   _UDC_deltB2
0000c27c   _UDC_deltB3
0000c08a   _UDC_deltC
0000c270   _UDC_deltC1
0000c266   _UDC_deltC2
0000c264   _UDC_deltC3
0000c098   _UDC_delt_alpha
0000c0ae   _UDC_delt_beta
0000c28a   _UDC_erro
0000c292   _UDC_inA1
0000c27e   _UDC_inA2
0000c274   _UDC_inA3
0000c272   _UDC_inB1
0000c278   _UDC_inB2
0000c0d8   _UDC_inB3
0000c0cc   _UDC_inC1
0000c0ce   _UDC_inC2
0000c0c8   _UDC_inC3
0000c0d6   _UDCref_A1
0000c0d0   _UDCref_A2
0000c0d2   _UDCref_A3
0000c0c6   _UDCref_B1
0000c0ba   _UDCref_B2
0000c0bc   _UDCref_B3
0000c0b6   _UDCref_C1
0000c0b8   _UDCref_C2
0000c0c2   _UDCref_C3
0000c2d8   _US
0000a5d6   _USER10_ISR
0000a5e0   _USER11_ISR
0000a5ea   _USER12_ISR
0000a57c   _USER1_ISR
0000a586   _USER2_ISR
0000a590   _USER3_ISR
0000a59a   _USER4_ISR
0000a5a4   _USER5_ISR
0000a5ae   _USER6_ISR
0000a5b8   _USER7_ISR
0000a5c2   _USER8_ISR
0000a5cc   _USER9_ISR
0000c2dc   _US_Display
0000c2e0   _US_Pre
0000c256   _US_d
0000c254   _US_q
0000c2d0   _U_ADRF
0000c2d6   _U_BDRF
0000c2cc   _U_CDRF
0000c10e   _U_FtoI
0000c146   _U_Zero_amp
0000c0a8   _U_alpha_close
0000c0aa   _U_alpha_close1
0000c262   _U_alpha_open_after
0000c2d2   _U_alpha_open_pre
0000c035   _U_aout1
0000c033   _U_aout2
0000c034   _U_aout3
0000c0b0   _U_aout_close
0000c08e   _U_aout_close1
0000c25a   _U_aout_open
0000c0a2   _U_beta_close
0000c0b4   _U_beta_close1
0000c260   _U_beta_open_after
0000c2de   _U_beta_open_pre
0000c031   _U_bout1
0000c032   _U_bout2
0000c03a   _U_bout3
0000c0e4   _U_bout_close
0000c08c   _U_bout_close1
0000c234   _U_bout_open
0000c038   _U_cout1
0000c039   _U_cout2
0000c036   _U_cout3
0000c0ac   _U_cout_close
0000c09a   _U_cout_close1
0000c232   _U_cout_open
0000c18e   _U_dF
0000c18c   _U_dF1
0000c14c   _U_delta_amp
0000c14e   _U_delta_slip
0000c0a4   _U_dout
0000c154   _U_negU_amp
0000c17c   _U_neg_Kp
0000c15a   _U_neg_amp
0000c18a   _U_qF
0000c188   _U_qF1
0000c0b2   _U_qout
0000c112   _Ud_Ki
0000c162   _Ud_Kp
0000c29a   _Udc_Ramp
0000c158   _Udc_delta_Ramp
0000c29c   _Udc_slip
0000c220   _Upcc_Amp
0000c063   _Version_Erro_Sign
0000e6ba   _Version_No
0000a630   _WAKEINT_ISR
0000a433   _WR_DATA_PROCESS
0000a320   _WR_EEPROM
0000a608   _XINT1_ISR
0000a612   _XINT2_ISR
0000a7f8   _XINT3_ISR
0000a802   _XINT4_ISR
0000a80c   _XINT5_ISR
0000a819   _XINT6_ISR
0000a823   _XINT7_ISR
00007070   _XIntruptRegs
00008c23   _XNMI_ISR
0000a476   _XNMI_ISR_Init
00000b20   _XintfRegs
00000700   __STACK_END
00000300   __STACK_SIZE
00000001   __TI_args_main
ffffffff   ___binit__
ffffffff   ___c_args__
0000adfa   ___cinit__
0000adfa   ___etext__
ffffffff   ___pinit__
00009740   ___text__
0000adb7   __args_main
0000dbac   __cleanup_ptr
0000dbae   __dtors_ptr
0000dbaa   __lock
0000adf1   __nop
0000aded   __register_lock
0000ade9   __register_unlock
00000400   __stack
0000dba8   __unlock
0000add0   _abort
0000c11e   _alpha
0000c124   _belta
0000acbb   _c_int00
0000c02e   _com
0000c04b   _com1
0000c16e   _cosVal
00008c65   _cpu_timer0_isr
0000c052   _delay_Count
0000c04f   _delay_PWM
000086a3   _delay_t
0000a2be   _delay_t1
0000c05a   _delay_time_AD
0000c06c   _delay_time_DA
0000c04e   _delay_time_Main_DA
0000c057   _delay_time_rcvd
0000c050   _delay_time_send
0000c32e   _display_date_one
0000c322   _display_date_two
0000c030   _display_flag
0000dbb0   _errno
0000add2   _exit
0000c013   _filter
0000c00d   _graph_Switch
0000c6c0   _graph_data1
0000d4c0   _graph_data10
0000d300   _graph_data11
0000d680   _graph_data12
0000cc00   _graph_data2
0000cf80   _graph_data3
0000ca40   _graph_data4
0000c880   _graph_data5
0000da00   _graph_data6
0000d840   _graph_data7
0000d140   _graph_data8
0000cdc0   _graph_data9
0000c06e   _i
0000c1a0   _ia
0000c19c   _ic
0000c180   _invented_integral
0000c1a4   _invented_power
0000c00b   _m
00009740   _main
0000c009   _mmm
0000c071   _n
0000c037   _n_cycle
0000c061   _nobits
0000c182   _omiga_delta
0000c062   _period
0000a858   _rsvd_ISR
0000c170   _sinVal
0000ad52   _sqrt
ffffffff   binit
0000adfa   cinit
00000000   code_start
0000adfa   etext
ffffffff   pinit


GLOBAL SYMBOLS: SORTED BY Symbol Address 

address    name
--------   ----
00000000   code_start
00000001   __TI_args_main
00000300   __STACK_SIZE
00000400   __stack
00000700   __STACK_END
00000880   _DevEmuRegs
00000a80   _FlashRegs
00000ae0   _CsmRegs
00000b00   _AdcMirror
00000b20   _XintfRegs
00000c00   _CpuTimer0Regs
00000c08   _CpuTimer1Regs
00000c10   _CpuTimer2Regs
00000ce0   _PieCtrlRegs
00000d00   _PieVectTable
00001000   _DmaRegs
00005000   _McbspaRegs
00005040   _McbspbRegs
00006000   _ECanaRegs
00006040   _ECanaLAMRegs
00006080   _ECanaMOTSRegs
000060c0   _ECanaMOTORegs
00006100   _ECanaMboxes
00006200   _ECanbRegs
00006240   _ECanbLAMRegs
00006280   _ECanbMOTSRegs
000062c0   _ECanbMOTORegs
00006300   _ECanbMboxes
00006800   _EPwm1Regs
00006840   _EPwm2Regs
00006880   _EPwm3Regs
000068c0   _EPwm4Regs
00006900   _EPwm5Regs
00006940   _EPwm6Regs
00006a00   _ECap1Regs
00006a20   _ECap2Regs
00006a40   _ECap3Regs
00006a60   _ECap4Regs
00006a80   _ECap5Regs
00006aa0   _ECap6Regs
00006b00   _EQep1Regs
00006b40   _EQep2Regs
00006f80   _GpioCtrlRegs
00006fc0   _GpioDataRegs
00006fe0   _GpioIntRegs
00007010   _SysCtrlRegs
00007040   _SpiaRegs
00007050   _SciaRegs
00007070   _XIntruptRegs
00007100   _AdcRegs
00007750   _ScibRegs
00007770   _ScicRegs
00007900   _I2caRegs
00008000   _Current_PI1
00008054   _Current_PI2
000080a8   _UDC_PI
000080fc   _UDC_PIA1
00008168   _UDC_PIA2
000081cd   _UDC_PIB1
00008232   _UDC_PIB2
0000829d   _UDC_PIC1
00008308   _UDC_PIC2
00008373   _ARCTAN
000084b0   _CON3S2S
000084f0   _ACON3S2S
0000852e   _CON2S2R_W
00008561   _ACON2S2R_W
00008592   _Sin_Value
000086a3   _delay_t
000086af   _DA_OUT
00008727   _Main_DA_OUT
00008787   _InitFlash
000087a3   _P2P_Balance_Neg_I
00008878   _P2P_Balance_Neg_U
000088ed   _P2P_Balance_Zero
0000894b   _Local_DC_Process
00008bdf   _DataCheck
00008c23   _XNMI_ISR
00008c65   _cpu_timer0_isr
00009740   .text
00009740   ___text__
00009740   _main
00009ad1   _COM_main
00009be4   _Read_date
00009c7b   _Display
00009d6d   _Display_Para
00009ee9   _Display_Current
00009f2f   _Para_set1
0000a0e6   _Para_set2
0000a214   _Para_set_end
0000a240   _Display_Send_Ready
0000a27e   _Display_CON3S2S
0000a2be   _delay_t1
0000a2ca   _RD_EEPROM
0000a320   _WR_EEPROM
0000a362   _Restore_Factory_Set
0000a3ff   _RD_DATA_PROCESS
0000a433   _WR_DATA_PROCESS
0000a471   _DA_Initialization
0000a476   _XNMI_ISR_Init
0000a494   _InitInterrupts
0000a4ca   _MemCopy
0000a4df   _PWM_Initialization
0000a530   _INT13_ISR
0000a53d   _INT14_ISR
0000a547   _DATALOG_ISR
0000a551   _RTOSINT_ISR
0000a55b   _EMUINT_ISR
0000a565   _NMI_ISR
0000a56f   _ILLEGAL_ISR
0000a57c   _USER1_ISR
0000a586   _USER2_ISR
0000a590   _USER3_ISR
0000a59a   _USER4_ISR
0000a5a4   _USER5_ISR
0000a5ae   _USER6_ISR
0000a5b8   _USER7_ISR
0000a5c2   _USER8_ISR
0000a5cc   _USER9_ISR
0000a5d6   _USER10_ISR
0000a5e0   _USER11_ISR
0000a5ea   _USER12_ISR
0000a5f4   _SEQ1INT_ISR
0000a5fe   _SEQ2INT_ISR
0000a608   _XINT1_ISR
0000a612   _XINT2_ISR
0000a61c   _ADCINT_ISR
0000a626   _TINT0_ISR
0000a630   _WAKEINT_ISR
0000a63a   _EPWM1_TZINT_ISR
0000a644   _EPWM2_TZINT_ISR
0000a64e   _EPWM3_TZINT_ISR
0000a658   _EPWM4_TZINT_ISR
0000a662   _EPWM5_TZINT_ISR
0000a66c   _EPWM6_TZINT_ISR
0000a676   _EPWM1_INT_ISR
0000a683   _EPWM2_INT_ISR
0000a68d   _EPWM3_INT_ISR
0000a697   _EPWM4_INT_ISR
0000a6a4   _EPWM5_INT_ISR
0000a6ae   _EPWM6_INT_ISR
0000a6b8   _ECAP1_INT_ISR
0000a6c2   _ECAP2_INT_ISR
0000a6cc   _ECAP3_INT_ISR
0000a6d6   _ECAP4_INT_ISR
0000a6e0   _ECAP5_INT_ISR
0000a6ea   _ECAP6_INT_ISR
0000a6f4   _EQEP1_INT_ISR
0000a6fe   _EQEP2_INT_ISR
0000a708   _SPIRXINTA_ISR
0000a712   _SPITXINTA_ISR
0000a71c   _MRINTB_ISR
0000a726   _MXINTB_ISR
0000a730   _MRINTA_ISR
0000a73a   _MXINTA_ISR
0000a744   _DINTCH1_ISR
0000a74e   _DINTCH2_ISR
0000a758   _DINTCH3_ISR
0000a762   _DINTCH4_ISR
0000a76c   _DINTCH5_ISR
0000a776   _DINTCH6_ISR
0000a780   _I2CINT1A_ISR
0000a78a   _I2CINT2A_ISR
0000a794   _SCIRXINTC_ISR
0000a79e   _SCITXINTC_ISR
0000a7a8   _SCIRXINTA_ISR
0000a7b2   _SCITXINTA_ISR
0000a7bc   _SCIRXINTB_ISR
0000a7c6   _SCITXINTB_ISR
0000a7d0   _ECAN0INTA_ISR
0000a7da   _ECAN1INTA_ISR
0000a7e4   _ECAN0INTB_ISR
0000a7ee   _ECAN1INTB_ISR
0000a7f8   _XINT3_ISR
0000a802   _XINT4_ISR
0000a80c   _XINT5_ISR
0000a819   _XINT6_ISR
0000a823   _XINT7_ISR
0000a82d   _LVF_ISR
0000a837   _LUF_ISR
0000a841   _EMPTY_ISR
0000a84e   _PIE_RESERVED
0000a858   _rsvd_ISR
0000a862   _InitXintf32Gpio
0000a8a9   _InitXintf16Gpio
0000a901   _InitXintf
0000a968   _InitGpio
0000aa22   _InitSysCtrl
0000aa2b   _ServiceDog
0000aa35   _DisableDog
0000aa3d   _InitPll
0000aa72   _InitPeripheralClocks
0000aacd   _InitSciGpio
0000aad4   _InitSciaGpio
0000aaea   _InitScibGpio
0000ab00   _InitScicGpio
0000ab16   _InitSci
0000ab5b   FS$$DIV
0000abe3   _InitCpuTimers0
0000abf8   _InitCpuTimers1
0000ac0d   _InitCpuTimers2
0000ac22   _ConfigCpuTimer
0000ac5d   _InitSpiaGpio
0000ac83   _InitSpicGpio
0000acab   _InitSpi
0000acba   _InitSpiGpio
0000acbb   _c_int00
0000ad01   _InitI2C
0000ad13   _InitI2CGpio
0000ad29   _InitPieCtrl
0000ad48   _EnableInterrupts
0000ad52   _sqrt
0000ad75   I$$DIV
0000ad86   I$$MOD
0000ad97   _InitPieVectTable
0000adb7   __args_main
0000add0   C$$EXIT
0000add0   _abort
0000add2   _exit
0000ade9   __register_unlock
0000aded   __register_lock
0000adf1   __nop
0000adfa   ___cinit__
0000adfa   ___etext__
0000adfa   cinit
0000adfa   etext
0000c000   _COM_IH3
0000c001   _COM_IH3_RATE
0000c002   _COM_IH1_RATE
0000c003   _COM_IH2_RATE
0000c004   _COM_IH2
0000c005   _COM_Ua
0000c006   _COM_Udb
0000c007   _COM_Kp
0000c008   _COM_ki
0000c009   _mmm
0000c00a   _GraphID
0000c00b   _m
0000c00c   _C_way
0000c00d   _graph_Switch
0000c00e   _COM_ALL_rate
0000c00f   _COM_UDC_Max
0000c010   _COM_IH1
0000c011   _COM_EXT_count
0000c012   _COM_IHB_RATE
0000c013   _filter
0000c014   _THD_IA
0000c015   _THD_IB
0000c016   _COM_IC
0000c017   _COM_I0
0000c018   _COM_IB
0000c019   _Run_Flag
0000c01a   _ERROR_flag
0000c01b   _COM_Udc
0000c01c   _INRL_data
0000c01d   _THD_IC
0000c01e   _COM_Uz
0000c01f   _Negative
0000c020   _COM_Ti
0000c021   _COM_Iz
0000c022   _COM_Tu
0000c023   _COM_UCA
0000c024   _COM_IA
0000c025   _COM_UAB
0000c026   _COM_UBC
0000c027   _P2P_Flag_Zero
0000c028   _CloseLoop_Grid
0000c029   _InPhase_Flag
0000c02a   _P2P_Flag_Neg
0000c02b   _ReceivedChar
0000c02c   _UDCB3
0000c02d   _UDCA3
0000c02e   _com
0000c02f   _UDCC3
0000c030   _display_flag
0000c031   _U_bout1
0000c032   _U_bout2
0000c033   _U_aout2
0000c034   _U_aout3
0000c035   _U_aout1
0000c036   _U_cout3
0000c037   _n_cycle
0000c038   _U_cout1
0000c039   _U_cout2
0000c03a   _U_bout3
0000c03b   _Receive_date_error
0000c03c   _C_data_count1
0000c03d   _Para_SET
0000c03e   _Fault_flag
0000c03f   _Run_Stop_Flag
0000c040   _COM_Ih_max
0000c041   _COM_U
0000c042   _C_data_count3
0000c043   _COM_UDCREF
0000c044   _C_data_count2
0000c045   _UDCB1
0000c046   _UDCA2
0000c047   _UDCC1
0000c048   _UDCB2
0000c049   _UDCC2
0000c04a   _Ts_UDC
0000c04b   _com1
0000c04c   _DC_Step
0000c04d   _Ts_Id
0000c04e   _delay_time_Main_DA
0000c04f   _delay_PWM
0000c050   _delay_time_send
0000c051   _EEPROM_Compare
0000c052   _delay_Count
0000c053   _Init_i
0000c054   _DA1
0000c055   _DA0
0000c056   _DA3
0000c057   _delay_time_rcvd
0000c058   _Factory_Flag
0000c059   _DA2
0000c05a   _delay_time_AD
0000c05b   _DA_Switch
0000c05c   _NMICount
0000c05d   _CpuTimer0Count
0000c05e   _Reset_Flag
0000c05f   _DataCheck_Flag
0000c060   _EEPROM_No_WRed_Sign
0000c061   _nobits
0000c062   _period
0000c063   _Version_Erro_Sign
0000c064   _Local_DA_Flag
0000c065   _Data_Check_C3
0000c066   _Data_Check_C2
0000c067   _BiCount
0000c068   _Data_Check_B3
0000c069   _Data_Check_B2
0000c06a   _Chose_angle
0000c06b   _Init_para_flag
0000c06c   _delay_time_DA
0000c06d   _UDCA1
0000c06e   _i
0000c06f   _Data_Check_C1
0000c070   _Current_flag
0000c071   _n
0000c072   _DA4_Zero
0000c073   _DA3_Zero
0000c074   _DA6_Zero
0000c075   _DA1_Zero
0000c076   _DA0_Zero
0000c077   _DA5_Zero
0000c078   _DA2_Zero
0000c079   _Data_Check_A3
0000c07a   _Data_Check_B1
0000c07b   _Data_Check_A2
0000c07c   _DA8_Zero
0000c07d   _DA7_Zero
0000c07e   _Data_Check_A1
0000c080   _Curr_PI1_out
0000c082   _Curr_PI2_out
0000c084   _Curr_PI1_integ
0000c086   _UDC_deltA
0000c088   _Balance_Start_Time
0000c08a   _UDC_deltC
0000c08c   _U_bout_close1
0000c08e   _U_aout_close1
0000c090   _UDC_deltB
0000c092   _UB_P2P
0000c094   _UA_P2P
0000c096   _THETA_neg
0000c098   _UDC_delt_alpha
0000c09a   _U_cout_close1
0000c09c   _UC_P2P
0000c09e   _Iq_WL
0000c0a0   _Id_WL
0000c0a2   _U_beta_close
0000c0a4   _U_dout
0000c0a6   _Curr_PI2_integ
0000c0a8   _U_alpha_close
0000c0aa   _U_alpha_close1
0000c0ac   _U_cout_close
0000c0ae   _UDC_delt_beta
0000c0b0   _U_aout_close
0000c0b2   _U_qout
0000c0b4   _U_beta_close1
0000c0b6   _UDCref_C1
0000c0b8   _UDCref_C2
0000c0ba   _UDCref_B2
0000c0bc   _UDCref_B3
0000c0be   _UDC_PI_out_A1
0000c0c0   _UDC_PI_integ_A2
0000c0c2   _UDCref_C3
0000c0c4   _UDC_PI_integ_A1
0000c0c6   _UDCref_B1
0000c0c8   _UDC_inC3
0000c0ca   _In_Ramp
0000c0cc   _UDC_inC1
0000c0ce   _UDC_inC2
0000c0d0   _UDCref_A2
0000c0d2   _UDCref_A3
0000c0d4   _In_slip
0000c0d6   _UDCref_A1
0000c0d8   _UDC_inB3
0000c0da   _UDC_PI_out_C2
0000c0dc   _UDC_PI_integ_C3
0000c0de   _UDC_PI_out_C1
0000c0e0   _UDC_PI_integ_C2
0000c0e2   _I_qerror
0000c0e4   _U_bout_close
0000c0e6   _UDC_PI_out_C3
0000c0e8   _I_derror
0000c0ea   _UDC_PI_integ_C1
0000c0ec   _UDC_PI_integ_B1
0000c0ee   _UDC_PI_out_B1
0000c0f0   _UDC_PI_integ_A3
0000c0f2   _UDC_PI_out_A3
0000c0f4   _UDC_PI_integ_B3
0000c0f6   _UDC_PI_out_B3
0000c0f8   _UDC_PI_integ_B2
0000c0fa   _UDC_PI_out_B2
0000c0fc   _UDC_PI_out_A2
0000c0fe   _DC_B1
0000c100   _DC_A3
0000c102   _DC_B3
0000c104   _DC_B2
0000c106   _ADC_VC
0000c108   _ADC_VB
0000c10a   _DC_A2
0000c10c   _DC_A1
0000c10e   _U_FtoI
0000c110   _UDCREF
0000c112   _Ud_Ki
0000c114   _UDC_Max
0000c116   _DC_C2
0000c118   _DC_C1
0000c11a   _Q_REF
0000c11c   _DC_C3
0000c11e   _alpha
0000c120   _BiMaxInitial
0000c122   _UA_Display
0000c124   _belta
0000c126   _LineVolSquare
0000c128   _COM_Udc1
0000c12a   _BiMinInitial
0000c12c   _BiVari
0000c12e   _ADC_IB
0000c130   _ADC_IA
0000c132   _ADC_VA
0000c134   _ADC_IC
0000c136   _UC_Display
0000c138   _UB_Display
0000c13a   _DisplayLS2
0000c13c   _IA_THETA_neg
0000c13e   _IB_THETA_neg
0000c140   _UB_THETA_neg
0000c142   _UC_THETA_neg
0000c144   _Kp_P2P_Zero
0000c146   _U_Zero_amp
0000c148   _IC_THETA_neg
0000c14a   _THETA_Zero
0000c14c   _U_delta_amp
0000c14e   _U_delta_slip
0000c150   _Kp_P2P_Neg
0000c152   _Kp_UNeg
0000c154   _U_negU_amp
0000c156   _UA_THETA_neg
0000c158   _Udc_delta_Ramp
0000c15a   _U_neg_amp
0000c15c   _UC3_pos
0000c15e   _UA3_pos
0000c160   _UB3_pos
0000c162   _Ud_Kp
0000c164   _DisplayLS1
0000c166   _UDC_Kp
0000c168   _UDC_Ki
0000c16a   _UA1_pos
0000c16c   _UB1_pos
0000c16e   _cosVal
0000c170   _sinVal
0000c172   _UB2_pos
0000c174   _UC2_pos
0000c176   _UC1_pos
0000c178   _Q_start_time
0000c17a   _Q
0000c17c   _U_neg_Kp
0000c17e   _Omiga_t
0000c180   _invented_integral
0000c182   _omiga_delta
0000c184   _Sine_m
0000c186   _Count
0000c188   _U_qF1
0000c18a   _U_qF
0000c18c   _U_dF1
0000c18e   _U_dF
0000c190   _InOuterPhase
0000c192   _OpenGrid
0000c194   _OuterPhase
0000c196   _CloseGrid
0000c198   _InterPhase
0000c19a   _DA_Phase_PLL
0000c19c   _ic
0000c19e   _Omiga
0000c1a0   _ia
0000c1a2   _Start_Balance
0000c1a4   _invented_power
0000c1a6   _UDC_RfA3
0000c1a8   _UDC_RfB3
0000c1aa   _UDC_RfC2
0000c1ac   _UDC_RfB2
0000c1ae   _UDC_RfC1
0000c1b0   _UDC_RfB1
0000c1b2   _UDC_aver
0000c1b4   _UDC_Rf2
0000c1b6   _UDC_averC
0000c1b8   _UDC_averA
0000c1ba   _UDC_averB
0000c1bc   _UDC_RfC3
0000c1be   _UDC_BR2
0000c1c0   _UDC_CR1
0000c1c2   _UDC_BR1
0000c1c4   _UDC_AR1
0000c1c6   _UDC_AR2
0000c1c8   _Soft_Protect
0000c1ca   _UDC_RfA1
0000c1cc   _UDC_RfA2
0000c1ce   _UDC_CR3
0000c1d0   _UDC_AR3
0000c1d2   _UDC_BR3
0000c1d4   _UDC_ZA1
0000c1d6   _UDC_ZA2
0000c1d8   _K_UA3
0000c1da   _K_UA1
0000c1dc   _K_UA2
0000c1de   _UDC_ZIC
0000c1e0   _UDC_ZB1
0000c1e2   _UDC_ZB2
0000c1e4   _K_UB3
0000c1e6   _K_UB1
0000c1e8   _K_UB2
0000c1ea   _UDC_ZA3
0000c1ec   _K_UBC
0000c1ee   _UAB_Z
0000c1f0   _K_UAB
0000c1f2   _UDC_ZIA
0000c1f4   _UDC_ZIB
0000c1f6   _K_IC
0000c1f8   _K_IA
0000c1fa   _K_IB
0000c1fc   _DA_OutPhase
0000c1fe   _DA_InterPhase
0000c200   _DA_Phase
0000c202   _DA_Current
0000c204   _DA_Voltage
0000c206   _Balance
0000c208   _DA_Voltage_C
0000c20a   _UDC_CR2
0000c20c   _DA_Voltage_B
0000c20e   _DA_Voltage_neg
0000c210   _DA_Voltage_A
0000c212   _DA_Current_dq
0000c214   _K_UC3
0000c216   _UDC_ZC1
0000c218   _K_UC2
0000c21a   _UDC_ZB3
0000c21c   _K_UC1
0000c21e   _UBC_Z
0000c220   _Upcc_Amp
0000c222   _General_Protect
0000c224   _Ipcc_Amp
0000c226   _UDC_ZC3
0000c228   _UDC_Amp
0000c22a   _I_alpha
0000c22c   _LS3
0000c22e   _I_d_Pre
0000c230   _I_beta
0000c232   _U_cout_open
0000c234   _U_bout_open
0000c236   _LS2
0000c238   _UDC_PI_integ
0000c23a   _I_amp
0000c23c   _Idref
0000c23e   _UDC_PI_out
0000c240   _I_q_Pre
0000c242   _LS1
0000c244   _I_q
0000c246   _THETA_COM_I
0000c248   _THETA_COM_U2R2S
0000c24a   _THETA_Com_Test
0000c24c   _THETA_COM_I_N
0000c24e   _THETA_Com_PLL
0000c250   _THETA_C_test
0000c252   _THETA_COM_U2R2S_Open
0000c254   _US_q
0000c256   _US_d
0000c258   _I_d
0000c25a   _U_aout_open
0000c25c   _THETA_C_ab
0000c25e   _THETA_COM_I2S2R
0000c260   _U_beta_open_after
0000c262   _U_alpha_open_after
0000c264   _UDC_deltC3
0000c266   _UDC_deltC2
0000c268   _THETA_IB
0000c26a   _THETA_IA
0000c26c   _UDC_deltB2
0000c26e   _UDC_deltB1
0000c270   _UDC_deltC1
0000c272   _UDC_inB1
0000c274   _UDC_inA3
0000c276   _UA2_pos
0000c278   _UDC_inB2
0000c27a   _THETA_IC
0000c27c   _UDC_deltB3
0000c27e   _UDC_inA2
0000c280   _IB_P2P
0000c282   _IA_P2P
0000c284   _Ialpha_N
0000c286   _IC_P2P
0000c288   _Id_p
0000c28a   _UDC_erro
0000c28c   _Iq_N
0000c28e   _UDC_deltA2
0000c290   _UDC_deltA1
0000c292   _UDC_inA1
0000c294   _UDC_deltA3
0000c296   _Ibeta_N
0000c298   _Id_N
0000c29a   _Udc_Ramp
0000c29c   _Udc_slip
0000c29e   _UBC_Pre
0000c2a0   _UCA_Pre
0000c2a2   _UAB_Pre
0000c2a4   _ICSVG_Max
0000c2a6   _ICSVG_Min
0000c2a8   _IASVG_Min
0000c2aa   _IBSVG
0000c2ac   _ICSVG
0000c2ae   _IASVG
0000c2b0   _UBCDRF
0000c2b2   _UCADRF
0000c2b4   _IBSVG_Sample
0000c2b6   _ICSVG_Sample
0000c2b8   _IASVG_Sample
0000c2ba   _UAB_Sample
0000c2bc   _UBC_Sample
0000c2be   _UDC_ZC2
0000c2c0   _IASVG_Max
0000c2c2   _UABDRF
0000c2c4   _UBC_Min
0000c2c6   _UAB_Min
0000c2c8   _UBC_Max
0000c2ca   _UAB_Max
0000c2cc   _U_CDRF
0000c2ce   _UA_test
0000c2d0   _U_ADRF
0000c2d2   _U_alpha_open_pre
0000c2d4   _UC_test
0000c2d6   _U_BDRF
0000c2d8   _US
0000c2da   _THETA_C
0000c2dc   _US_Display
0000c2de   _U_beta_open_pre
0000c2e0   _US_Pre
0000c2e2   _UB_test
0000c2e4   _UDCREF_Ref
0000c2eb   _Read_control
0000c2f2   _Main_DA
0000c300   _Local_DA
0000c308   _DA_Test
0000c310   _Para2_set
0000c319   _Para1_set
0000c322   _display_date_two
0000c32e   _display_date_one
0000c340   _Para2_Intdate
0000c34f   _MsgBuffer_Send
0000c35e   _MsgBuffer_Receive
0000c380   _Para1_Intdate
0000c394   _Com_date
0000c3c0   _Current_IA
0000c4c0   _Current_IB
0000c5c0   _Current_IC
0000c6c0   _graph_data1
0000c880   _graph_data5
0000ca40   _graph_data4
0000cc00   _graph_data2
0000cdc0   _graph_data9
0000cf80   _graph_data3
0000d140   _graph_data8
0000d300   _graph_data11
0000d4c0   _graph_data10
0000d680   _graph_data12
0000d840   _graph_data7
0000da00   _graph_data6
0000db90   _CpuTimer1
0000db98   _CpuTimer2
0000dba0   _CpuTimer0
0000dba8   __unlock
0000dbaa   __lock
0000dbac   __cleanup_ptr
0000dbae   __dtors_ptr
0000dbb0   _errno
0000dbb2   _SIN_TABLE
0000e3b4   _ARCTG_TABLE
0000e5b6   _PieVectTableInit
0000e6ba   _Version_No
0033fff8   _CsmPwl
00380080   _ADC_cal
ffffffff   ___binit__
ffffffff   ___c_args__
ffffffff   ___pinit__
ffffffff   binit
ffffffff   pinit

[707 symbols]
