******************************************************************************
             TMS320C2000 Linker PC v6.1.3                      
******************************************************************************
>> Linked Mon Apr 20 20:00:08 2015

OUTPUT FILE NAME:   <SVG_Grid_5K_Sample.out>
ENTRY POINT SYMBOL: "_c_int00"  address: 0000acc8


MEMORY CONFIGURATION

         name            origin    length      used     unused   attr    fill
----------------------  --------  ---------  --------  --------  ----  --------
PAGE 0:
  BEGIN                 00000000   00000002  00000002  00000000  RWIX
  BOOT_RSVD             00000002   0000004e  00000000  0000004e  RWIX
  RAMM0                 00000050   000003b0  00000000  000003b0  RWIX
  RAML                  00008000   00004000  00003694  0000096c  RWIX
  CSM_RSVD              0033ff80   00000076  00000000  00000076  RWIX
  CSM_PWL               0033fff8   00000008  00000000  00000008  RWIX
  ADC_CAL               00380080   00000009  00000007  00000002  RWIX
  IQTABLES              003fe000   00000b50  00000000  00000b50  RWIX
  IQTABLES2             003feb50   0000008c  00000000  0000008c  RWIX
  FPUTABLES             003febdc   000006a0  00000000  000006a0  RWIX
  BOOTROM               003ff27c   00000d44  00000000  00000d44  RWIX
  RESET                 003fffc0   00000002  00000000  00000002  RWIX

PAGE 1:
  RAMM1                 00000400   00000400  00000300  00000100  RWIX
  DEV_EMU               00000880   00000180  000000d0  000000b0  RWIX
  FLASH_REGS            00000a80   00000060  00000008  00000058  RWIX
  CSM                   00000ae0   00000010  00000010  00000000  RWIX
  ADC_MIRROR            00000b00   00000010  00000010  00000000  RWIX
  XINTF                 00000b20   00000020  0000001e  00000002  RWIX
  CPU_TIMER0            00000c00   00000008  00000008  00000000  RWIX
  CPU_TIMER1            00000c08   00000008  00000008  00000000  RWIX
  CPU_TIMER2            00000c10   00000008  00000008  00000000  RWIX
  PIE_CTRL              00000ce0   00000020  0000001a  00000006  RWIX
  PIE_VECT              00000d00   00000100  00000100  00000000  RWIX
  DMA                   00001000   00000200  000000e0  00000120  RWIX
  ZONE0                 00004000   00001000  00000000  00001000  RWIX
  MCBSPA                00005000   00000040  00000025  0000001b  RWIX
  MCBSPB                00005040   00000040  00000025  0000001b  RWIX
  ECANA                 00006000   00000040  00000034  0000000c  RWIX
  ECANA_LAM             00006040   00000040  00000040  00000000  RWIX
  ECANA_MOTS            00006080   00000040  00000040  00000000  RWIX
  ECANA_MOTO            000060c0   00000040  00000040  00000000  RWIX
  ECANA_MBOX            00006100   00000100  00000100  00000000  RWIX
  ECANB                 00006200   00000040  00000034  0000000c  RWIX
  ECANB_LAM             00006240   00000040  00000040  00000000  RWIX
  ECANB_MOTS            00006280   00000040  00000040  00000000  RWIX
  ECANB_MOTO            000062c0   00000040  00000040  00000000  RWIX
  ECANB_MBOX            00006300   00000100  00000100  00000000  RWIX
  EPWM1                 00006800   00000022  00000022  00000000  RWIX
  EPWM2                 00006840   00000022  00000022  00000000  RWIX
  EPWM3                 00006880   00000022  00000022  00000000  RWIX
  EPWM4                 000068c0   00000022  00000022  00000000  RWIX
  EPWM5                 00006900   00000022  00000022  00000000  RWIX
  EPWM6                 00006940   00000022  00000022  00000000  RWIX
  ECAP1                 00006a00   00000020  00000020  00000000  RWIX
  ECAP2                 00006a20   00000020  00000020  00000000  RWIX
  ECAP3                 00006a40   00000020  00000020  00000000  RWIX
  ECAP4                 00006a60   00000020  00000020  00000000  RWIX
  ECAP5                 00006a80   00000020  00000020  00000000  RWIX
  ECAP6                 00006aa0   00000020  00000020  00000000  RWIX
  EQEP1                 00006b00   00000040  00000040  00000000  RWIX
  EQEP2                 00006b40   00000040  00000040  00000000  RWIX
  GPIOCTRL              00006f80   00000040  0000002e  00000012  RWIX
  GPIODAT               00006fc0   00000020  00000020  00000000  RWIX
  GPIOINT               00006fe0   00000020  0000000a  00000016  RWIX
  SYSTEM                00007010   00000020  00000020  00000000  RWIX
  SPIA                  00007040   00000010  00000010  00000000  RWIX
  SCIA                  00007050   00000010  00000010  00000000  RWIX
  XINTRUPT              00007070   00000010  00000010  00000000  RWIX
  ADC                   00007100   00000020  0000001e  00000002  RWIX
  SCIB                  00007750   00000010  00000010  00000000  RWIX
  SCIC                  00007770   00000010  00000010  00000000  RWIX
  I2CA                  00007900   00000040  00000022  0000001e  RWIX
  RAML4                 0000c000   00004000  000026ba  00001946  RWIX
  ZONE6                 00100000   00040000  00000000  00040000  RWIX
  ZONE7                 00200000   00100000  00000000  00100000  RWIX
  CSM_PWL               0033fff8   00000008  00000008  00000000  RWIX


SECTION ALLOCATION MAP

 output                                  attributes/
section   page    origin      length       input sections
--------  ----  ----------  ----------   ----------------
codestart 
*          0    00000000    00000002     
                  00000000    00000002     DSP2833x_CodeStartBranch.obj (codestart)

.pinit     0    00008000    00000000     UNINITIALIZED

ramfuncs   0    00008000    00001719     
                  00008000    00000c35     F28335A_main.obj (ramfuncs)
                  00008c35    00000ae4     F28335A_main.obj (ramfuncs:retain)

.text      0    0000971a    000016ec     
                  0000971a    00000e23     F28335A_main.obj (.text)
                  0000a53d    00000332     DSP2833x_DefaultIsr.obj (.text:retain)
                  0000a86f    00000106     DSP2833x_Xintf.obj (.text)
                  0000a975    000000ba     DSP2833x_Gpio.obj (.text)
                  0000aa2f    000000ab     DSP2833x_SysInit.obj (.text)
                  0000aada    0000008e     DSP2833x_Sci.obj (.text)
                  0000ab68    00000088     rts2800_fpu32.lib : fs_div.obj (.text)
                  0000abf0    0000007a     DSP2833x_CpuTimers.obj (.text)
                  0000ac6a    0000005e     DSP2833x_Spi.obj (.text)
                  0000acc8    00000046     rts2800_fpu32.lib : boot.obj (.text)
                  0000ad0e    00000028     DSP2833x_I2C.obj (.text)
                  0000ad36    00000028     DSP2833x_PieCtrl.obj (.text)
                  0000ad5e    00000023     rts2800_fpu32.lib : sqrt.obj (.text)
                  0000ad81    00000022                       : i_div.obj (.text)
                  0000ada3    00000020     DSP2833x_PieVect.obj (.text)
                  0000adc3    00000019     rts2800_fpu32.lib : args_main.obj (.text)
                  0000addc    00000019                       : exit.obj (.text)
                  0000adf5    00000009                       : _lock.obj (.text)
                  0000adfe    00000008     DSP2833x_CodeStartBranch.obj (.text)

.cinit     0    0000ae06    0000088f     
                  0000ae06    00000875     F28335A_main.obj (.cinit)
                  0000b67b    0000000a     rts2800_fpu32.lib : _lock.obj (.cinit)
                  0000b685    0000000a                       : exit.obj (.cinit)
                  0000b68f    00000004                       : errno.obj (.cinit)
                  0000b693    00000002     --HOLE-- [fill = 0]

csm_rsvd   0    0033ff80    00000000     DSECT

csmpasswds 
*          0    0033fff8    00000000     DSECT

.adc_cal   0    00380080    00000007     NOLOAD SECTION
                  00380080    00000007     DSP2833x_ADC_cal.obj (.adc_cal)

.reset     0    003fffc0    00000002     DSECT
                  003fffc0    00000002     rts2800_fpu32.lib : boot.obj (.reset)

.stack     1    00000400    00000300     UNINITIALIZED
                  00000400    00000300     --HOLE--

DevEmuRegsFile 
*          1    00000880    000000d0     UNINITIALIZED
                  00000880    000000d0     DSP2833x_GlobalVariableDefs.obj (DevEmuRegsFile)

FlashRegsFile 
*          1    00000a80    00000008     UNINITIALIZED
                  00000a80    00000008     DSP2833x_GlobalVariableDefs.obj (FlashRegsFile)

CsmRegsFile 
*          1    00000ae0    00000010     UNINITIALIZED
                  00000ae0    00000010     DSP2833x_GlobalVariableDefs.obj (CsmRegsFile)

AdcMirrorFile 
*          1    00000b00    00000010     UNINITIALIZED
                  00000b00    00000010     DSP2833x_GlobalVariableDefs.obj (AdcMirrorFile)

XintfRegsFile 
*          1    00000b20    0000001e     UNINITIALIZED
                  00000b20    0000001e     DSP2833x_GlobalVariableDefs.obj (XintfRegsFile)

CpuTimer0RegsFile 
*          1    00000c00    00000008     UNINITIALIZED
                  00000c00    00000008     DSP2833x_GlobalVariableDefs.obj (CpuTimer0RegsFile)

CpuTimer1RegsFile 
*          1    00000c08    00000008     UNINITIALIZED
                  00000c08    00000008     DSP2833x_GlobalVariableDefs.obj (CpuTimer1RegsFile)

CpuTimer2RegsFile 
*          1    00000c10    00000008     UNINITIALIZED
                  00000c10    00000008     DSP2833x_GlobalVariableDefs.obj (CpuTimer2RegsFile)

PieCtrlRegsFile 
*          1    00000ce0    0000001a     UNINITIALIZED
                  00000ce0    0000001a     DSP2833x_GlobalVariableDefs.obj (PieCtrlRegsFile)

PieVectTableFile 
*          1    00000d00    00000100     UNINITIALIZED
                  00000d00    00000100     DSP2833x_GlobalVariableDefs.obj (PieVectTableFile)

DmaRegsFile 
*          1    00001000    000000e0     UNINITIALIZED
                  00001000    000000e0     DSP2833x_GlobalVariableDefs.obj (DmaRegsFile)

McbspaRegsFile 
*          1    00005000    00000025     UNINITIALIZED
                  00005000    00000025     DSP2833x_GlobalVariableDefs.obj (McbspaRegsFile)

McbspbRegsFile 
*          1    00005040    00000025     UNINITIALIZED
                  00005040    00000025     DSP2833x_GlobalVariableDefs.obj (McbspbRegsFile)

ECanaRegsFile 
*          1    00006000    00000034     UNINITIALIZED
                  00006000    00000034     DSP2833x_GlobalVariableDefs.obj (ECanaRegsFile)

ECanaLAMRegsFile 
*          1    00006040    00000040     UNINITIALIZED
                  00006040    00000040     DSP2833x_GlobalVariableDefs.obj (ECanaLAMRegsFile)

ECanaMOTSRegsFile 
*          1    00006080    00000040     UNINITIALIZED
                  00006080    00000040     DSP2833x_GlobalVariableDefs.obj (ECanaMOTSRegsFile)

ECanaMOTORegsFile 
*          1    000060c0    00000040     UNINITIALIZED
                  000060c0    00000040     DSP2833x_GlobalVariableDefs.obj (ECanaMOTORegsFile)

ECanaMboxesFile 
*          1    00006100    00000100     UNINITIALIZED
                  00006100    00000100     DSP2833x_GlobalVariableDefs.obj (ECanaMboxesFile)

ECanbRegsFile 
*          1    00006200    00000034     UNINITIALIZED
                  00006200    00000034     DSP2833x_GlobalVariableDefs.obj (ECanbRegsFile)

ECanbLAMRegsFile 
*          1    00006240    00000040     UNINITIALIZED
                  00006240    00000040     DSP2833x_GlobalVariableDefs.obj (ECanbLAMRegsFile)

ECanbMOTSRegsFile 
*          1    00006280    00000040     UNINITIALIZED
                  00006280    00000040     DSP2833x_GlobalVariableDefs.obj (ECanbMOTSRegsFile)

ECanbMOTORegsFile 
*          1    000062c0    00000040     UNINITIALIZED
                  000062c0    00000040     DSP2833x_GlobalVariableDefs.obj (ECanbMOTORegsFile)

ECanbMboxesFile 
*          1    00006300    00000100     UNINITIALIZED
                  00006300    00000100     DSP2833x_GlobalVariableDefs.obj (ECanbMboxesFile)

EPwm1RegsFile 
*          1    00006800    00000022     UNINITIALIZED
                  00006800    00000022     DSP2833x_GlobalVariableDefs.obj (EPwm1RegsFile)

EPwm2RegsFile 
*          1    00006840    00000022     UNINITIALIZED
                  00006840    00000022     DSP2833x_GlobalVariableDefs.obj (EPwm2RegsFile)

EPwm3RegsFile 
*          1    00006880    00000022     UNINITIALIZED
                  00006880    00000022     DSP2833x_GlobalVariableDefs.obj (EPwm3RegsFile)

EPwm4RegsFile 
*          1    000068c0    00000022     UNINITIALIZED
                  000068c0    00000022     DSP2833x_GlobalVariableDefs.obj (EPwm4RegsFile)

EPwm5RegsFile 
*          1    00006900    00000022     UNINITIALIZED
                  00006900    00000022     DSP2833x_GlobalVariableDefs.obj (EPwm5RegsFile)

EPwm6RegsFile 
*          1    00006940    00000022     UNINITIALIZED
                  00006940    00000022     DSP2833x_GlobalVariableDefs.obj (EPwm6RegsFile)

ECap1RegsFile 
*          1    00006a00    00000020     UNINITIALIZED
                  00006a00    00000020     DSP2833x_GlobalVariableDefs.obj (ECap1RegsFile)

ECap2RegsFile 
*          1    00006a20    00000020     UNINITIALIZED
                  00006a20    00000020     DSP2833x_GlobalVariableDefs.obj (ECap2RegsFile)

ECap3RegsFile 
*          1    00006a40    00000020     UNINITIALIZED
                  00006a40    00000020     DSP2833x_GlobalVariableDefs.obj (ECap3RegsFile)

ECap4RegsFile 
*          1    00006a60    00000020     UNINITIALIZED
                  00006a60    00000020     DSP2833x_GlobalVariableDefs.obj (ECap4RegsFile)

ECap5RegsFile 
*          1    00006a80    00000020     UNINITIALIZED
                  00006a80    00000020     DSP2833x_GlobalVariableDefs.obj (ECap5RegsFile)

ECap6RegsFile 
*          1    00006aa0    00000020     UNINITIALIZED
                  00006aa0    00000020     DSP2833x_GlobalVariableDefs.obj (ECap6RegsFile)

EQep1RegsFile 
*          1    00006b00    00000040     UNINITIALIZED
                  00006b00    00000040     DSP2833x_GlobalVariableDefs.obj (EQep1RegsFile)

EQep2RegsFile 
*          1    00006b40    00000040     UNINITIALIZED
                  00006b40    00000040     DSP2833x_GlobalVariableDefs.obj (EQep2RegsFile)

GpioCtrlRegsFile 
*          1    00006f80    0000002e     UNINITIALIZED
                  00006f80    0000002e     DSP2833x_GlobalVariableDefs.obj (GpioCtrlRegsFile)

GpioDataRegsFile 
*          1    00006fc0    00000020     UNINITIALIZED
                  00006fc0    00000020     DSP2833x_GlobalVariableDefs.obj (GpioDataRegsFile)

GpioIntRegsFile 
*          1    00006fe0    0000000a     UNINITIALIZED
                  00006fe0    0000000a     DSP2833x_GlobalVariableDefs.obj (GpioIntRegsFile)

SysCtrlRegsFile 
*          1    00007010    00000020     UNINITIALIZED
                  00007010    00000020     DSP2833x_GlobalVariableDefs.obj (SysCtrlRegsFile)

SpiaRegsFile 
*          1    00007040    00000010     UNINITIALIZED
                  00007040    00000010     DSP2833x_GlobalVariableDefs.obj (SpiaRegsFile)

SciaRegsFile 
*          1    00007050    00000010     UNINITIALIZED
                  00007050    00000010     DSP2833x_GlobalVariableDefs.obj (SciaRegsFile)

XIntruptRegsFile 
*          1    00007070    00000010     UNINITIALIZED
                  00007070    00000010     DSP2833x_GlobalVariableDefs.obj (XIntruptRegsFile)

AdcRegsFile 
*          1    00007100    0000001e     UNINITIALIZED
                  00007100    0000001e     DSP2833x_GlobalVariableDefs.obj (AdcRegsFile)

ScibRegsFile 
*          1    00007750    00000010     UNINITIALIZED
                  00007750    00000010     DSP2833x_GlobalVariableDefs.obj (ScibRegsFile)

ScicRegsFile 
*          1    00007770    00000010     UNINITIALIZED
                  00007770    00000010     DSP2833x_GlobalVariableDefs.obj (ScicRegsFile)

I2caRegsFile 
*          1    00007900    00000022     UNINITIALIZED
                  00007900    00000022     DSP2833x_GlobalVariableDefs.obj (I2caRegsFile)

.ebss      1    0000c000    00001bb1     UNINITIALIZED
                  0000c000    00001b90     F28335A_main.obj (.ebss)
                  0000db90    00000018     DSP2833x_CpuTimers.obj (.ebss)
                  0000dba8    00000004     rts2800_fpu32.lib : _lock.obj (.ebss)
                  0000dbac    00000004                       : exit.obj (.ebss)
                  0000dbb0    00000001                       : errno.obj (.ebss)

.econst    1    0000dbb2    00000b09     
                  0000dbb2    00000802     F28335A_main.obj (.econst:_SIN_TABLE)
                  0000e3b4    00000202     F28335A_main.obj (.econst:_ARCTG_TABLE)
                  0000e5b6    00000100     DSP2833x_PieVect.obj (.econst)
                  0000e6b6    00000004     F28335A_main.obj (.econst:_$P$T0$1)
                  0000e6ba    00000001     F28335A_main.obj (.econst)

CsmPwlFile 
*          1    0033fff8    00000008     UNINITIALIZED
                  0033fff8    00000008     DSP2833x_GlobalVariableDefs.obj (CsmPwlFile)


GLOBAL SYMBOLS: SORTED ALPHABETICALLY BY Name 

address    name
--------   ----
0000971a   .text
0000addc   C$$EXIT
0000ab68   FS$$DIV
0000ad81   I$$DIV
0000ad92   I$$MOD
0000856c   _ACON2S2R_W
000084fc   _ACON3S2S
0000a629   _ADCINT_ISR
0000c128   _ADC_IA
0000c126   _ADC_IB
0000c12c   _ADC_IC
0000c12a   _ADC_VA
0000c100   _ADC_VB
0000c0fe   _ADC_VC
00380080   _ADC_cal
00008380   _ARCTAN
0000e3b4   _ARCTG_TABLE
00000b00   _AdcMirror
00007100   _AdcRegs
0000c1fe   _Balance
0000c082   _Balance_Start_Time
0000c073   _BiCount
0000c118   _BiMaxInitial
0000c122   _BiMinInitial
0000c124   _BiVari
0000c009   _COM_ALL_rate
0000c00e   _COM_EXT_count
0000c01a   _COM_I0
0000c013   _COM_IA
0000c014   _COM_IB
0000c022   _COM_IC
0000c003   _COM_IH1
0000c000   _COM_IH1_RATE
0000c001   _COM_IH2
0000c00f   _COM_IH2_RATE
0000c007   _COM_IH3
0000c008   _COM_IH3_RATE
0000c002   _COM_IHB_RATE
0000c00d   _COM_Ih_max
0000c03e   _COM_Iz
0000c005   _COM_Kp
0000c01d   _COM_Ti
0000c01c   _COM_Tu
0000c021   _COM_U
0000c017   _COM_UAB
0000c015   _COM_UBC
0000c016   _COM_UCA
0000c00b   _COM_UDCREF
0000c004   _COM_UDC_Max
0000c01f   _COM_Ua
0000c01e   _COM_Udb
0000c065   _COM_Udc
0000c120   _COM_Udc1
0000c023   _COM_Uz
0000c020   _COM_ki
00009ad3   _COM_main
00008539   _CON2S2R_W
000084bd   _CON3S2S
0000c03f   _C_data_count1
0000c040   _C_data_count2
0000c03d   _C_data_count3
0000c00c   _C_way
0000c064   _Chose_angle
0000c18e   _CloseGrid
0000c034   _CloseLoop_Grid
0000c394   _Com_date
0000ac2f   _ConfigCpuTimer
0000c17e   _Count
0000dba0   _CpuTimer0
0000c04c   _CpuTimer0Count
00000c00   _CpuTimer0Regs
0000db90   _CpuTimer1
00000c08   _CpuTimer1Regs
0000db98   _CpuTimer2
00000c10   _CpuTimer2Regs
0033fff8   _CsmPwl
00000ae0   _CsmRegs
0000c07c   _Curr_PI1_integ
0000c07a   _Curr_PI1_out
0000c07e   _Curr_PI2_integ
0000c078   _Curr_PI2_out
0000c3c0   _Current_IA
0000c4c0   _Current_IB
0000c5c0   _Current_IC
00008000   _Current_PI1
0000805a   _Current_PI2
0000c06d   _Current_flag
0000c051   _DA0
0000c070   _DA1
0000c074   _DA2
0000c075   _DA3
0000a554   _DATALOG_ISR
0000c1fa   _DA_Current
0000c20a   _DA_Current_dq
0000a471   _DA_Initialization
0000c1f6   _DA_InterPhase
000086ba   _DA_OUT
0000c1f4   _DA_OutPhase
0000c1f8   _DA_Phase
0000c192   _DA_Phase_PLL
0000c063   _DA_Signal
0000c04b   _DA_Switch
0000c300   _DA_Test
0000c1fc   _DA_Voltage
0000c208   _DA_Voltage_A
0000c204   _DA_Voltage_B
0000c200   _DA_Voltage_C
0000c206   _DA_Voltage_neg
0000c104   _DC_A1
0000c102   _DC_A2
0000c0f8   _DC_A3
0000c0f6   _DC_B1
0000c0fc   _DC_B2
0000c0fa   _DC_B3
0000c110   _DC_C1
0000c10e   _DC_C2
0000c114   _DC_C3
0000c049   _DC_Step
0000a751   _DINTCH1_ISR
0000a75b   _DINTCH2_ISR
0000a765   _DINTCH3_ISR
0000a76f   _DINTCH4_ISR
0000a779   _DINTCH5_ISR
0000a783   _DINTCH6_ISR
00008be8   _DataCheck
0000c05b   _DataCheck_Flag
0000c067   _Data_Check_A1
0000c066   _Data_Check_A2
0000c068   _Data_Check_A3
0000c06a   _Data_Check_B1
0000c069   _Data_Check_B2
0000c06b   _Data_Check_B3
0000c061   _Data_Check_C1
0000c060   _Data_Check_C2
0000c062   _Data_Check_C3
00000880   _DevEmuRegs
0000aa42   _DisableDog
00009c7b   _Display
0000c15c   _DisplayLS1
0000c132   _DisplayLS2
0000a27e   _Display_CON3S2S
00009ee9   _Display_Current
00009d6d   _Display_Para
0000a240   _Display_Send_Ready
00001000   _DmaRegs
0000a7dd   _ECAN0INTA_ISR
0000a7f1   _ECAN0INTB_ISR
0000a7e7   _ECAN1INTA_ISR
0000a7fb   _ECAN1INTB_ISR
0000a6c5   _ECAP1_INT_ISR
0000a6cf   _ECAP2_INT_ISR
0000a6d9   _ECAP3_INT_ISR
0000a6e3   _ECAP4_INT_ISR
0000a6ed   _ECAP5_INT_ISR
0000a6f7   _ECAP6_INT_ISR
00006040   _ECanaLAMRegs
000060c0   _ECanaMOTORegs
00006080   _ECanaMOTSRegs
00006100   _ECanaMboxes
00006000   _ECanaRegs
00006240   _ECanbLAMRegs
000062c0   _ECanbMOTORegs
00006280   _ECanbMOTSRegs
00006300   _ECanbMboxes
00006200   _ECanbRegs
00006a00   _ECap1Regs
00006a20   _ECap2Regs
00006a40   _ECap3Regs
00006a60   _ECap4Regs
00006a80   _ECap5Regs
00006aa0   _ECap6Regs
0000c052   _EEPROM_Compare
0000c057   _EEPROM_No_WRed_Sign
0000a84e   _EMPTY_ISR
0000a568   _EMUINT_ISR
0000a683   _EPWM1_INT_ISR
0000a647   _EPWM1_TZINT_ISR
0000a690   _EPWM2_INT_ISR
0000a651   _EPWM2_TZINT_ISR
0000a69a   _EPWM3_INT_ISR
0000a65b   _EPWM3_TZINT_ISR
0000a6a4   _EPWM4_INT_ISR
0000a665   _EPWM4_TZINT_ISR
0000a6b1   _EPWM5_INT_ISR
0000a66f   _EPWM5_TZINT_ISR
0000a6bb   _EPWM6_INT_ISR
0000a679   _EPWM6_TZINT_ISR
00006800   _EPwm1Regs
00006840   _EPwm2Regs
00006880   _EPwm3Regs
000068c0   _EPwm4Regs
00006900   _EPwm5Regs
00006940   _EPwm6Regs
0000a701   _EQEP1_INT_ISR
0000a70b   _EQEP2_INT_ISR
00006b00   _EQep1Regs
00006b40   _EQep2Regs
0000c06e   _ERROR_flag
0000ad55   _EnableInterrupts
0000c050   _Factory_Flag
0000c039   _Fault_flag
00000a80   _FlashRegs
0000c21a   _General_Protect
00006f80   _GpioCtrlRegs
00006fc0   _GpioDataRegs
00006fe0   _GpioIntRegs
0000c012   _GraphID
0000a78d   _I2CINT1A_ISR
0000a797   _I2CINT2A_ISR
00007900   _I2caRegs
0000c2a6   _IASVG
0000c2b8   _IASVG_Max
0000c2a0   _IASVG_Min
0000c2b0   _IASVG_Sample
0000c27a   _IA_P2P
0000c134   _IA_THETA_neg
0000c2a2   _IBSVG
0000c2ac   _IBSVG_Sample
0000c278   _IB_P2P
0000c136   _IB_THETA_neg
0000c2a4   _ICSVG
0000c29c   _ICSVG_Max
0000c29e   _ICSVG_Min
0000c2ae   _ICSVG_Sample
0000c27e   _IC_P2P
0000c140   _IC_THETA_neg
0000a57c   _ILLEGAL_ISR
0000c06c   _INRL_data
0000a53d   _INT13_ISR
0000a54a   _INT14_ISR
0000c222   _I_alpha
0000c232   _I_amp
0000c228   _I_beta
0000c250   _I_d
0000c226   _I_d_Pre
0000c0dc   _I_derror
0000c23c   _I_q
0000c238   _I_q_Pre
0000c0de   _I_qerror
0000c27c   _Ialpha_N
0000c28e   _Ibeta_N
0000c290   _Id_N
0000c09a   _Id_WL
0000c280   _Id_p
0000c234   _Idref
0000c188   _InOuterPhase
0000c028   _InPhase_Flag
0000c0c2   _In_Ramp
0000c0c4   _In_slip
0000abf0   _InitCpuTimers0
0000ac05   _InitCpuTimers1
0000ac1a   _InitCpuTimers2
0000878c   _InitFlash
0000a975   _InitGpio
0000ad0e   _InitI2C
0000ad20   _InitI2CGpio
0000a49e   _InitInterrupts
0000aa7f   _InitPeripheralClocks
0000ad36   _InitPieCtrl
0000ada3   _InitPieVectTable
0000aa4a   _InitPll
0000ab23   _InitSci
0000aada   _InitSciGpio
0000aae1   _InitSciaGpio
0000aaf7   _InitScibGpio
0000ab0d   _InitScicGpio
0000acb8   _InitSpi
0000acc7   _InitSpiGpio
0000ac6a   _InitSpiaGpio
0000ac90   _InitSpicGpio
0000aa2f   _InitSysCtrl
0000a90e   _InitXintf
0000a8b6   _InitXintf16Gpio
0000a86f   _InitXintf32Gpio
0000c056   _Init_i
0000c06f   _Init_para_flag
0000c190   _InterPhase
0000c21c   _Ipcc_Amp
0000c284   _Iq_N
0000c098   _Iq_WL
0000c1f0   _K_IA
0000c1f2   _K_IB
0000c1ee   _K_IC
0000c1d2   _K_UA1
0000c1d4   _K_UA2
0000c1d0   _K_UA3
0000c1e8   _K_UAB
0000c1de   _K_UB1
0000c1e0   _K_UB2
0000c1dc   _K_UB3
0000c1e4   _K_UBC
0000c214   _K_UC1
0000c210   _K_UC2
0000c20c   _K_UC3
0000c148   _Kp_P2P_Neg
0000c13c   _Kp_P2P_Zero
0000c14a   _Kp_UNeg
0000c23a   _LS1
0000c22e   _LS2
0000c224   _LS3
0000a844   _LUF_ISR
0000a83a   _LVF_ISR
0000c11e   _LineVolSquare
0000c2f2   _Local_DA
0000c04f   _Local_DA_Flag
0000895a   _Local_DC_Process
0000a73d   _MRINTA_ISR
0000a729   _MRINTB_ISR
0000a747   _MXINTA_ISR
0000a733   _MXINTB_ISR
0000c2ea   _Main_DA
0000872c   _Main_DA_OUT
00005000   _McbspaRegs
00005040   _McbspbRegs
0000a4d4   _MemCopy
0000c35e   _MsgBuffer_Receive
0000c34f   _MsgBuffer_Send
0000c04e   _NMICount
0000a572   _NMI_ISR
0000c024   _Negative
0000c196   _Omiga
0000c176   _Omiga_t
0000c18a   _OpenGrid
0000c18c   _OuterPhase
000087a8   _P2P_Balance_Neg_I
0000887d   _P2P_Balance_Neg_U
000088f4   _P2P_Balance_Zero
0000c025   _P2P_Flag_Neg
0000c026   _P2P_Flag_Zero
0000a85b   _PIE_RESERVED
0000a4e9   _PWM_Initialization
0000c380   _Para1_Intdate
0000c311   _Para1_set
0000c340   _Para2_Intdate
0000c308   _Para2_set
0000c038   _Para_SET
00009f2f   _Para_set1
0000a0e6   _Para_set2
0000a214   _Para_set_end
00000ce0   _PieCtrlRegs
00000d00   _PieVectTable
0000e5b6   _PieVectTableInit
0000c172   _Q
0000c112   _Q_REF
0000c170   _Q_start_time
0000a3ff   _RD_DATA_PROCESS
0000a2ca   _RD_EEPROM
0000a55e   _RTOSINT_ISR
0000c2e3   _Read_control
00009be6   _Read_date
0000c047   _Receive_date_error
0000c027   _ReceivedChar
0000c05a   _Reset_Flag
0000a362   _Restore_Factory_Set
0000c071   _Run_Flag
0000c03b   _Run_Stop_Flag
0000a7b5   _SCIRXINTA_ISR
0000a7c9   _SCIRXINTB_ISR
0000a7a1   _SCIRXINTC_ISR
0000a7bf   _SCITXINTA_ISR
0000a7d3   _SCITXINTB_ISR
0000a7ab   _SCITXINTC_ISR
0000a601   _SEQ1INT_ISR
0000a60b   _SEQ2INT_ISR
0000dbb2   _SIN_TABLE
0000a715   _SPIRXINTA_ISR
0000a71f   _SPITXINTA_ISR
00007050   _SciaRegs
00007750   _ScibRegs
00007770   _ScicRegs
0000aa38   _ServiceDog
0000859d   _Sin_Value
0000c17c   _Sine_m
0000c1c0   _Soft_Protect
00007040   _SpiaRegs
0000c19a   _Start_Balance
00007010   _SysCtrlRegs
0000c019   _THD_IA
0000c018   _THD_IB
0000c01b   _THD_IC
0000c2d2   _THETA_C
0000c23e   _THETA_COM_I
0000c256   _THETA_COM_I2S2R
0000c244   _THETA_COM_I_N
0000c240   _THETA_COM_U2R2S
0000c24a   _THETA_COM_U2R2S_Open
0000c254   _THETA_C_ab
0000c248   _THETA_C_test
0000c246   _THETA_Com_PLL
0000c242   _THETA_Com_Test
0000c262   _THETA_IA
0000c260   _THETA_IB
0000c272   _THETA_IC
0000c142   _THETA_Zero
0000c090   _THETA_neg
0000a633   _TINT0_ISR
0000c046   _Ts_Id
0000c03c   _Ts_UDC
0000c162   _UA1_pos
0000c26e   _UA2_pos
0000c156   _UA3_pos
0000c2ba   _UABDRF
0000c2c2   _UAB_Max
0000c2be   _UAB_Min
0000c29a   _UAB_Pre
0000c2b2   _UAB_Sample
0000c1e6   _UAB_Z
0000c11a   _UA_Display
0000c08e   _UA_P2P
0000c14e   _UA_THETA_neg
0000c2c6   _UA_test
0000c164   _UB1_pos
0000c16a   _UB2_pos
0000c158   _UB3_pos
0000c2a8   _UBCDRF
0000c2c0   _UBC_Max
0000c2bc   _UBC_Min
0000c296   _UBC_Pre
0000c2b4   _UBC_Sample
0000c216   _UBC_Z
0000c130   _UB_Display
0000c08c   _UB_P2P
0000c138   _UB_THETA_neg
0000c2da   _UB_test
0000c16e   _UC1_pos
0000c16c   _UC2_pos
0000c154   _UC3_pos
0000c2aa   _UCADRF
0000c298   _UCA_Pre
0000c12e   _UC_Display
0000c096   _UC_P2P
0000c13a   _UC_THETA_neg
0000c2cc   _UC_test
0000c048   _UDCA1
0000c04a   _UDCA2
0000c045   _UDCA3
0000c042   _UDCB1
0000c041   _UDCB2
0000c02b   _UDCB3
0000c044   _UDCC1
0000c043   _UDCC2
0000c02a   _UDCC3
0000c108   _UDCREF
0000c2dc   _UDCREF_Ref
0000c1bc   _UDC_AR1
0000c1be   _UDC_AR2
0000c1c8   _UDC_AR3
0000c220   _UDC_Amp
0000c1ba   _UDC_BR1
0000c1b6   _UDC_BR2
0000c1ca   _UDC_BR3
0000c1b8   _UDC_CR1
0000c202   _UDC_CR2
0000c1c6   _UDC_CR3
0000c160   _UDC_Ki
0000c15e   _UDC_Kp
0000c10c   _UDC_Max
000080b4   _UDC_PI
00008108   _UDC_PIA1
00008174   _UDC_PIA2
000081da   _UDC_PIB1
0000823f   _UDC_PIB2
000082aa   _UDC_PIC1
00008315   _UDC_PIC2
0000c230   _UDC_PI_integ
0000c0c0   _UDC_PI_integ_A1
0000c0bc   _UDC_PI_integ_A2
0000c0e8   _UDC_PI_integ_A3
0000c0e4   _UDC_PI_integ_B1
0000c0f0   _UDC_PI_integ_B2
0000c0ec   _UDC_PI_integ_B3
0000c0d8   _UDC_PI_integ_C1
0000c0d4   _UDC_PI_integ_C2
0000c0e0   _UDC_PI_integ_C3
0000c236   _UDC_PI_out
0000c0ba   _UDC_PI_out_A1
0000c0f4   _UDC_PI_out_A2
0000c0ea   _UDC_PI_out_A3
0000c0e6   _UDC_PI_out_B1
0000c0f2   _UDC_PI_out_B2
0000c0ee   _UDC_PI_out_B3
0000c0da   _UDC_PI_out_C1
0000c0d6   _UDC_PI_out_C2
0000c0e2   _UDC_PI_out_C3
0000c1ac   _UDC_Rf2
0000c1c2   _UDC_RfA1
0000c1c4   _UDC_RfA2
0000c19e   _UDC_RfA3
0000c1a8   _UDC_RfB1
0000c1a4   _UDC_RfB2
0000c1a0   _UDC_RfB3
0000c1a6   _UDC_RfC1
0000c1a2   _UDC_RfC2
0000c1b4   _UDC_RfC3
0000c1cc   _UDC_ZA1
0000c1ce   _UDC_ZA2
0000c1e2   _UDC_ZA3
0000c1d8   _UDC_ZB1
0000c1da   _UDC_ZB2
0000c212   _UDC_ZB3
0000c20e   _UDC_ZC1
0000c2b6   _UDC_ZC2
0000c21e   _UDC_ZC3
0000c1ea   _UDC_ZIA
0000c1ec   _UDC_ZIB
0000c1d6   _UDC_ZIC
0000c1aa   _UDC_aver
0000c1b0   _UDC_averA
0000c1b2   _UDC_averB
0000c1ae   _UDC_averC
0000c080   _UDC_deltA
0000c288   _UDC_deltA1
0000c286   _UDC_deltA2
0000c28c   _UDC_deltA3
0000c08a   _UDC_deltB
0000c266   _UDC_deltB1
0000c264   _UDC_deltB2
0000c274   _UDC_deltB3
0000c084   _UDC_deltC
0000c268   _UDC_deltC1
0000c25e   _UDC_deltC2
0000c25c   _UDC_deltC3
0000c092   _UDC_delt_alpha
0000c0a8   _UDC_delt_beta
0000c282   _UDC_erro
0000c28a   _UDC_inA1
0000c276   _UDC_inA2
0000c26c   _UDC_inA3
0000c26a   _UDC_inB1
0000c270   _UDC_inB2
0000c0a0   _UDC_inB3
0000c0d2   _UDC_inC1
0000c0c6   _UDC_inC2
0000c0c8   _UDC_inC3
0000c0ce   _UDCref_A1
0000c0d0   _UDCref_A2
0000c0ca   _UDCref_A3
0000c0cc   _UDCref_B1
0000c0b6   _UDCref_B2
0000c0b8   _UDCref_B3
0000c0b2   _UDCref_C1
0000c0b4   _UDCref_C2
0000c0be   _UDCref_C3
0000c2d0   _US
0000a5e3   _USER10_ISR
0000a5ed   _USER11_ISR
0000a5f7   _USER12_ISR
0000a589   _USER1_ISR
0000a593   _USER2_ISR
0000a59d   _USER3_ISR
0000a5a7   _USER4_ISR
0000a5b1   _USER5_ISR
0000a5bb   _USER6_ISR
0000a5c5   _USER7_ISR
0000a5cf   _USER8_ISR
0000a5d9   _USER9_ISR
0000c2d4   _US_Display
0000c2d8   _US_Pre
0000c24e   _US_d
0000c24c   _US_q
0000c2c8   _U_ADRF
0000c2ce   _U_BDRF
0000c2c4   _U_CDRF
0000c106   _U_FtoI
0000c13e   _U_Zero_amp
0000c0a2   _U_alpha_close
0000c0a4   _U_alpha_close1
0000c25a   _U_alpha_open_after
0000c2ca   _U_alpha_open_pre
0000c032   _U_aout1
0000c030   _U_aout2
0000c031   _U_aout3
0000c0aa   _U_aout_close
0000c088   _U_aout_close1
0000c252   _U_aout_open
0000c09c   _U_beta_close
0000c0ae   _U_beta_close1
0000c258   _U_beta_open_after
0000c2d6   _U_beta_open_pre
0000c02e   _U_bout1
0000c02f   _U_bout2
0000c037   _U_bout3
0000c0b0   _U_bout_close
0000c086   _U_bout_close1
0000c22c   _U_bout_open
0000c035   _U_cout1
0000c036   _U_cout2
0000c033   _U_cout3
0000c0a6   _U_cout_close
0000c094   _U_cout_close1
0000c22a   _U_cout_open
0000c186   _U_dF
0000c184   _U_dF1
0000c144   _U_delta_amp
0000c146   _U_delta_slip
0000c09e   _U_dout
0000c14c   _U_negU_amp
0000c174   _U_neg_Kp
0000c152   _U_neg_amp
0000c182   _U_qF
0000c180   _U_qF1
0000c0ac   _U_qout
0000c10a   _Ud_Ki
0000c15a   _Ud_Kp
0000c292   _Udc_Ramp
0000c150   _Udc_delta_Ramp
0000c294   _Udc_slip
0000c218   _Upcc_Amp
0000c059   _Version_Erro_Sign
0000e6ba   _Version_No
0000a63d   _WAKEINT_ISR
0000a433   _WR_DATA_PROCESS
0000a320   _WR_EEPROM
0000a615   _XINT1_ISR
0000a61f   _XINT2_ISR
0000a805   _XINT3_ISR
0000a80f   _XINT4_ISR
0000a819   _XINT5_ISR
0000a826   _XINT6_ISR
0000a830   _XINT7_ISR
00007070   _XIntruptRegs
00008c35   _XNMI_ISR
0000a480   _XNMI_ISR_Init
00000b20   _XintfRegs
00000700   __STACK_END
00000300   __STACK_SIZE
00000001   __TI_args_main
ffffffff   ___binit__
ffffffff   ___c_args__
0000ae06   ___cinit__
0000ae06   ___etext__
ffffffff   ___pinit__
0000971a   ___text__
0000adc3   __args_main
0000dbac   __cleanup_ptr
0000dbae   __dtors_ptr
0000dbaa   __lock
0000adfd   __nop
0000adf9   __register_lock
0000adf5   __register_unlock
00000400   __stack
0000dba8   __unlock
0000addc   _abort
0000c116   _alpha
0000c11c   _belta
0000acc8   _c_int00
0000c02d   _com
0000c03a   _com1
0000c166   _cosVal
00008c77   _cpu_timer0_isr
0000c058   _delay_Count
0000c05c   _delay_PWM
000086ae   _delay_t
0000a2be   _delay_t1
0000c05f   _delay_time_AD
0000c05d   _delay_time_DA
0000c05e   _delay_time_Main_DA
0000c055   _delay_time_rcvd
0000c054   _delay_time_send
0000c326   _display_date_one
0000c31a   _display_date_two
0000c02c   _display_flag
0000dbb0   _errno
0000adde   _exit
0000c011   _filter
0000c00a   _graph_Switch
0000c6c0   _graph_data1
0000d4c0   _graph_data10
0000d300   _graph_data11
0000d680   _graph_data12
0000cc00   _graph_data2
0000cf80   _graph_data3
0000ca40   _graph_data4
0000c880   _graph_data5
0000da00   _graph_data6
0000d840   _graph_data7
0000d140   _graph_data8
0000cdc0   _graph_data9
0000c072   _i
0000c198   _ia
0000c194   _ic
0000c178   _invented_integral
0000c19c   _invented_power
0000c010   _m
0000971a   _main
0000c006   _mmm
0000c076   _n
0000c029   _n_cycle
0000c04d   _nobits
0000c17a   _omiga_delta
0000c053   _period
0000a865   _rsvd_ISR
0000c168   _sinVal
0000ad5e   _sqrt
ffffffff   binit
0000ae06   cinit
00000000   code_start
0000ae06   etext
ffffffff   pinit


GLOBAL SYMBOLS: SORTED BY Symbol Address 

address    name
--------   ----
00000000   code_start
00000001   __TI_args_main
00000300   __STACK_SIZE
00000400   __stack
00000700   __STACK_END
00000880   _DevEmuRegs
00000a80   _FlashRegs
00000ae0   _CsmRegs
00000b00   _AdcMirror
00000b20   _XintfRegs
00000c00   _CpuTimer0Regs
00000c08   _CpuTimer1Regs
00000c10   _CpuTimer2Regs
00000ce0   _PieCtrlRegs
00000d00   _PieVectTable
00001000   _DmaRegs
00005000   _McbspaRegs
00005040   _McbspbRegs
00006000   _ECanaRegs
00006040   _ECanaLAMRegs
00006080   _ECanaMOTSRegs
000060c0   _ECanaMOTORegs
00006100   _ECanaMboxes
00006200   _ECanbRegs
00006240   _ECanbLAMRegs
00006280   _ECanbMOTSRegs
000062c0   _ECanbMOTORegs
00006300   _ECanbMboxes
00006800   _EPwm1Regs
00006840   _EPwm2Regs
00006880   _EPwm3Regs
000068c0   _EPwm4Regs
00006900   _EPwm5Regs
00006940   _EPwm6Regs
00006a00   _ECap1Regs
00006a20   _ECap2Regs
00006a40   _ECap3Regs
00006a60   _ECap4Regs
00006a80   _ECap5Regs
00006aa0   _ECap6Regs
00006b00   _EQep1Regs
00006b40   _EQep2Regs
00006f80   _GpioCtrlRegs
00006fc0   _GpioDataRegs
00006fe0   _GpioIntRegs
00007010   _SysCtrlRegs
00007040   _SpiaRegs
00007050   _SciaRegs
00007070   _XIntruptRegs
00007100   _AdcRegs
00007750   _ScibRegs
00007770   _ScicRegs
00007900   _I2caRegs
00008000   _Current_PI1
0000805a   _Current_PI2
000080b4   _UDC_PI
00008108   _UDC_PIA1
00008174   _UDC_PIA2
000081da   _UDC_PIB1
0000823f   _UDC_PIB2
000082aa   _UDC_PIC1
00008315   _UDC_PIC2
00008380   _ARCTAN
000084bd   _CON3S2S
000084fc   _ACON3S2S
00008539   _CON2S2R_W
0000856c   _ACON2S2R_W
0000859d   _Sin_Value
000086ae   _delay_t
000086ba   _DA_OUT
0000872c   _Main_DA_OUT
0000878c   _InitFlash
000087a8   _P2P_Balance_Neg_I
0000887d   _P2P_Balance_Neg_U
000088f4   _P2P_Balance_Zero
0000895a   _Local_DC_Process
00008be8   _DataCheck
00008c35   _XNMI_ISR
00008c77   _cpu_timer0_isr
0000971a   .text
0000971a   ___text__
0000971a   _main
00009ad3   _COM_main
00009be6   _Read_date
00009c7b   _Display
00009d6d   _Display_Para
00009ee9   _Display_Current
00009f2f   _Para_set1
0000a0e6   _Para_set2
0000a214   _Para_set_end
0000a240   _Display_Send_Ready
0000a27e   _Display_CON3S2S
0000a2be   _delay_t1
0000a2ca   _RD_EEPROM
0000a320   _WR_EEPROM
0000a362   _Restore_Factory_Set
0000a3ff   _RD_DATA_PROCESS
0000a433   _WR_DATA_PROCESS
0000a471   _DA_Initialization
0000a480   _XNMI_ISR_Init
0000a49e   _InitInterrupts
0000a4d4   _MemCopy
0000a4e9   _PWM_Initialization
0000a53d   _INT13_ISR
0000a54a   _INT14_ISR
0000a554   _DATALOG_ISR
0000a55e   _RTOSINT_ISR
0000a568   _EMUINT_ISR
0000a572   _NMI_ISR
0000a57c   _ILLEGAL_ISR
0000a589   _USER1_ISR
0000a593   _USER2_ISR
0000a59d   _USER3_ISR
0000a5a7   _USER4_ISR
0000a5b1   _USER5_ISR
0000a5bb   _USER6_ISR
0000a5c5   _USER7_ISR
0000a5cf   _USER8_ISR
0000a5d9   _USER9_ISR
0000a5e3   _USER10_ISR
0000a5ed   _USER11_ISR
0000a5f7   _USER12_ISR
0000a601   _SEQ1INT_ISR
0000a60b   _SEQ2INT_ISR
0000a615   _XINT1_ISR
0000a61f   _XINT2_ISR
0000a629   _ADCINT_ISR
0000a633   _TINT0_ISR
0000a63d   _WAKEINT_ISR
0000a647   _EPWM1_TZINT_ISR
0000a651   _EPWM2_TZINT_ISR
0000a65b   _EPWM3_TZINT_ISR
0000a665   _EPWM4_TZINT_ISR
0000a66f   _EPWM5_TZINT_ISR
0000a679   _EPWM6_TZINT_ISR
0000a683   _EPWM1_INT_ISR
0000a690   _EPWM2_INT_ISR
0000a69a   _EPWM3_INT_ISR
0000a6a4   _EPWM4_INT_ISR
0000a6b1   _EPWM5_INT_ISR
0000a6bb   _EPWM6_INT_ISR
0000a6c5   _ECAP1_INT_ISR
0000a6cf   _ECAP2_INT_ISR
0000a6d9   _ECAP3_INT_ISR
0000a6e3   _ECAP4_INT_ISR
0000a6ed   _ECAP5_INT_ISR
0000a6f7   _ECAP6_INT_ISR
0000a701   _EQEP1_INT_ISR
0000a70b   _EQEP2_INT_ISR
0000a715   _SPIRXINTA_ISR
0000a71f   _SPITXINTA_ISR
0000a729   _MRINTB_ISR
0000a733   _MXINTB_ISR
0000a73d   _MRINTA_ISR
0000a747   _MXINTA_ISR
0000a751   _DINTCH1_ISR
0000a75b   _DINTCH2_ISR
0000a765   _DINTCH3_ISR
0000a76f   _DINTCH4_ISR
0000a779   _DINTCH5_ISR
0000a783   _DINTCH6_ISR
0000a78d   _I2CINT1A_ISR
0000a797   _I2CINT2A_ISR
0000a7a1   _SCIRXINTC_ISR
0000a7ab   _SCITXINTC_ISR
0000a7b5   _SCIRXINTA_ISR
0000a7bf   _SCITXINTA_ISR
0000a7c9   _SCIRXINTB_ISR
0000a7d3   _SCITXINTB_ISR
0000a7dd   _ECAN0INTA_ISR
0000a7e7   _ECAN1INTA_ISR
0000a7f1   _ECAN0INTB_ISR
0000a7fb   _ECAN1INTB_ISR
0000a805   _XINT3_ISR
0000a80f   _XINT4_ISR
0000a819   _XINT5_ISR
0000a826   _XINT6_ISR
0000a830   _XINT7_ISR
0000a83a   _LVF_ISR
0000a844   _LUF_ISR
0000a84e   _EMPTY_ISR
0000a85b   _PIE_RESERVED
0000a865   _rsvd_ISR
0000a86f   _InitXintf32Gpio
0000a8b6   _InitXintf16Gpio
0000a90e   _InitXintf
0000a975   _InitGpio
0000aa2f   _InitSysCtrl
0000aa38   _ServiceDog
0000aa42   _DisableDog
0000aa4a   _InitPll
0000aa7f   _InitPeripheralClocks
0000aada   _InitSciGpio
0000aae1   _InitSciaGpio
0000aaf7   _InitScibGpio
0000ab0d   _InitScicGpio
0000ab23   _InitSci
0000ab68   FS$$DIV
0000abf0   _InitCpuTimers0
0000ac05   _InitCpuTimers1
0000ac1a   _InitCpuTimers2
0000ac2f   _ConfigCpuTimer
0000ac6a   _InitSpiaGpio
0000ac90   _InitSpicGpio
0000acb8   _InitSpi
0000acc7   _InitSpiGpio
0000acc8   _c_int00
0000ad0e   _InitI2C
0000ad20   _InitI2CGpio
0000ad36   _InitPieCtrl
0000ad55   _EnableInterrupts
0000ad5e   _sqrt
0000ad81   I$$DIV
0000ad92   I$$MOD
0000ada3   _InitPieVectTable
0000adc3   __args_main
0000addc   C$$EXIT
0000addc   _abort
0000adde   _exit
0000adf5   __register_unlock
0000adf9   __register_lock
0000adfd   __nop
0000ae06   ___cinit__
0000ae06   ___etext__
0000ae06   cinit
0000ae06   etext
0000c000   _COM_IH1_RATE
0000c001   _COM_IH2
0000c002   _COM_IHB_RATE
0000c003   _COM_IH1
0000c004   _COM_UDC_Max
0000c005   _COM_Kp
0000c006   _mmm
0000c007   _COM_IH3
0000c008   _COM_IH3_RATE
0000c009   _COM_ALL_rate
0000c00a   _graph_Switch
0000c00b   _COM_UDCREF
0000c00c   _C_way
0000c00d   _COM_Ih_max
0000c00e   _COM_EXT_count
0000c00f   _COM_IH2_RATE
0000c010   _m
0000c011   _filter
0000c012   _GraphID
0000c013   _COM_IA
0000c014   _COM_IB
0000c015   _COM_UBC
0000c016   _COM_UCA
0000c017   _COM_UAB
0000c018   _THD_IB
0000c019   _THD_IA
0000c01a   _COM_I0
0000c01b   _THD_IC
0000c01c   _COM_Tu
0000c01d   _COM_Ti
0000c01e   _COM_Udb
0000c01f   _COM_Ua
0000c020   _COM_ki
0000c021   _COM_U
0000c022   _COM_IC
0000c023   _COM_Uz
0000c024   _Negative
0000c025   _P2P_Flag_Neg
0000c026   _P2P_Flag_Zero
0000c027   _ReceivedChar
0000c028   _InPhase_Flag
0000c029   _n_cycle
0000c02a   _UDCC3
0000c02b   _UDCB3
0000c02c   _display_flag
0000c02d   _com
0000c02e   _U_bout1
0000c02f   _U_bout2
0000c030   _U_aout2
0000c031   _U_aout3
0000c032   _U_aout1
0000c033   _U_cout3
0000c034   _CloseLoop_Grid
0000c035   _U_cout1
0000c036   _U_cout2
0000c037   _U_bout3
0000c038   _Para_SET
0000c039   _Fault_flag
0000c03a   _com1
0000c03b   _Run_Stop_Flag
0000c03c   _Ts_UDC
0000c03d   _C_data_count3
0000c03e   _COM_Iz
0000c03f   _C_data_count1
0000c040   _C_data_count2
0000c041   _UDCB2
0000c042   _UDCB1
0000c043   _UDCC2
0000c044   _UDCC1
0000c045   _UDCA3
0000c046   _Ts_Id
0000c047   _Receive_date_error
0000c048   _UDCA1
0000c049   _DC_Step
0000c04a   _UDCA2
0000c04b   _DA_Switch
0000c04c   _CpuTimer0Count
0000c04d   _nobits
0000c04e   _NMICount
0000c04f   _Local_DA_Flag
0000c050   _Factory_Flag
0000c051   _DA0
0000c052   _EEPROM_Compare
0000c053   _period
0000c054   _delay_time_send
0000c055   _delay_time_rcvd
0000c056   _Init_i
0000c057   _EEPROM_No_WRed_Sign
0000c058   _delay_Count
0000c059   _Version_Erro_Sign
0000c05a   _Reset_Flag
0000c05b   _DataCheck_Flag
0000c05c   _delay_PWM
0000c05d   _delay_time_DA
0000c05e   _delay_time_Main_DA
0000c05f   _delay_time_AD
0000c060   _Data_Check_C2
0000c061   _Data_Check_C1
0000c062   _Data_Check_C3
0000c063   _DA_Signal
0000c064   _Chose_angle
0000c065   _COM_Udc
0000c066   _Data_Check_A2
0000c067   _Data_Check_A1
0000c068   _Data_Check_A3
0000c069   _Data_Check_B2
0000c06a   _Data_Check_B1
0000c06b   _Data_Check_B3
0000c06c   _INRL_data
0000c06d   _Current_flag
0000c06e   _ERROR_flag
0000c06f   _Init_para_flag
0000c070   _DA1
0000c071   _Run_Flag
0000c072   _i
0000c073   _BiCount
0000c074   _DA2
0000c075   _DA3
0000c076   _n
0000c078   _Curr_PI2_out
0000c07a   _Curr_PI1_out
0000c07c   _Curr_PI1_integ
0000c07e   _Curr_PI2_integ
0000c080   _UDC_deltA
0000c082   _Balance_Start_Time
0000c084   _UDC_deltC
0000c086   _U_bout_close1
0000c088   _U_aout_close1
0000c08a   _UDC_deltB
0000c08c   _UB_P2P
0000c08e   _UA_P2P
0000c090   _THETA_neg
0000c092   _UDC_delt_alpha
0000c094   _U_cout_close1
0000c096   _UC_P2P
0000c098   _Iq_WL
0000c09a   _Id_WL
0000c09c   _U_beta_close
0000c09e   _U_dout
0000c0a0   _UDC_inB3
0000c0a2   _U_alpha_close
0000c0a4   _U_alpha_close1
0000c0a6   _U_cout_close
0000c0a8   _UDC_delt_beta
0000c0aa   _U_aout_close
0000c0ac   _U_qout
0000c0ae   _U_beta_close1
0000c0b0   _U_bout_close
0000c0b2   _UDCref_C1
0000c0b4   _UDCref_C2
0000c0b6   _UDCref_B2
0000c0b8   _UDCref_B3
0000c0ba   _UDC_PI_out_A1
0000c0bc   _UDC_PI_integ_A2
0000c0be   _UDCref_C3
0000c0c0   _UDC_PI_integ_A1
0000c0c2   _In_Ramp
0000c0c4   _In_slip
0000c0c6   _UDC_inC2
0000c0c8   _UDC_inC3
0000c0ca   _UDCref_A3
0000c0cc   _UDCref_B1
0000c0ce   _UDCref_A1
0000c0d0   _UDCref_A2
0000c0d2   _UDC_inC1
0000c0d4   _UDC_PI_integ_C2
0000c0d6   _UDC_PI_out_C2
0000c0d8   _UDC_PI_integ_C1
0000c0da   _UDC_PI_out_C1
0000c0dc   _I_derror
0000c0de   _I_qerror
0000c0e0   _UDC_PI_integ_C3
0000c0e2   _UDC_PI_out_C3
0000c0e4   _UDC_PI_integ_B1
0000c0e6   _UDC_PI_out_B1
0000c0e8   _UDC_PI_integ_A3
0000c0ea   _UDC_PI_out_A3
0000c0ec   _UDC_PI_integ_B3
0000c0ee   _UDC_PI_out_B3
0000c0f0   _UDC_PI_integ_B2
0000c0f2   _UDC_PI_out_B2
0000c0f4   _UDC_PI_out_A2
0000c0f6   _DC_B1
0000c0f8   _DC_A3
0000c0fa   _DC_B3
0000c0fc   _DC_B2
0000c0fe   _ADC_VC
0000c100   _ADC_VB
0000c102   _DC_A2
0000c104   _DC_A1
0000c106   _U_FtoI
0000c108   _UDCREF
0000c10a   _Ud_Ki
0000c10c   _UDC_Max
0000c10e   _DC_C2
0000c110   _DC_C1
0000c112   _Q_REF
0000c114   _DC_C3
0000c116   _alpha
0000c118   _BiMaxInitial
0000c11a   _UA_Display
0000c11c   _belta
0000c11e   _LineVolSquare
0000c120   _COM_Udc1
0000c122   _BiMinInitial
0000c124   _BiVari
0000c126   _ADC_IB
0000c128   _ADC_IA
0000c12a   _ADC_VA
0000c12c   _ADC_IC
0000c12e   _UC_Display
0000c130   _UB_Display
0000c132   _DisplayLS2
0000c134   _IA_THETA_neg
0000c136   _IB_THETA_neg
0000c138   _UB_THETA_neg
0000c13a   _UC_THETA_neg
0000c13c   _Kp_P2P_Zero
0000c13e   _U_Zero_amp
0000c140   _IC_THETA_neg
0000c142   _THETA_Zero
0000c144   _U_delta_amp
0000c146   _U_delta_slip
0000c148   _Kp_P2P_Neg
0000c14a   _Kp_UNeg
0000c14c   _U_negU_amp
0000c14e   _UA_THETA_neg
0000c150   _Udc_delta_Ramp
0000c152   _U_neg_amp
0000c154   _UC3_pos
0000c156   _UA3_pos
0000c158   _UB3_pos
0000c15a   _Ud_Kp
0000c15c   _DisplayLS1
0000c15e   _UDC_Kp
0000c160   _UDC_Ki
0000c162   _UA1_pos
0000c164   _UB1_pos
0000c166   _cosVal
0000c168   _sinVal
0000c16a   _UB2_pos
0000c16c   _UC2_pos
0000c16e   _UC1_pos
0000c170   _Q_start_time
0000c172   _Q
0000c174   _U_neg_Kp
0000c176   _Omiga_t
0000c178   _invented_integral
0000c17a   _omiga_delta
0000c17c   _Sine_m
0000c17e   _Count
0000c180   _U_qF1
0000c182   _U_qF
0000c184   _U_dF1
0000c186   _U_dF
0000c188   _InOuterPhase
0000c18a   _OpenGrid
0000c18c   _OuterPhase
0000c18e   _CloseGrid
0000c190   _InterPhase
0000c192   _DA_Phase_PLL
0000c194   _ic
0000c196   _Omiga
0000c198   _ia
0000c19a   _Start_Balance
0000c19c   _invented_power
0000c19e   _UDC_RfA3
0000c1a0   _UDC_RfB3
0000c1a2   _UDC_RfC2
0000c1a4   _UDC_RfB2
0000c1a6   _UDC_RfC1
0000c1a8   _UDC_RfB1
0000c1aa   _UDC_aver
0000c1ac   _UDC_Rf2
0000c1ae   _UDC_averC
0000c1b0   _UDC_averA
0000c1b2   _UDC_averB
0000c1b4   _UDC_RfC3
0000c1b6   _UDC_BR2
0000c1b8   _UDC_CR1
0000c1ba   _UDC_BR1
0000c1bc   _UDC_AR1
0000c1be   _UDC_AR2
0000c1c0   _Soft_Protect
0000c1c2   _UDC_RfA1
0000c1c4   _UDC_RfA2
0000c1c6   _UDC_CR3
0000c1c8   _UDC_AR3
0000c1ca   _UDC_BR3
0000c1cc   _UDC_ZA1
0000c1ce   _UDC_ZA2
0000c1d0   _K_UA3
0000c1d2   _K_UA1
0000c1d4   _K_UA2
0000c1d6   _UDC_ZIC
0000c1d8   _UDC_ZB1
0000c1da   _UDC_ZB2
0000c1dc   _K_UB3
0000c1de   _K_UB1
0000c1e0   _K_UB2
0000c1e2   _UDC_ZA3
0000c1e4   _K_UBC
0000c1e6   _UAB_Z
0000c1e8   _K_UAB
0000c1ea   _UDC_ZIA
0000c1ec   _UDC_ZIB
0000c1ee   _K_IC
0000c1f0   _K_IA
0000c1f2   _K_IB
0000c1f4   _DA_OutPhase
0000c1f6   _DA_InterPhase
0000c1f8   _DA_Phase
0000c1fa   _DA_Current
0000c1fc   _DA_Voltage
0000c1fe   _Balance
0000c200   _DA_Voltage_C
0000c202   _UDC_CR2
0000c204   _DA_Voltage_B
0000c206   _DA_Voltage_neg
0000c208   _DA_Voltage_A
0000c20a   _DA_Current_dq
0000c20c   _K_UC3
0000c20e   _UDC_ZC1
0000c210   _K_UC2
0000c212   _UDC_ZB3
0000c214   _K_UC1
0000c216   _UBC_Z
0000c218   _Upcc_Amp
0000c21a   _General_Protect
0000c21c   _Ipcc_Amp
0000c21e   _UDC_ZC3
0000c220   _UDC_Amp
0000c222   _I_alpha
0000c224   _LS3
0000c226   _I_d_Pre
0000c228   _I_beta
0000c22a   _U_cout_open
0000c22c   _U_bout_open
0000c22e   _LS2
0000c230   _UDC_PI_integ
0000c232   _I_amp
0000c234   _Idref
0000c236   _UDC_PI_out
0000c238   _I_q_Pre
0000c23a   _LS1
0000c23c   _I_q
0000c23e   _THETA_COM_I
0000c240   _THETA_COM_U2R2S
0000c242   _THETA_Com_Test
0000c244   _THETA_COM_I_N
0000c246   _THETA_Com_PLL
0000c248   _THETA_C_test
0000c24a   _THETA_COM_U2R2S_Open
0000c24c   _US_q
0000c24e   _US_d
0000c250   _I_d
0000c252   _U_aout_open
0000c254   _THETA_C_ab
0000c256   _THETA_COM_I2S2R
0000c258   _U_beta_open_after
0000c25a   _U_alpha_open_after
0000c25c   _UDC_deltC3
0000c25e   _UDC_deltC2
0000c260   _THETA_IB
0000c262   _THETA_IA
0000c264   _UDC_deltB2
0000c266   _UDC_deltB1
0000c268   _UDC_deltC1
0000c26a   _UDC_inB1
0000c26c   _UDC_inA3
0000c26e   _UA2_pos
0000c270   _UDC_inB2
0000c272   _THETA_IC
0000c274   _UDC_deltB3
0000c276   _UDC_inA2
0000c278   _IB_P2P
0000c27a   _IA_P2P
0000c27c   _Ialpha_N
0000c27e   _IC_P2P
0000c280   _Id_p
0000c282   _UDC_erro
0000c284   _Iq_N
0000c286   _UDC_deltA2
0000c288   _UDC_deltA1
0000c28a   _UDC_inA1
0000c28c   _UDC_deltA3
0000c28e   _Ibeta_N
0000c290   _Id_N
0000c292   _Udc_Ramp
0000c294   _Udc_slip
0000c296   _UBC_Pre
0000c298   _UCA_Pre
0000c29a   _UAB_Pre
0000c29c   _ICSVG_Max
0000c29e   _ICSVG_Min
0000c2a0   _IASVG_Min
0000c2a2   _IBSVG
0000c2a4   _ICSVG
0000c2a6   _IASVG
0000c2a8   _UBCDRF
0000c2aa   _UCADRF
0000c2ac   _IBSVG_Sample
0000c2ae   _ICSVG_Sample
0000c2b0   _IASVG_Sample
0000c2b2   _UAB_Sample
0000c2b4   _UBC_Sample
0000c2b6   _UDC_ZC2
0000c2b8   _IASVG_Max
0000c2ba   _UABDRF
0000c2bc   _UBC_Min
0000c2be   _UAB_Min
0000c2c0   _UBC_Max
0000c2c2   _UAB_Max
0000c2c4   _U_CDRF
0000c2c6   _UA_test
0000c2c8   _U_ADRF
0000c2ca   _U_alpha_open_pre
0000c2cc   _UC_test
0000c2ce   _U_BDRF
0000c2d0   _US
0000c2d2   _THETA_C
0000c2d4   _US_Display
0000c2d6   _U_beta_open_pre
0000c2d8   _US_Pre
0000c2da   _UB_test
0000c2dc   _UDCREF_Ref
0000c2e3   _Read_control
0000c2ea   _Main_DA
0000c2f2   _Local_DA
0000c300   _DA_Test
0000c308   _Para2_set
0000c311   _Para1_set
0000c31a   _display_date_two
0000c326   _display_date_one
0000c340   _Para2_Intdate
0000c34f   _MsgBuffer_Send
0000c35e   _MsgBuffer_Receive
0000c380   _Para1_Intdate
0000c394   _Com_date
0000c3c0   _Current_IA
0000c4c0   _Current_IB
0000c5c0   _Current_IC
0000c6c0   _graph_data1
0000c880   _graph_data5
0000ca40   _graph_data4
0000cc00   _graph_data2
0000cdc0   _graph_data9
0000cf80   _graph_data3
0000d140   _graph_data8
0000d300   _graph_data11
0000d4c0   _graph_data10
0000d680   _graph_data12
0000d840   _graph_data7
0000da00   _graph_data6
0000db90   _CpuTimer1
0000db98   _CpuTimer2
0000dba0   _CpuTimer0
0000dba8   __unlock
0000dbaa   __lock
0000dbac   __cleanup_ptr
0000dbae   __dtors_ptr
0000dbb0   _errno
0000dbb2   _SIN_TABLE
0000e3b4   _ARCTG_TABLE
0000e5b6   _PieVectTableInit
0000e6ba   _Version_No
0033fff8   _CsmPwl
00380080   _ADC_cal
ffffffff   ___binit__
ffffffff   ___c_args__
ffffffff   ___pinit__
ffffffff   binit
ffffffff   pinit

[699 symbols]
