******************************************************************************
             TMS320C2000 Linker PC v6.1.3                      
******************************************************************************
>> Linked Wed Sep 07 11:52:15 2016

OUTPUT FILE NAME:   <WX10KV160904_N12.out>
ENTRY POINT SYMBOL: "_c_int00"  address: 0000cd26


MEMORY CONFIGURATION

         name            origin    length      used     unused   attr    fill
----------------------  --------  ---------  --------  --------  ----  --------
PAGE 0:
  BEGIN                 00000000   00000002  00000002  00000000  RWIX
  BOOT_RSVD             00000002   0000004e  00000000  0000004e  RWIX
  RAMM0                 00000050   000003b0  00000000  000003b0  RWIX
  RAML                  00008000   00006000  00005983  0000067d  RWIX
  CSM_RSVD              0033ff80   00000076  00000000  00000076  RWIX
  CSM_PWL               0033fff8   00000008  00000000  00000008  RWIX
  ADC_CAL               00380080   00000009  00000007  00000002  RWIX
  IQTABLES              003fe000   00000b50  00000000  00000b50  RWIX
  IQTABLES2             003feb50   0000008c  00000000  0000008c  RWIX
  FPUTABLES             003febdc   000006a0  00000000  000006a0  RWIX
  BOOTROM               003ff27c   00000d44  00000000  00000d44  RWIX
  RESET                 003fffc0   00000002  00000000  00000002  RWIX

PAGE 1:
  RAMM1                 00000400   00000400  00000300  00000100  RWIX
  DEV_EMU               00000880   00000180  000000d0  000000b0  RWIX
  FLASH_REGS            00000a80   00000060  00000008  00000058  RWIX
  CSM                   00000ae0   00000010  00000010  00000000  RWIX
  ADC_MIRROR            00000b00   00000010  00000010  00000000  RWIX
  XINTF                 00000b20   00000020  0000001e  00000002  RWIX
  CPU_TIMER0            00000c00   00000008  00000008  00000000  RWIX
  CPU_TIMER1            00000c08   00000008  00000008  00000000  RWIX
  CPU_TIMER2            00000c10   00000008  00000008  00000000  RWIX
  PIE_CTRL              00000ce0   00000020  0000001a  00000006  RWIX
  PIE_VECT              00000d00   00000100  00000100  00000000  RWIX
  DMA                   00001000   00000200  000000e0  00000120  RWIX
  ZONE0                 00004000   00001000  00000000  00001000  RWIX
  MCBSPA                00005000   00000040  00000025  0000001b  RWIX
  MCBSPB                00005040   00000040  00000025  0000001b  RWIX
  ECANA                 00006000   00000040  00000034  0000000c  RWIX
  ECANA_LAM             00006040   00000040  00000040  00000000  RWIX
  ECANA_MOTS            00006080   00000040  00000040  00000000  RWIX
  ECANA_MOTO            000060c0   00000040  00000040  00000000  RWIX
  ECANA_MBOX            00006100   00000100  00000100  00000000  RWIX
  ECANB                 00006200   00000040  00000034  0000000c  RWIX
  ECANB_LAM             00006240   00000040  00000040  00000000  RWIX
  ECANB_MOTS            00006280   00000040  00000040  00000000  RWIX
  ECANB_MOTO            000062c0   00000040  00000040  00000000  RWIX
  ECANB_MBOX            00006300   00000100  00000100  00000000  RWIX
  EPWM1                 00006800   00000022  00000022  00000000  RWIX
  EPWM2                 00006840   00000022  00000022  00000000  RWIX
  EPWM3                 00006880   00000022  00000022  00000000  RWIX
  EPWM4                 000068c0   00000022  00000022  00000000  RWIX
  EPWM5                 00006900   00000022  00000022  00000000  RWIX
  EPWM6                 00006940   00000022  00000022  00000000  RWIX
  ECAP1                 00006a00   00000020  00000020  00000000  RWIX
  ECAP2                 00006a20   00000020  00000020  00000000  RWIX
  ECAP3                 00006a40   00000020  00000020  00000000  RWIX
  ECAP4                 00006a60   00000020  00000020  00000000  RWIX
  ECAP5                 00006a80   00000020  00000020  00000000  RWIX
  ECAP6                 00006aa0   00000020  00000020  00000000  RWIX
  EQEP1                 00006b00   00000040  00000040  00000000  RWIX
  EQEP2                 00006b40   00000040  00000040  00000000  RWIX
  GPIOCTRL              00006f80   00000040  0000002e  00000012  RWIX
  GPIODAT               00006fc0   00000020  00000020  00000000  RWIX
  GPIOINT               00006fe0   00000020  0000000a  00000016  RWIX
  SYSTEM                00007010   00000020  00000020  00000000  RWIX
  SPIA                  00007040   00000010  00000010  00000000  RWIX
  SCIA                  00007050   00000010  00000010  00000000  RWIX
  XINTRUPT              00007070   00000010  00000010  00000000  RWIX
  ADC                   00007100   00000020  0000001e  00000002  RWIX
  SCIB                  00007750   00000010  00000010  00000000  RWIX
  SCIC                  00007770   00000010  00000010  00000000  RWIX
  I2CA                  00007900   00000040  00000022  0000001e  RWIX
  RAML4                 0000e000   00002000  00001909  000006f7  RWIX
  ZONE6                 00100000   00040000  00000000  00040000  RWIX
  ZONE7                 00200000   00100000  00000000  00100000  RWIX
  CSM_PWL               0033fff8   00000008  00000008  00000000  RWIX


SECTION ALLOCATION MAP

 output                                  attributes/
section   page    origin      length       input sections
--------  ----  ----------  ----------   ----------------
codestart 
*          0    00000000    00000002     
                  00000000    00000002     DSP2833x_CodeStartBranch.obj (codestart)

.pinit     0    00008000    00000000     UNINITIALIZED

ramfuncs   0    00008000    000039f8     
                  00008000    000022a0     F28335A_main.obj (ramfuncs)
                  0000a2a0    00001758     F28335A_main.obj (ramfuncs:retain)

.text      0    0000b9f8    0000146c     
                  0000b9f8    00000b91     F28335A_main.obj (.text)
                  0000c589    00000332     DSP2833x_DefaultIsr.obj (.text:retain)
                  0000c8bb    00000104     DSP2833x_Xintf.obj (.text)
                  0000c9bf    000000b4     DSP2833x_Gpio.obj (.text)
                  0000ca73    000000ab     DSP2833x_SysInit.obj (.text)
                  0000cb1e    000000a8     DSP2833x_Sci.obj (.text)
                  0000cbc6    00000088     rts2800_fpu32.lib : fs_div.obj (.text)
                  0000cc4e    0000007a     DSP2833x_CpuTimers.obj (.text)
                  0000ccc8    0000005e     DSP2833x_Spi.obj (.text)
                  0000cd26    00000046     rts2800_fpu32.lib : boot.obj (.text)
                  0000cd6c    00000028     DSP2833x_I2C.obj (.text)
                  0000cd94    00000028     DSP2833x_PieCtrl.obj (.text)
                  0000cdbc    00000023     rts2800_fpu32.lib : sqrt.obj (.text)
                  0000cddf    00000022                       : i_div.obj (.text)
                  0000ce01    00000020     DSP2833x_PieVect.obj (.text)
                  0000ce21    00000019     rts2800_fpu32.lib : args_main.obj (.text)
                  0000ce3a    00000019                       : exit.obj (.text)
                  0000ce53    00000009                       : _lock.obj (.text)
                  0000ce5c    00000008     DSP2833x_CodeStartBranch.obj (.text)

.cinit     0    0000ce64    000009b1     
                  0000ce64    00000997     F28335A_main.obj (.cinit)
                  0000d7fb    0000000a     rts2800_fpu32.lib : _lock.obj (.cinit)
                  0000d805    0000000a                       : exit.obj (.cinit)
                  0000d80f    00000004                       : errno.obj (.cinit)
                  0000d813    00000002     --HOLE-- [fill = 0]

.switch    0    0000d816    0000016e     
                  0000d816    000000a0     F28335A_main.obj (.switch:_cpu_timer0_isr)
                  0000d8b6    0000007a     F28335A_main.obj (.switch:_Scan_Reg_Addr_RD)
                  0000d930    00000030     F28335A_main.obj (.switch:_Local_DC_Process)
                  0000d960    00000024     F28335A_main.obj (.switch:_Scan_S_Reg_Addr_WE)

csm_rsvd   0    0033ff80    00000000     DSECT

csmpasswds 
*          0    0033fff8    00000000     DSECT

.adc_cal   0    00380080    00000007     NOLOAD SECTION
                  00380080    00000007     DSP2833x_ADC_cal.obj (.adc_cal)

.reset     0    003fffc0    00000002     DSECT
                  003fffc0    00000002     rts2800_fpu32.lib : boot.obj (.reset)

.stack     1    00000400    00000300     UNINITIALIZED
                  00000400    00000300     --HOLE--

DevEmuRegsFile 
*          1    00000880    000000d0     UNINITIALIZED
                  00000880    000000d0     DSP2833x_GlobalVariableDefs.obj (DevEmuRegsFile)

FlashRegsFile 
*          1    00000a80    00000008     UNINITIALIZED
                  00000a80    00000008     DSP2833x_GlobalVariableDefs.obj (FlashRegsFile)

CsmRegsFile 
*          1    00000ae0    00000010     UNINITIALIZED
                  00000ae0    00000010     DSP2833x_GlobalVariableDefs.obj (CsmRegsFile)

AdcMirrorFile 
*          1    00000b00    00000010     UNINITIALIZED
                  00000b00    00000010     DSP2833x_GlobalVariableDefs.obj (AdcMirrorFile)

XintfRegsFile 
*          1    00000b20    0000001e     UNINITIALIZED
                  00000b20    0000001e     DSP2833x_GlobalVariableDefs.obj (XintfRegsFile)

CpuTimer0RegsFile 
*          1    00000c00    00000008     UNINITIALIZED
                  00000c00    00000008     DSP2833x_GlobalVariableDefs.obj (CpuTimer0RegsFile)

CpuTimer1RegsFile 
*          1    00000c08    00000008     UNINITIALIZED
                  00000c08    00000008     DSP2833x_GlobalVariableDefs.obj (CpuTimer1RegsFile)

CpuTimer2RegsFile 
*          1    00000c10    00000008     UNINITIALIZED
                  00000c10    00000008     DSP2833x_GlobalVariableDefs.obj (CpuTimer2RegsFile)

PieCtrlRegsFile 
*          1    00000ce0    0000001a     UNINITIALIZED
                  00000ce0    0000001a     DSP2833x_GlobalVariableDefs.obj (PieCtrlRegsFile)

PieVectTableFile 
*          1    00000d00    00000100     UNINITIALIZED
                  00000d00    00000100     DSP2833x_GlobalVariableDefs.obj (PieVectTableFile)

DmaRegsFile 
*          1    00001000    000000e0     UNINITIALIZED
                  00001000    000000e0     DSP2833x_GlobalVariableDefs.obj (DmaRegsFile)

McbspaRegsFile 
*          1    00005000    00000025     UNINITIALIZED
                  00005000    00000025     DSP2833x_GlobalVariableDefs.obj (McbspaRegsFile)

McbspbRegsFile 
*          1    00005040    00000025     UNINITIALIZED
                  00005040    00000025     DSP2833x_GlobalVariableDefs.obj (McbspbRegsFile)

ECanaRegsFile 
*          1    00006000    00000034     UNINITIALIZED
                  00006000    00000034     DSP2833x_GlobalVariableDefs.obj (ECanaRegsFile)

ECanaLAMRegsFile 
*          1    00006040    00000040     UNINITIALIZED
                  00006040    00000040     DSP2833x_GlobalVariableDefs.obj (ECanaLAMRegsFile)

ECanaMOTSRegsFile 
*          1    00006080    00000040     UNINITIALIZED
                  00006080    00000040     DSP2833x_GlobalVariableDefs.obj (ECanaMOTSRegsFile)

ECanaMOTORegsFile 
*          1    000060c0    00000040     UNINITIALIZED
                  000060c0    00000040     DSP2833x_GlobalVariableDefs.obj (ECanaMOTORegsFile)

ECanaMboxesFile 
*          1    00006100    00000100     UNINITIALIZED
                  00006100    00000100     DSP2833x_GlobalVariableDefs.obj (ECanaMboxesFile)

ECanbRegsFile 
*          1    00006200    00000034     UNINITIALIZED
                  00006200    00000034     DSP2833x_GlobalVariableDefs.obj (ECanbRegsFile)

ECanbLAMRegsFile 
*          1    00006240    00000040     UNINITIALIZED
                  00006240    00000040     DSP2833x_GlobalVariableDefs.obj (ECanbLAMRegsFile)

ECanbMOTSRegsFile 
*          1    00006280    00000040     UNINITIALIZED
                  00006280    00000040     DSP2833x_GlobalVariableDefs.obj (ECanbMOTSRegsFile)

ECanbMOTORegsFile 
*          1    000062c0    00000040     UNINITIALIZED
                  000062c0    00000040     DSP2833x_GlobalVariableDefs.obj (ECanbMOTORegsFile)

ECanbMboxesFile 
*          1    00006300    00000100     UNINITIALIZED
                  00006300    00000100     DSP2833x_GlobalVariableDefs.obj (ECanbMboxesFile)

EPwm1RegsFile 
*          1    00006800    00000022     UNINITIALIZED
                  00006800    00000022     DSP2833x_GlobalVariableDefs.obj (EPwm1RegsFile)

EPwm2RegsFile 
*          1    00006840    00000022     UNINITIALIZED
                  00006840    00000022     DSP2833x_GlobalVariableDefs.obj (EPwm2RegsFile)

EPwm3RegsFile 
*          1    00006880    00000022     UNINITIALIZED
                  00006880    00000022     DSP2833x_GlobalVariableDefs.obj (EPwm3RegsFile)

EPwm4RegsFile 
*          1    000068c0    00000022     UNINITIALIZED
                  000068c0    00000022     DSP2833x_GlobalVariableDefs.obj (EPwm4RegsFile)

EPwm5RegsFile 
*          1    00006900    00000022     UNINITIALIZED
                  00006900    00000022     DSP2833x_GlobalVariableDefs.obj (EPwm5RegsFile)

EPwm6RegsFile 
*          1    00006940    00000022     UNINITIALIZED
                  00006940    00000022     DSP2833x_GlobalVariableDefs.obj (EPwm6RegsFile)

ECap1RegsFile 
*          1    00006a00    00000020     UNINITIALIZED
                  00006a00    00000020     DSP2833x_GlobalVariableDefs.obj (ECap1RegsFile)

ECap2RegsFile 
*          1    00006a20    00000020     UNINITIALIZED
                  00006a20    00000020     DSP2833x_GlobalVariableDefs.obj (ECap2RegsFile)

ECap3RegsFile 
*          1    00006a40    00000020     UNINITIALIZED
                  00006a40    00000020     DSP2833x_GlobalVariableDefs.obj (ECap3RegsFile)

ECap4RegsFile 
*          1    00006a60    00000020     UNINITIALIZED
                  00006a60    00000020     DSP2833x_GlobalVariableDefs.obj (ECap4RegsFile)

ECap5RegsFile 
*          1    00006a80    00000020     UNINITIALIZED
                  00006a80    00000020     DSP2833x_GlobalVariableDefs.obj (ECap5RegsFile)

ECap6RegsFile 
*          1    00006aa0    00000020     UNINITIALIZED
                  00006aa0    00000020     DSP2833x_GlobalVariableDefs.obj (ECap6RegsFile)

EQep1RegsFile 
*          1    00006b00    00000040     UNINITIALIZED
                  00006b00    00000040     DSP2833x_GlobalVariableDefs.obj (EQep1RegsFile)

EQep2RegsFile 
*          1    00006b40    00000040     UNINITIALIZED
                  00006b40    00000040     DSP2833x_GlobalVariableDefs.obj (EQep2RegsFile)

GpioCtrlRegsFile 
*          1    00006f80    0000002e     UNINITIALIZED
                  00006f80    0000002e     DSP2833x_GlobalVariableDefs.obj (GpioCtrlRegsFile)

GpioDataRegsFile 
*          1    00006fc0    00000020     UNINITIALIZED
                  00006fc0    00000020     DSP2833x_GlobalVariableDefs.obj (GpioDataRegsFile)

GpioIntRegsFile 
*          1    00006fe0    0000000a     UNINITIALIZED
                  00006fe0    0000000a     DSP2833x_GlobalVariableDefs.obj (GpioIntRegsFile)

SysCtrlRegsFile 
*          1    00007010    00000020     UNINITIALIZED
                  00007010    00000020     DSP2833x_GlobalVariableDefs.obj (SysCtrlRegsFile)

SpiaRegsFile 
*          1    00007040    00000010     UNINITIALIZED
                  00007040    00000010     DSP2833x_GlobalVariableDefs.obj (SpiaRegsFile)

SciaRegsFile 
*          1    00007050    00000010     UNINITIALIZED
                  00007050    00000010     DSP2833x_GlobalVariableDefs.obj (SciaRegsFile)

XIntruptRegsFile 
*          1    00007070    00000010     UNINITIALIZED
                  00007070    00000010     DSP2833x_GlobalVariableDefs.obj (XIntruptRegsFile)

AdcRegsFile 
*          1    00007100    0000001e     UNINITIALIZED
                  00007100    0000001e     DSP2833x_GlobalVariableDefs.obj (AdcRegsFile)

ScibRegsFile 
*          1    00007750    00000010     UNINITIALIZED
                  00007750    00000010     DSP2833x_GlobalVariableDefs.obj (ScibRegsFile)

ScicRegsFile 
*          1    00007770    00000010     UNINITIALIZED
                  00007770    00000010     DSP2833x_GlobalVariableDefs.obj (ScicRegsFile)

I2caRegsFile 
*          1    00007900    00000022     UNINITIALIZED
                  00007900    00000022     DSP2833x_GlobalVariableDefs.obj (I2caRegsFile)

.econst    1    0000e000    00000d09     
                  0000e000    00000802     F28335A_main.obj (.econst:_SIN_TABLE)
                  0000e802    00000202     F28335A_main.obj (.econst:_ARCTG_TABLE)
                  0000ea04    00000100     DSP2833x_PieVect.obj (.econst)
                  0000eb04    00000100     F28335A_main.obj (.econst:_auchCRCHi)
                  0000ec04    00000100     F28335A_main.obj (.econst:_auchCRCLo)
                  0000ed04    00000004     F28335A_main.obj (.econst:_$P$T0$1)
                  0000ed08    00000001     F28335A_main.obj (.econst)

.ebss      1    0000ed0a    00000c00     UNINITIALIZED
                  0000ed0a    00000018     DSP2833x_CpuTimers.obj (.ebss)
                  0000ed22    00000004     rts2800_fpu32.lib : _lock.obj (.ebss)
                  0000ed26    00000004                       : exit.obj (.ebss)
                  0000ed2a    00000001                       : errno.obj (.ebss)
                  0000ed2b    00000015     --HOLE--
                  0000ed40    00000bca     F28335A_main.obj (.ebss)

CsmPwlFile 
*          1    0033fff8    00000008     UNINITIALIZED
                  0033fff8    00000008     DSP2833x_GlobalVariableDefs.obj (CsmPwlFile)


GLOBAL SYMBOLS: SORTED ALPHABETICALLY BY Name 

address    name
--------   ----
0000b9f8   .text
0000ce3a   C$$EXIT
0000cbc6   FS$$DIV
0000cddf   I$$DIV
0000cdf0   I$$MOD
0000c675   _ADCINT_ISR
0000ef16   _ADC_IA
0000ede8   _ADC_IA_INV
0000ef14   _ADC_IB
0000ede2   _ADC_IB_INV
0000ef22   _ADC_IC
0000ede0   _ADC_IC_INV
0000ef30   _ADC_VAB
0000ef2e   _ADC_VBC
0000ef32   _ADC_VCA
00380080   _ADC_cal
00008b28   _ARCTAN
0000e802   _ARCTG_TABLE
00000b00   _AdcMirror
00007100   _AdcRegs
0000eede   _Balance
0000ed97   _COM_ALL_rate
0000ed75   _COM_EXT_count
0000ed5b   _COM_I0
0000ed58   _COM_IA
0000ed55   _COM_IB
0000ed56   _COM_IC
0000ed6a   _COM_IH1
0000ed6b   _COM_IH1_RATE
0000ed76   _COM_IH2
0000ed49   _COM_IH2_RATE
0000ed4c   _COM_IH3
0000ed48   _COM_IH3_RATE
0000ed6c   _COM_IHB_RATE
0000ed72   _COM_Ih_max
0000ed40   _COM_Iz
0000ed4d   _COM_Kp
0000ed41   _COM_Ti
0000ed47   _COM_Tu
0000ed45   _COM_U
0000ed46   _COM_UAB
0000ed43   _COM_UBC
0000ed44   _COM_UCA
0000ed71   _COM_UDCREF
0000ed6d   _COM_UDC_Max
0000ed4b   _COM_Ua
0000ed57   _COM_Udb
0000ee2a   _COM_Udc1
0000ed42   _COM_Uz
0000ed4a   _COM_ki
00008d5b   _CON2R2S_W
00008d31   _CON2S2R_W
00008cf3   _CON2S3S
00008cb3   _CON3S2S
0000ed60   _C_data_count1
0000ed61   _C_data_count2
0000ed74   _C_data_count3
0000ed77   _C_way
0000ed59   _Chose_angle
0000ee70   _CloseGrid
0000f29c   _Com_data
0000ef80   _CommuError
0000eda0   _Conductor_i
0000cc8d   _ConfigCpuTimer
0000ed1a   _CpuTimer0
0000ed9c   _CpuTimer0Count
00000c00   _CpuTimer0Regs
0000ed0a   _CpuTimer1
00000c08   _CpuTimer1Regs
0000ed12   _CpuTimer2
00000c10   _CpuTimer2Regs
0000ed86   _Crc_High
0000ed87   _Crc_Low
0033fff8   _CsmPwl
00000ae0   _CsmRegs
0000f280   _Ctrl_Para
0000819e   _Ctrl_Params_Initial
0000edc6   _Curr_PI1_integ
0000ee38   _Curr_PI1_out
0000edd4   _Curr_PI2_integ
0000ee36   _Curr_PI2_out
0000f740   _Current_IA
0000f640   _Current_IB
0000f840   _Current_IC
00008a51   _Current_PI1
00008a99   _Current_PI2
0000ed91   _Current_flag
0000ed5a   _DA0
0000ed53   _DA1
0000ed52   _DA2
0000ed4e   _DA3
0000ed51   _DA5
0000ed50   _DA6
0000c5a0   _DATALOG_ISR
0000eec6   _DA_Current
0000eed0   _DA_Current_dq
0000c52a   _DA_Initialization
0000eec0   _DA_InterPhase
0000eebe   _DA_OutPhase
0000eec4   _DA_Phase
0000ee6e   _DA_Phase_PLL
0000ed9b   _DA_Switch
0000efc0   _DA_Test
0000eec2   _DA_Voltage
0000eece   _DA_Voltage_A
0000eec8   _DA_Voltage_B
0000ee72   _DA_Voltage_C
0000eecc   _DA_Voltage_neg
0000c79d   _DINTCH1_ISR
0000c7a7   _DINTCH2_ISR
0000c7b1   _DINTCH3_ISR
0000c7bb   _DINTCH4_ISR
0000c7c5   _DINTCH5_ISR
0000c7cf   _DINTCH6_ISR
0000f300   _D_Check
00009eb6   _DataCheck
00000880   _DevEmuRegs
0000ca86   _DisableDog
0000ba87   _Display
0000c0fa   _Display_Current
0000bf50   _Display_Para
0000c3e6   _Display_Send_Ready
00001000   _DmaRegs
0000c829   _ECAN0INTA_ISR
0000c83d   _ECAN0INTB_ISR
0000c833   _ECAN1INTA_ISR
0000c847   _ECAN1INTB_ISR
0000c711   _ECAP1_INT_ISR
0000c71b   _ECAP2_INT_ISR
0000c725   _ECAP3_INT_ISR
0000c72f   _ECAP4_INT_ISR
0000c739   _ECAP5_INT_ISR
0000c743   _ECAP6_INT_ISR
00006040   _ECanaLAMRegs
000060c0   _ECanaMOTORegs
00006080   _ECanaMOTSRegs
00006100   _ECanaMboxes
00006000   _ECanaRegs
00006240   _ECanbLAMRegs
000062c0   _ECanbMOTORegs
00006280   _ECanbMOTSRegs
00006300   _ECanbMboxes
00006200   _ECanbRegs
00006a00   _ECap1Regs
00006a20   _ECap2Regs
00006a40   _ECap3Regs
00006a60   _ECap4Regs
00006a80   _ECap5Regs
00006aa0   _ECap6Regs
0000ed90   _EEPROM_Compare
0000eda2   _EEPROM_No_WRed_Sign
0000c89a   _EMPTY_ISR
0000c5b4   _EMUINT_ISR
0000c6cf   _EPWM1_INT_ISR
0000c693   _EPWM1_TZINT_ISR
0000c6dc   _EPWM2_INT_ISR
0000c69d   _EPWM2_TZINT_ISR
0000c6e6   _EPWM3_INT_ISR
0000c6a7   _EPWM3_TZINT_ISR
0000c6f0   _EPWM4_INT_ISR
0000c6b1   _EPWM4_TZINT_ISR
0000c6fd   _EPWM5_INT_ISR
0000c6bb   _EPWM5_TZINT_ISR
0000c707   _EPWM6_INT_ISR
0000c6c5   _EPWM6_TZINT_ISR
00006800   _EPwm1Regs
00006840   _EPwm2Regs
00006880   _EPwm3Regs
000068c0   _EPwm4Regs
00006900   _EPwm5Regs
00006940   _EPwm6Regs
0000c74d   _EQEP1_INT_ISR
0000c757   _EQEP2_INT_ISR
00006b00   _EQep1Regs
00006b40   _EQep2Regs
0000ed9a   _ERROR_flag
0000ed95   _ERROR_module
0000ed96   _ERR_M_B
0000eda4   _ERR_M_C
0000cdb3   _EnableInterrupts
0000eeca   _FLL_err1
0000ee9c   _FLL_err2
0000f2c0   _F_State
0000ed8f   _Factory_Flag
0000ed62   _Fault_flag
00000a80   _FlashRegs
0000edbc   _Gama
0000eedc   _General_Protect
00006f80   _GpioCtrlRegs
00006fc0   _GpioDataRegs
00006fe0   _GpioIntRegs
0000c7d9   _I2CINT1A_ISR
0000c7e3   _I2CINT2A_ISR
00007900   _I2caRegs
0000ede4   _IASVG
0000edd6   _IA_Load
0000edf8   _IA_Load_Pre
0000f3c0   _IA_Load_Temp
0000eddc   _IA_Load_Z
0000eeb0   _IA_Z
0000eed2   _IA_Z_INV
0000ede6   _IBSVG
0000edda   _IB_Load
0000edf6   _IB_Load_Pre
0000f440   _IB_Load_Temp
0000edea   _IB_Load_Z
0000eeb2   _IB_Z
0000eed4   _IB_Z_INV
0000edd8   _ICSVG
0000edde   _IC_Load
0000eeac   _IC_Z
0000ef6e   _IC_Z_INV
0000c5c8   _ILLEGAL_ISR
0000ed99   _INRL_data
0000c589   _INT13_ISR
0000c596   _INT14_ISR
0000ee10   _ISVG_Amp
0000ee54   _I_alpha
0000ee52   _I_beta
0000ee0e   _I_d
0000ee46   _I_d_P2P
0000ee48   _I_d_Pre
0000edc4   _I_derror
0000ee28   _I_neg_amp
0000ee0c   _I_q
0000ee4a   _I_q_P2P
0000ef5c   _I_q_Pre
0000edc8   _I_qerror
0000ee02   _Idref
0000ee98   _InOuterPhase
0000eda5   _Index
0000cc4e   _InitCpuTimers0
0000cc63   _InitCpuTimers1
0000cc78   _InitCpuTimers2
00008a35   _InitFlash
0000c9bf   _InitGpio
0000cd6c   _InitI2C
0000cd7e   _InitI2CGpio
0000c539   _InitInterrupts
0000cac3   _InitPeripheralClocks
0000cd94   _InitPieCtrl
0000ce01   _InitPieVectTable
0000ca8e   _InitPll
0000cb67   _InitSci
0000cb1e   _InitSciGpio
0000cb25   _InitSciaGpio
0000cb3b   _InitScibGpio
0000cb51   _InitScicGpio
0000cd16   _InitSpi
0000cd25   _InitSpiGpio
0000ccc8   _InitSpiaGpio
0000ccee   _InitSpicGpio
0000ca73   _InitSysCtrl
0000c958   _InitXintf
0000c902   _InitXintf16Gpio
0000c8bb   _InitXintf32Gpio
0000ed83   _Init_i
0000ed93   _Init_para_flag
0000ee6a   _InterPhase
0000eee2   _Ipcc_Amp
0000eea8   _KLoad_ICT
0000eeda   _KPCC_VCT
0000eea2   _K_IA
0000eeae   _K_IA_INV
0000eea4   _K_IB
0000eed6   _K_IB_INV
0000eeb4   _K_IC
0000eed8   _K_IC_INV
0000eeba   _K_UA
0000eebc   _K_UB
0000eeb6   _K_UC
0000ee5a   _Ki_PLL
0000ee1e   _Kp_P2P_Zero
0000ee5c   _Kp_PLL
0000ee32   _LS1
0000ee40   _LS2
0000ee4e   _LS3
0000c890   _LUF_ISR
0000c886   _LVF_ISR
00008f95   _Local_DC_Process
0000ed7c   _MB_COMMU_FLAG
0000ed7b   _MB_ERR_FLAG
0000c789   _MRINTA_ISR
0000c775   _MRINTB_ISR
0000c793   _MXINTA_ISR
0000c77f   _MXINTB_ISR
0000f500   _M_out
0000efb6   _Main_DA
000089de   _Main_DA_OUT
00005000   _McbspaRegs
00005040   _McbspbRegs
0000c574   _MemCopy
000083dd   _ModBusCRC16
0000840c   _ModBusCRC16_TBC
0000f000   _MsgBuffer_Receive
0000f00f   _MsgBuffer_Send
0000eda1   _NMICount
0000c5be   _NMI_ISR
0000ed6e   _Negative
0000ee56   _Omiga
0000ee60   _Omiga_FLL
0000ee68   _Omiga_PLL
0000ee58   _Omiga_t
0000ee78   _OpenGrid
0000ee6c   _OuterPhase
00008eda   _P2P_Balance_Neg_U
00008f4a   _P2P_Balance_Z
0000ee44   _P2P_alpha
0000ee42   _P2P_beta
0000c8a7   _PIE_RESERVED
0000ed70   _PLL_Switch
0000f260   _Para1_Intdata
0000efd1   _Para1_set
0000efc8   _Para2_set
0000ed5d   _Para_SET
0000c140   _Para_set1
0000c18c   _Para_set2
0000c3ba   _Para_set_end
00009c61   _Phase_Lock
00000ce0   _PieCtrlRegs
00000d00   _PieVectTable
0000ea04   _PieVectTableInit
0000edd0   _Q
0000ee14   _Q_REF
0000829b   _RD_DATA_PROCESS
00008000   _RD_EEPROM
0000eda3   _RD_EEPROM_Data
00008453   _RD_Reg03_ServFun
00008430   _RD_Switch01_ServFun
0000c5aa   _RTOSINT_ISR
0000a004   _Read_Fault_State
0000ef9f   _Read_control
0000b9f8   _Read_data
0000ed68   _Receive_date_error
0000ed69   _ReceivedChar
0000ed9e   _Reset_Flag
0000ed92   _Restore_Factory_Flag
000080a8   _Restore_Factory_Set
0000ed98   _Run_Flag
0000ed5c   _Run_Stop_Flag
0000ed88   _Rx_Crc_Code
0000ed8d   _Rx_Func_Code
0000ed8c   _Rx_Id
0000ed8a   _Rx_Opt_Addr
0000ed8b   _Rx_Opt_Data
0000eda8   _Rxd_Stop_Cnt
0000c801   _SCIRXINTA_ISR
0000c815   _SCIRXINTB_ISR
0000c7ed   _SCIRXINTC_ISR
0000c80b   _SCITXINTA_ISR
0000c81f   _SCITXINTB_ISR
0000c7f7   _SCITXINTC_ISR
0000c64d   _SEQ1INT_ISR
0000c657   _SEQ2INT_ISR
0000e000   _SIN_TABLE
0000c761   _SPIRXINTA_ISR
0000c76b   _SPITXINTA_ISR
0000ed9f   _S_Status
000084fe   _Scan_Reg_Addr_RD
00008851   _Scan_S_Reg_Addr_WE
00008828   _Scan_S_Switch_Addr_WE
000084d6   _Scan_Switch_Addr_RD
0000ed78   _Sci_Fifo_Depth
0000830d   _Sci_Modbus_main
0000ed7e   _Sci_OverFlow_Sign
0000eda6   _Sci_Rx_Value
000089bc   _Sci_Tx_Modbus
0000ed9d   _Sci_Tx_Value
0000efe4   _Sci_VarRx
0000efda   _Sci_VarRx_Buf
0000f480   _Sci_VarTx
00007050   _SciaRegs
00007750   _ScibRegs
00007770   _ScicRegs
0000ca7c   _ServiceDog
00008d87   _Sin_Value
0000ed65   _Sine_m
0000ee7a   _Soft_Protect
00007040   _SpiaRegs
0000ee74   _Start_Balance
0000ed7d   _State_Machine
00007010   _SysCtrlRegs
0000ed6f   _THD_IA
0000ed54   _THD_IB
0000ed4f   _THD_IC
0000edb8   _THETA_C
0000edac   _THETA_COM_Usq
0000edae   _THETA_C_ab
0000edb2   _THETA_IA
0000edaa   _THETA_Neg_Com
0000ee1a   _THETA_Zero
0000edba   _THETA_d_Com
0000ee20   _THETA_neg
0000c67f   _TINT0_ISR
0000ed8e   _Temp_Crc_Code
0000ed89   _Temp_Flag
0000ed5e   _Ts_Id
0000ed64   _Ts_UDC
0000ed63   _Ts_US
0000edfa   _UAB_DRF
0000f400   _UAB_Temp
0000ee08   _UA_P2P
0000ee18   _UA_THETA_neg
0000eeb8   _UA_Z
0000edfe   _UBC_DRF
0000f380   _UBC_Temp
0000ee16   _UB_P2P
0000eeaa   _UB_Z
0000edfc   _UCA_DRF
0000ee22   _UC_P2P
0000eea6   _UC_Z
0000f580   _UDC
0000ef98   _UDCREF_Ref
0000ee7c   _UDC_AR1
0000ef7a   _UDC_AR10
0000ef64   _UDC_AR11
0000ef5e   _UDC_AR12
0000ee8a   _UDC_AR2
0000ee88   _UDC_AR3
0000ef48   _UDC_AR4
0000ef4a   _UDC_AR5
0000ef5a   _UDC_AR6
0000ef58   _UDC_AR7
0000ef3a   _UDC_AR8
0000ef76   _UDC_AR9
0000ef6c   _UDC_AS1
0000ef28   _UDC_AS10
0000ef34   _UDC_AS11
0000ef18   _UDC_AS12
0000ef38   _UDC_AS2
0000eefe   _UDC_AS3
0000ef0a   _UDC_AS4
0000ef04   _UDC_AS5
0000eeea   _UDC_AS6
0000eee4   _UDC_AS7
0000eef6   _UDC_AS8
0000eef0   _UDC_AS9
0000eee0   _UDC_Amp
0000ee7e   _UDC_BR1
0000ef7c   _UDC_BR10
0000ef66   _UDC_BR11
0000ef60   _UDC_BR12
0000ee8c   _UDC_BR2
0000ef44   _UDC_BR3
0000ef3e   _UDC_BR4
0000ef50   _UDC_BR5
0000ef4c   _UDC_BR6
0000ef52   _UDC_BR7
0000ef3c   _UDC_BR8
0000ef74   _UDC_BR9
0000ef68   _UDC_BS1
0000ef24   _UDC_BS10
0000ef36   _UDC_BS11
0000ef1c   _UDC_BS12
0000ef00   _UDC_BS2
0000eefa   _UDC_BS3
0000ef0c   _UDC_BS4
0000ef06   _UDC_BS5
0000eeec   _UDC_BS6
0000eee6   _UDC_BS7
0000eef2   _UDC_BS8
0000ef2a   _UDC_BS9
0000ee8e   _UDC_CR1
0000ef72   _UDC_CR10
0000ef62   _UDC_CR11
0000ef70   _UDC_CR12
0000ee86   _UDC_CR2
0000ef42   _UDC_CR3
0000ef54   _UDC_CR4
0000ef4e   _UDC_CR5
0000ef56   _UDC_CR6
0000ef40   _UDC_CR7
0000ef46   _UDC_CR8
0000ef78   _UDC_CR9
0000ef6a   _UDC_CS1
0000ef26   _UDC_CS10
0000ef1a   _UDC_CS11
0000ef20   _UDC_CS12
0000ef02   _UDC_CS2
0000eefc   _UDC_CS3
0000ef08   _UDC_CS4
0000eef8   _UDC_CS5
0000eee8   _UDC_CS6
0000eef4   _UDC_CS7
0000eeee   _UDC_CS8
0000ef2c   _UDC_CS9
00008ae1   _UDC_PI
0000ee12   _UDC_PI_integ
0000ee04   _UDC_PI_out
0000ef12   _UDC_aver
0000ef1e   _UDC_averA
0000ef10   _UDC_averB
0000ef0e   _UDC_averC
0000ee06   _UDC_err
0000edb4   _US
0000c62f   _USER10_ISR
0000c639   _USER11_ISR
0000c643   _USER12_ISR
0000c5d5   _USER1_ISR
0000c5df   _USER2_ISR
0000c5e9   _USER3_ISR
0000c5f3   _USER4_ISR
0000c5fd   _USER5_ISR
0000c607   _USER6_ISR
0000c611   _USER7_ISR
0000c61b   _USER8_ISR
0000c625   _USER9_ISR
0000edb6   _US_Display
0000ee00   _US_Pre
0000edee   _U_ADRF
0000edec   _U_BDRF
0000edf0   _U_CDRF
0000edd2   _U_FtoI
0000ee26   _U_Z_amp
0000ee1c   _U_Zero_amp
0000ee90   _U_alpha_Neg
0000ee94   _U_alpha_Pos
0000ee3c   _U_alpha_close
0000edb0   _U_alpha_open_after
0000edf4   _U_alpha_open_pre
0000ee2c   _U_aout_close
0000edcc   _U_aout_open
0000ee92   _U_beta_Neg
0000ee96   _U_beta_Pos
0000ee2e   _U_beta_close
0000edbe   _U_beta_open_after
0000edf2   _U_beta_open_pre
0000ee30   _U_bout_close
0000edca   _U_bout_open
0000ee34   _U_cout_close
0000edce   _U_cout_open
0000edc2   _U_dF
0000ee3a   _U_dout
0000ee24   _U_neg_amp
0000edc0   _U_qF
0000ee3e   _U_qout
0000ee0a   _Udc_slip
0000ee76   _Usd_PLL
0000ee5e   _Usq_PLL
0000ed79   _Var_2_Empty_FIFO
0000ee9e   _Vd1
0000ee84   _Vd2
0000eda7   _Version_Erro_Sign
0000ed08   _Version_No
0000eea0   _Vq1
0000ee80   _Vq2
0000c689   _WAKEINT_ISR
000084b9   _WE_S_Reg06_ServFun
0000849c   _WE_S_Switch05_ServFun
000082cf   _WR_DATA_PROCESS
0000805e   _WR_EEPROM
0000c661   _XINT1_ISR
0000c66b   _XINT2_ISR
0000c851   _XINT3_ISR
0000c85b   _XINT4_ISR
0000c865   _XINT5_ISR
0000c872   _XINT6_ISR
0000c87c   _XINT7_ISR
00007070   _XIntruptRegs
00000b20   _XintfRegs
00000700   __STACK_END
00000300   __STACK_SIZE
00000001   __TI_args_main
ffffffff   ___binit__
ffffffff   ___c_args__
0000ce64   ___cinit__
0000ce64   ___etext__
ffffffff   ___pinit__
0000b9f8   ___text__
0000ce21   __args_main
0000ed26   __cleanup_ptr
0000ed28   __dtors_ptr
0000ed24   __lock
0000ce5b   __nop
0000ce57   __register_lock
0000ce53   __register_unlock
00000400   __stack
0000ed22   __unlock
0000ce3a   _abort
0000eb04   _auchCRCHi
0000ec04   _auchCRCLo
0000cd26   _c_int00
0000ed67   _com
0000ed5f   _com1
0000ee4c   _cosVal
0000a2ed   _cpu_timer0_isr
0000ed7a   _delay_Count
0000ed81   _delay_PWM
0000a295   _delay_t
0000c424   _delay_t1
0000ed80   _delay_time_AD
0000ed7f   _delay_time_DA
0000ed84   _delay_time_Main_DA
0000ed85   _delay_time_rcvd
0000ed82   _delay_time_send
0000efee   _display_data_one
0000f340   _display_data_two
0000ed73   _display_flag
0000ed2a   _errno
0000ce3c   _exit
0000efa6   _filter_2nd_d
00009e14   _filter_2nd_dq
0000efae   _filter_2nd_q
00009e65   _filter_Band_Stop
0000f1b0   _filter_band_stop_A1
0000f1d0   _filter_band_stop_A10
0000f040   _filter_band_stop_A11
0000f02e   _filter_band_stop_A12
0000f130   _filter_band_stop_A2
0000f190   _filter_band_stop_A3
0000f160   _filter_band_stop_A4
0000f0b0   _filter_band_stop_A5
0000f080   _filter_band_stop_A6
0000f0e0   _filter_band_stop_A7
0000f210   _filter_band_stop_A8
0000f200   _filter_band_stop_A9
0000f140   _filter_band_stop_B1
0000f240   _filter_band_stop_B10
0000f050   _filter_band_stop_B11
0000f060   _filter_band_stop_B12
0000f110   _filter_band_stop_B2
0000f1a0   _filter_band_stop_B3
0000f170   _filter_band_stop_B4
0000f090   _filter_band_stop_B5
0000f0f0   _filter_band_stop_B6
0000f0c0   _filter_band_stop_B7
0000f220   _filter_band_stop_B8
0000f1f0   _filter_band_stop_B9
0000f150   _filter_band_stop_C1
0000f250   _filter_band_stop_C10
0000f01e   _filter_band_stop_C11
0000f230   _filter_band_stop_C12
0000f120   _filter_band_stop_C2
0000f180   _filter_band_stop_C3
0000f0a0   _filter_band_stop_C4
0000f070   _filter_band_stop_C5
0000f100   _filter_band_stop_C6
0000f0d0   _filter_band_stop_C7
0000f1e0   _filter_band_stop_C8
0000f1c0   _filter_band_stop_C9
0000ee62   _integral_Omiga
0000ee66   _integral_PLL
0000ee9a   _integral_Vd1
0000ee82   _integral_Vd2
0000ee64   _invented_integral
0000ed66   _m
0000c42f   _main
0000ed94   _period
0000c8b1   _rsvd_ISR
0000ee50   _sinVal
0000cdbc   _sqrt
0000a2a0   _xint1_isr
ffffffff   binit
0000ce64   cinit
00000000   code_start
0000ce64   etext
ffffffff   pinit


GLOBAL SYMBOLS: SORTED BY Symbol Address 

address    name
--------   ----
00000000   code_start
00000001   __TI_args_main
00000300   __STACK_SIZE
00000400   __stack
00000700   __STACK_END
00000880   _DevEmuRegs
00000a80   _FlashRegs
00000ae0   _CsmRegs
00000b00   _AdcMirror
00000b20   _XintfRegs
00000c00   _CpuTimer0Regs
00000c08   _CpuTimer1Regs
00000c10   _CpuTimer2Regs
00000ce0   _PieCtrlRegs
00000d00   _PieVectTable
00001000   _DmaRegs
00005000   _McbspaRegs
00005040   _McbspbRegs
00006000   _ECanaRegs
00006040   _ECanaLAMRegs
00006080   _ECanaMOTSRegs
000060c0   _ECanaMOTORegs
00006100   _ECanaMboxes
00006200   _ECanbRegs
00006240   _ECanbLAMRegs
00006280   _ECanbMOTSRegs
000062c0   _ECanbMOTORegs
00006300   _ECanbMboxes
00006800   _EPwm1Regs
00006840   _EPwm2Regs
00006880   _EPwm3Regs
000068c0   _EPwm4Regs
00006900   _EPwm5Regs
00006940   _EPwm6Regs
00006a00   _ECap1Regs
00006a20   _ECap2Regs
00006a40   _ECap3Regs
00006a60   _ECap4Regs
00006a80   _ECap5Regs
00006aa0   _ECap6Regs
00006b00   _EQep1Regs
00006b40   _EQep2Regs
00006f80   _GpioCtrlRegs
00006fc0   _GpioDataRegs
00006fe0   _GpioIntRegs
00007010   _SysCtrlRegs
00007040   _SpiaRegs
00007050   _SciaRegs
00007070   _XIntruptRegs
00007100   _AdcRegs
00007750   _ScibRegs
00007770   _ScicRegs
00007900   _I2caRegs
00008000   _RD_EEPROM
0000805e   _WR_EEPROM
000080a8   _Restore_Factory_Set
0000819e   _Ctrl_Params_Initial
0000829b   _RD_DATA_PROCESS
000082cf   _WR_DATA_PROCESS
0000830d   _Sci_Modbus_main
000083dd   _ModBusCRC16
0000840c   _ModBusCRC16_TBC
00008430   _RD_Switch01_ServFun
00008453   _RD_Reg03_ServFun
0000849c   _WE_S_Switch05_ServFun
000084b9   _WE_S_Reg06_ServFun
000084d6   _Scan_Switch_Addr_RD
000084fe   _Scan_Reg_Addr_RD
00008828   _Scan_S_Switch_Addr_WE
00008851   _Scan_S_Reg_Addr_WE
000089bc   _Sci_Tx_Modbus
000089de   _Main_DA_OUT
00008a35   _InitFlash
00008a51   _Current_PI1
00008a99   _Current_PI2
00008ae1   _UDC_PI
00008b28   _ARCTAN
00008cb3   _CON3S2S
00008cf3   _CON2S3S
00008d31   _CON2S2R_W
00008d5b   _CON2R2S_W
00008d87   _Sin_Value
00008eda   _P2P_Balance_Neg_U
00008f4a   _P2P_Balance_Z
00008f95   _Local_DC_Process
00009c61   _Phase_Lock
00009e14   _filter_2nd_dq
00009e65   _filter_Band_Stop
00009eb6   _DataCheck
0000a004   _Read_Fault_State
0000a295   _delay_t
0000a2a0   _xint1_isr
0000a2ed   _cpu_timer0_isr
0000b9f8   .text
0000b9f8   _Read_data
0000b9f8   ___text__
0000ba87   _Display
0000bf50   _Display_Para
0000c0fa   _Display_Current
0000c140   _Para_set1
0000c18c   _Para_set2
0000c3ba   _Para_set_end
0000c3e6   _Display_Send_Ready
0000c424   _delay_t1
0000c42f   _main
0000c52a   _DA_Initialization
0000c539   _InitInterrupts
0000c574   _MemCopy
0000c589   _INT13_ISR
0000c596   _INT14_ISR
0000c5a0   _DATALOG_ISR
0000c5aa   _RTOSINT_ISR
0000c5b4   _EMUINT_ISR
0000c5be   _NMI_ISR
0000c5c8   _ILLEGAL_ISR
0000c5d5   _USER1_ISR
0000c5df   _USER2_ISR
0000c5e9   _USER3_ISR
0000c5f3   _USER4_ISR
0000c5fd   _USER5_ISR
0000c607   _USER6_ISR
0000c611   _USER7_ISR
0000c61b   _USER8_ISR
0000c625   _USER9_ISR
0000c62f   _USER10_ISR
0000c639   _USER11_ISR
0000c643   _USER12_ISR
0000c64d   _SEQ1INT_ISR
0000c657   _SEQ2INT_ISR
0000c661   _XINT1_ISR
0000c66b   _XINT2_ISR
0000c675   _ADCINT_ISR
0000c67f   _TINT0_ISR
0000c689   _WAKEINT_ISR
0000c693   _EPWM1_TZINT_ISR
0000c69d   _EPWM2_TZINT_ISR
0000c6a7   _EPWM3_TZINT_ISR
0000c6b1   _EPWM4_TZINT_ISR
0000c6bb   _EPWM5_TZINT_ISR
0000c6c5   _EPWM6_TZINT_ISR
0000c6cf   _EPWM1_INT_ISR
0000c6dc   _EPWM2_INT_ISR
0000c6e6   _EPWM3_INT_ISR
0000c6f0   _EPWM4_INT_ISR
0000c6fd   _EPWM5_INT_ISR
0000c707   _EPWM6_INT_ISR
0000c711   _ECAP1_INT_ISR
0000c71b   _ECAP2_INT_ISR
0000c725   _ECAP3_INT_ISR
0000c72f   _ECAP4_INT_ISR
0000c739   _ECAP5_INT_ISR
0000c743   _ECAP6_INT_ISR
0000c74d   _EQEP1_INT_ISR
0000c757   _EQEP2_INT_ISR
0000c761   _SPIRXINTA_ISR
0000c76b   _SPITXINTA_ISR
0000c775   _MRINTB_ISR
0000c77f   _MXINTB_ISR
0000c789   _MRINTA_ISR
0000c793   _MXINTA_ISR
0000c79d   _DINTCH1_ISR
0000c7a7   _DINTCH2_ISR
0000c7b1   _DINTCH3_ISR
0000c7bb   _DINTCH4_ISR
0000c7c5   _DINTCH5_ISR
0000c7cf   _DINTCH6_ISR
0000c7d9   _I2CINT1A_ISR
0000c7e3   _I2CINT2A_ISR
0000c7ed   _SCIRXINTC_ISR
0000c7f7   _SCITXINTC_ISR
0000c801   _SCIRXINTA_ISR
0000c80b   _SCITXINTA_ISR
0000c815   _SCIRXINTB_ISR
0000c81f   _SCITXINTB_ISR
0000c829   _ECAN0INTA_ISR
0000c833   _ECAN1INTA_ISR
0000c83d   _ECAN0INTB_ISR
0000c847   _ECAN1INTB_ISR
0000c851   _XINT3_ISR
0000c85b   _XINT4_ISR
0000c865   _XINT5_ISR
0000c872   _XINT6_ISR
0000c87c   _XINT7_ISR
0000c886   _LVF_ISR
0000c890   _LUF_ISR
0000c89a   _EMPTY_ISR
0000c8a7   _PIE_RESERVED
0000c8b1   _rsvd_ISR
0000c8bb   _InitXintf32Gpio
0000c902   _InitXintf16Gpio
0000c958   _InitXintf
0000c9bf   _InitGpio
0000ca73   _InitSysCtrl
0000ca7c   _ServiceDog
0000ca86   _DisableDog
0000ca8e   _InitPll
0000cac3   _InitPeripheralClocks
0000cb1e   _InitSciGpio
0000cb25   _InitSciaGpio
0000cb3b   _InitScibGpio
0000cb51   _InitScicGpio
0000cb67   _InitSci
0000cbc6   FS$$DIV
0000cc4e   _InitCpuTimers0
0000cc63   _InitCpuTimers1
0000cc78   _InitCpuTimers2
0000cc8d   _ConfigCpuTimer
0000ccc8   _InitSpiaGpio
0000ccee   _InitSpicGpio
0000cd16   _InitSpi
0000cd25   _InitSpiGpio
0000cd26   _c_int00
0000cd6c   _InitI2C
0000cd7e   _InitI2CGpio
0000cd94   _InitPieCtrl
0000cdb3   _EnableInterrupts
0000cdbc   _sqrt
0000cddf   I$$DIV
0000cdf0   I$$MOD
0000ce01   _InitPieVectTable
0000ce21   __args_main
0000ce3a   C$$EXIT
0000ce3a   _abort
0000ce3c   _exit
0000ce53   __register_unlock
0000ce57   __register_lock
0000ce5b   __nop
0000ce64   ___cinit__
0000ce64   ___etext__
0000ce64   cinit
0000ce64   etext
0000e000   _SIN_TABLE
0000e802   _ARCTG_TABLE
0000ea04   _PieVectTableInit
0000eb04   _auchCRCHi
0000ec04   _auchCRCLo
0000ed08   _Version_No
0000ed0a   _CpuTimer1
0000ed12   _CpuTimer2
0000ed1a   _CpuTimer0
0000ed22   __unlock
0000ed24   __lock
0000ed26   __cleanup_ptr
0000ed28   __dtors_ptr
0000ed2a   _errno
0000ed40   _COM_Iz
0000ed41   _COM_Ti
0000ed42   _COM_Uz
0000ed43   _COM_UBC
0000ed44   _COM_UCA
0000ed45   _COM_U
0000ed46   _COM_UAB
0000ed47   _COM_Tu
0000ed48   _COM_IH3_RATE
0000ed49   _COM_IH2_RATE
0000ed4a   _COM_ki
0000ed4b   _COM_Ua
0000ed4c   _COM_IH3
0000ed4d   _COM_Kp
0000ed4e   _DA3
0000ed4f   _THD_IC
0000ed50   _DA6
0000ed51   _DA5
0000ed52   _DA2
0000ed53   _DA1
0000ed54   _THD_IB
0000ed55   _COM_IB
0000ed56   _COM_IC
0000ed57   _COM_Udb
0000ed58   _COM_IA
0000ed59   _Chose_angle
0000ed5a   _DA0
0000ed5b   _COM_I0
0000ed5c   _Run_Stop_Flag
0000ed5d   _Para_SET
0000ed5e   _Ts_Id
0000ed5f   _com1
0000ed60   _C_data_count1
0000ed61   _C_data_count2
0000ed62   _Fault_flag
0000ed63   _Ts_US
0000ed64   _Ts_UDC
0000ed65   _Sine_m
0000ed66   _m
0000ed67   _com
0000ed68   _Receive_date_error
0000ed69   _ReceivedChar
0000ed6a   _COM_IH1
0000ed6b   _COM_IH1_RATE
0000ed6c   _COM_IHB_RATE
0000ed6d   _COM_UDC_Max
0000ed6e   _Negative
0000ed6f   _THD_IA
0000ed70   _PLL_Switch
0000ed71   _COM_UDCREF
0000ed72   _COM_Ih_max
0000ed73   _display_flag
0000ed74   _C_data_count3
0000ed75   _COM_EXT_count
0000ed76   _COM_IH2
0000ed77   _C_way
0000ed78   _Sci_Fifo_Depth
0000ed79   _Var_2_Empty_FIFO
0000ed7a   _delay_Count
0000ed7b   _MB_ERR_FLAG
0000ed7c   _MB_COMMU_FLAG
0000ed7d   _State_Machine
0000ed7e   _Sci_OverFlow_Sign
0000ed7f   _delay_time_DA
0000ed80   _delay_time_AD
0000ed81   _delay_PWM
0000ed82   _delay_time_send
0000ed83   _Init_i
0000ed84   _delay_time_Main_DA
0000ed85   _delay_time_rcvd
0000ed86   _Crc_High
0000ed87   _Crc_Low
0000ed88   _Rx_Crc_Code
0000ed89   _Temp_Flag
0000ed8a   _Rx_Opt_Addr
0000ed8b   _Rx_Opt_Data
0000ed8c   _Rx_Id
0000ed8d   _Rx_Func_Code
0000ed8e   _Temp_Crc_Code
0000ed8f   _Factory_Flag
0000ed90   _EEPROM_Compare
0000ed91   _Current_flag
0000ed92   _Restore_Factory_Flag
0000ed93   _Init_para_flag
0000ed94   _period
0000ed95   _ERROR_module
0000ed96   _ERR_M_B
0000ed97   _COM_ALL_rate
0000ed98   _Run_Flag
0000ed99   _INRL_data
0000ed9a   _ERROR_flag
0000ed9b   _DA_Switch
0000ed9c   _CpuTimer0Count
0000ed9d   _Sci_Tx_Value
0000ed9e   _Reset_Flag
0000ed9f   _S_Status
0000eda0   _Conductor_i
0000eda1   _NMICount
0000eda2   _EEPROM_No_WRed_Sign
0000eda3   _RD_EEPROM_Data
0000eda4   _ERR_M_C
0000eda5   _Index
0000eda6   _Sci_Rx_Value
0000eda7   _Version_Erro_Sign
0000eda8   _Rxd_Stop_Cnt
0000edaa   _THETA_Neg_Com
0000edac   _THETA_COM_Usq
0000edae   _THETA_C_ab
0000edb0   _U_alpha_open_after
0000edb2   _THETA_IA
0000edb4   _US
0000edb6   _US_Display
0000edb8   _THETA_C
0000edba   _THETA_d_Com
0000edbc   _Gama
0000edbe   _U_beta_open_after
0000edc0   _U_qF
0000edc2   _U_dF
0000edc4   _I_derror
0000edc6   _Curr_PI1_integ
0000edc8   _I_qerror
0000edca   _U_bout_open
0000edcc   _U_aout_open
0000edce   _U_cout_open
0000edd0   _Q
0000edd2   _U_FtoI
0000edd4   _Curr_PI2_integ
0000edd6   _IA_Load
0000edd8   _ICSVG
0000edda   _IB_Load
0000eddc   _IA_Load_Z
0000edde   _IC_Load
0000ede0   _ADC_IC_INV
0000ede2   _ADC_IB_INV
0000ede4   _IASVG
0000ede6   _IBSVG
0000ede8   _ADC_IA_INV
0000edea   _IB_Load_Z
0000edec   _U_BDRF
0000edee   _U_ADRF
0000edf0   _U_CDRF
0000edf2   _U_beta_open_pre
0000edf4   _U_alpha_open_pre
0000edf6   _IB_Load_Pre
0000edf8   _IA_Load_Pre
0000edfa   _UAB_DRF
0000edfc   _UCA_DRF
0000edfe   _UBC_DRF
0000ee00   _US_Pre
0000ee02   _Idref
0000ee04   _UDC_PI_out
0000ee06   _UDC_err
0000ee08   _UA_P2P
0000ee0a   _Udc_slip
0000ee0c   _I_q
0000ee0e   _I_d
0000ee10   _ISVG_Amp
0000ee12   _UDC_PI_integ
0000ee14   _Q_REF
0000ee16   _UB_P2P
0000ee18   _UA_THETA_neg
0000ee1a   _THETA_Zero
0000ee1c   _U_Zero_amp
0000ee1e   _Kp_P2P_Zero
0000ee20   _THETA_neg
0000ee22   _UC_P2P
0000ee24   _U_neg_amp
0000ee26   _U_Z_amp
0000ee28   _I_neg_amp
0000ee2a   _COM_Udc1
0000ee2c   _U_aout_close
0000ee2e   _U_beta_close
0000ee30   _U_bout_close
0000ee32   _LS1
0000ee34   _U_cout_close
0000ee36   _Curr_PI2_out
0000ee38   _Curr_PI1_out
0000ee3a   _U_dout
0000ee3c   _U_alpha_close
0000ee3e   _U_qout
0000ee40   _LS2
0000ee42   _P2P_beta
0000ee44   _P2P_alpha
0000ee46   _I_d_P2P
0000ee48   _I_d_Pre
0000ee4a   _I_q_P2P
0000ee4c   _cosVal
0000ee4e   _LS3
0000ee50   _sinVal
0000ee52   _I_beta
0000ee54   _I_alpha
0000ee56   _Omiga
0000ee58   _Omiga_t
0000ee5a   _Ki_PLL
0000ee5c   _Kp_PLL
0000ee5e   _Usq_PLL
0000ee60   _Omiga_FLL
0000ee62   _integral_Omiga
0000ee64   _invented_integral
0000ee66   _integral_PLL
0000ee68   _Omiga_PLL
0000ee6a   _InterPhase
0000ee6c   _OuterPhase
0000ee6e   _DA_Phase_PLL
0000ee70   _CloseGrid
0000ee72   _DA_Voltage_C
0000ee74   _Start_Balance
0000ee76   _Usd_PLL
0000ee78   _OpenGrid
0000ee7a   _Soft_Protect
0000ee7c   _UDC_AR1
0000ee7e   _UDC_BR1
0000ee80   _Vq2
0000ee82   _integral_Vd2
0000ee84   _Vd2
0000ee86   _UDC_CR2
0000ee88   _UDC_AR3
0000ee8a   _UDC_AR2
0000ee8c   _UDC_BR2
0000ee8e   _UDC_CR1
0000ee90   _U_alpha_Neg
0000ee92   _U_beta_Neg
0000ee94   _U_alpha_Pos
0000ee96   _U_beta_Pos
0000ee98   _InOuterPhase
0000ee9a   _integral_Vd1
0000ee9c   _FLL_err2
0000ee9e   _Vd1
0000eea0   _Vq1
0000eea2   _K_IA
0000eea4   _K_IB
0000eea6   _UC_Z
0000eea8   _KLoad_ICT
0000eeaa   _UB_Z
0000eeac   _IC_Z
0000eeae   _K_IA_INV
0000eeb0   _IA_Z
0000eeb2   _IB_Z
0000eeb4   _K_IC
0000eeb6   _K_UC
0000eeb8   _UA_Z
0000eeba   _K_UA
0000eebc   _K_UB
0000eebe   _DA_OutPhase
0000eec0   _DA_InterPhase
0000eec2   _DA_Voltage
0000eec4   _DA_Phase
0000eec6   _DA_Current
0000eec8   _DA_Voltage_B
0000eeca   _FLL_err1
0000eecc   _DA_Voltage_neg
0000eece   _DA_Voltage_A
0000eed0   _DA_Current_dq
0000eed2   _IA_Z_INV
0000eed4   _IB_Z_INV
0000eed6   _K_IB_INV
0000eed8   _K_IC_INV
0000eeda   _KPCC_VCT
0000eedc   _General_Protect
0000eede   _Balance
0000eee0   _UDC_Amp
0000eee2   _Ipcc_Amp
0000eee4   _UDC_AS7
0000eee6   _UDC_BS7
0000eee8   _UDC_CS6
0000eeea   _UDC_AS6
0000eeec   _UDC_BS6
0000eeee   _UDC_CS8
0000eef0   _UDC_AS9
0000eef2   _UDC_BS8
0000eef4   _UDC_CS7
0000eef6   _UDC_AS8
0000eef8   _UDC_CS5
0000eefa   _UDC_BS3
0000eefc   _UDC_CS3
0000eefe   _UDC_AS3
0000ef00   _UDC_BS2
0000ef02   _UDC_CS2
0000ef04   _UDC_AS5
0000ef06   _UDC_BS5
0000ef08   _UDC_CS4
0000ef0a   _UDC_AS4
0000ef0c   _UDC_BS4
0000ef0e   _UDC_averC
0000ef10   _UDC_averB
0000ef12   _UDC_aver
0000ef14   _ADC_IB
0000ef16   _ADC_IA
0000ef18   _UDC_AS12
0000ef1a   _UDC_CS11
0000ef1c   _UDC_BS12
0000ef1e   _UDC_averA
0000ef20   _UDC_CS12
0000ef22   _ADC_IC
0000ef24   _UDC_BS10
0000ef26   _UDC_CS10
0000ef28   _UDC_AS10
0000ef2a   _UDC_BS9
0000ef2c   _UDC_CS9
0000ef2e   _ADC_VBC
0000ef30   _ADC_VAB
0000ef32   _ADC_VCA
0000ef34   _UDC_AS11
0000ef36   _UDC_BS11
0000ef38   _UDC_AS2
0000ef3a   _UDC_AR8
0000ef3c   _UDC_BR8
0000ef3e   _UDC_BR4
0000ef40   _UDC_CR7
0000ef42   _UDC_CR3
0000ef44   _UDC_BR3
0000ef46   _UDC_CR8
0000ef48   _UDC_AR4
0000ef4a   _UDC_AR5
0000ef4c   _UDC_BR6
0000ef4e   _UDC_CR5
0000ef50   _UDC_BR5
0000ef52   _UDC_BR7
0000ef54   _UDC_CR4
0000ef56   _UDC_CR6
0000ef58   _UDC_AR7
0000ef5a   _UDC_AR6
0000ef5c   _I_q_Pre
0000ef5e   _UDC_AR12
0000ef60   _UDC_BR12
0000ef62   _UDC_CR11
0000ef64   _UDC_AR11
0000ef66   _UDC_BR11
0000ef68   _UDC_BS1
0000ef6a   _UDC_CS1
0000ef6c   _UDC_AS1
0000ef6e   _IC_Z_INV
0000ef70   _UDC_CR12
0000ef72   _UDC_CR10
0000ef74   _UDC_BR9
0000ef76   _UDC_AR9
0000ef78   _UDC_CR9
0000ef7a   _UDC_AR10
0000ef7c   _UDC_BR10
0000ef80   _CommuError
0000ef98   _UDCREF_Ref
0000ef9f   _Read_control
0000efa6   _filter_2nd_d
0000efae   _filter_2nd_q
0000efb6   _Main_DA
0000efc0   _DA_Test
0000efc8   _Para2_set
0000efd1   _Para1_set
0000efda   _Sci_VarRx_Buf
0000efe4   _Sci_VarRx
0000efee   _display_data_one
0000f000   _MsgBuffer_Receive
0000f00f   _MsgBuffer_Send
0000f01e   _filter_band_stop_C11
0000f02e   _filter_band_stop_A12
0000f040   _filter_band_stop_A11
0000f050   _filter_band_stop_B11
0000f060   _filter_band_stop_B12
0000f070   _filter_band_stop_C5
0000f080   _filter_band_stop_A6
0000f090   _filter_band_stop_B5
0000f0a0   _filter_band_stop_C4
0000f0b0   _filter_band_stop_A5
0000f0c0   _filter_band_stop_B7
0000f0d0   _filter_band_stop_C7
0000f0e0   _filter_band_stop_A7
0000f0f0   _filter_band_stop_B6
0000f100   _filter_band_stop_C6
0000f110   _filter_band_stop_B2
0000f120   _filter_band_stop_C2
0000f130   _filter_band_stop_A2
0000f140   _filter_band_stop_B1
0000f150   _filter_band_stop_C1
0000f160   _filter_band_stop_A4
0000f170   _filter_band_stop_B4
0000f180   _filter_band_stop_C3
0000f190   _filter_band_stop_A3
0000f1a0   _filter_band_stop_B3
0000f1b0   _filter_band_stop_A1
0000f1c0   _filter_band_stop_C9
0000f1d0   _filter_band_stop_A10
0000f1e0   _filter_band_stop_C8
0000f1f0   _filter_band_stop_B9
0000f200   _filter_band_stop_A9
0000f210   _filter_band_stop_A8
0000f220   _filter_band_stop_B8
0000f230   _filter_band_stop_C12
0000f240   _filter_band_stop_B10
0000f250   _filter_band_stop_C10
0000f260   _Para1_Intdata
0000f280   _Ctrl_Para
0000f29c   _Com_data
0000f2c0   _F_State
0000f300   _D_Check
0000f340   _display_data_two
0000f380   _UBC_Temp
0000f3c0   _IA_Load_Temp
0000f400   _UAB_Temp
0000f440   _IB_Load_Temp
0000f480   _Sci_VarTx
0000f500   _M_out
0000f580   _UDC
0000f640   _Current_IB
0000f740   _Current_IA
0000f840   _Current_IC
0033fff8   _CsmPwl
00380080   _ADC_cal
ffffffff   ___binit__
ffffffff   ___c_args__
ffffffff   ___pinit__
ffffffff   binit
ffffffff   pinit

[657 symbols]
