******************************************************************************
             TMS320C2000 Linker PC v6.1.3                      
******************************************************************************
>> Linked Thu Jun 02 18:23:06 2016

OUTPUT FILE NAME:   <WX1140V160427_N6.out>
ENTRY POINT SYMBOL: "_c_int00"  address: 0000b466


MEMORY CONFIGURATION

         name            origin    length      used     unused   attr    fill
----------------------  --------  ---------  --------  --------  ----  --------
PAGE 0:
  BEGIN                 00000000   00000002  00000002  00000000  RWIX
  BOOT_RSVD             00000002   0000004e  00000000  0000004e  RWIX
  RAMM0                 00000050   000003b0  00000000  000003b0  RWIX
  RAML                  00008000   00004000  00003eb0  00000150  RWIX
  CSM_RSVD              0033ff80   00000076  00000000  00000076  RWIX
  CSM_PWL               0033fff8   00000008  00000000  00000008  RWIX
  ADC_CAL               00380080   00000009  00000007  00000002  RWIX
  IQTABLES              003fe000   00000b50  00000000  00000b50  RWIX
  IQTABLES2             003feb50   0000008c  00000000  0000008c  RWIX
  FPUTABLES             003febdc   000006a0  00000000  000006a0  RWIX
  BOOTROM               003ff27c   00000d44  00000000  00000d44  RWIX
  RESET                 003fffc0   00000002  00000000  00000002  RWIX

PAGE 1:
  RAMM1                 00000400   00000400  00000300  00000100  RWIX
  DEV_EMU               00000880   00000180  000000d0  000000b0  RWIX
  FLASH_REGS            00000a80   00000060  00000008  00000058  RWIX
  CSM                   00000ae0   00000010  00000010  00000000  RWIX
  ADC_MIRROR            00000b00   00000010  00000010  00000000  RWIX
  XINTF                 00000b20   00000020  0000001e  00000002  RWIX
  CPU_TIMER0            00000c00   00000008  00000008  00000000  RWIX
  CPU_TIMER1            00000c08   00000008  00000008  00000000  RWIX
  CPU_TIMER2            00000c10   00000008  00000008  00000000  RWIX
  PIE_CTRL              00000ce0   00000020  0000001a  00000006  RWIX
  PIE_VECT              00000d00   00000100  00000100  00000000  RWIX
  DMA                   00001000   00000200  000000e0  00000120  RWIX
  ZONE0                 00004000   00001000  00000000  00001000  RWIX
  MCBSPA                00005000   00000040  00000025  0000001b  RWIX
  MCBSPB                00005040   00000040  00000025  0000001b  RWIX
  ECANA                 00006000   00000040  00000034  0000000c  RWIX
  ECANA_LAM             00006040   00000040  00000040  00000000  RWIX
  ECANA_MOTS            00006080   00000040  00000040  00000000  RWIX
  ECANA_MOTO            000060c0   00000040  00000040  00000000  RWIX
  ECANA_MBOX            00006100   00000100  00000100  00000000  RWIX
  ECANB                 00006200   00000040  00000034  0000000c  RWIX
  ECANB_LAM             00006240   00000040  00000040  00000000  RWIX
  ECANB_MOTS            00006280   00000040  00000040  00000000  RWIX
  ECANB_MOTO            000062c0   00000040  00000040  00000000  RWIX
  ECANB_MBOX            00006300   00000100  00000100  00000000  RWIX
  EPWM1                 00006800   00000022  00000022  00000000  RWIX
  EPWM2                 00006840   00000022  00000022  00000000  RWIX
  EPWM3                 00006880   00000022  00000022  00000000  RWIX
  EPWM4                 000068c0   00000022  00000022  00000000  RWIX
  EPWM5                 00006900   00000022  00000022  00000000  RWIX
  EPWM6                 00006940   00000022  00000022  00000000  RWIX
  ECAP1                 00006a00   00000020  00000020  00000000  RWIX
  ECAP2                 00006a20   00000020  00000020  00000000  RWIX
  ECAP3                 00006a40   00000020  00000020  00000000  RWIX
  ECAP4                 00006a60   00000020  00000020  00000000  RWIX
  ECAP5                 00006a80   00000020  00000020  00000000  RWIX
  ECAP6                 00006aa0   00000020  00000020  00000000  RWIX
  EQEP1                 00006b00   00000040  00000040  00000000  RWIX
  EQEP2                 00006b40   00000040  00000040  00000000  RWIX
  GPIOCTRL              00006f80   00000040  0000002e  00000012  RWIX
  GPIODAT               00006fc0   00000020  00000020  00000000  RWIX
  GPIOINT               00006fe0   00000020  0000000a  00000016  RWIX
  SYSTEM                00007010   00000020  00000020  00000000  RWIX
  SPIA                  00007040   00000010  00000010  00000000  RWIX
  SCIA                  00007050   00000010  00000010  00000000  RWIX
  XINTRUPT              00007070   00000010  00000010  00000000  RWIX
  ADC                   00007100   00000020  0000001e  00000002  RWIX
  SCIB                  00007750   00000010  00000010  00000000  RWIX
  SCIC                  00007770   00000010  00000010  00000000  RWIX
  I2CA                  00007900   00000040  00000022  0000001e  RWIX
  RAML4                 0000c000   00004000  0000228a  00001d76  RWIX
  ZONE6                 00100000   00040000  00000000  00040000  RWIX
  ZONE7                 00200000   00100000  00000000  00100000  RWIX
  CSM_PWL               0033fff8   00000008  00000008  00000000  RWIX


SECTION ALLOCATION MAP

 output                                  attributes/
section   page    origin      length       input sections
--------  ----  ----------  ----------   ----------------
codestart 
*          0    00000000    00000002     
                  00000000    00000002     DSP2833x_CodeStartBranch.obj (codestart)

.pinit     0    00008000    00000000     UNINITIALIZED

ramfuncs   0    00008000    00001cf6     
                  00008000    00000fd5     F28335A_main.obj (ramfuncs)
                  00008fd5    00000d21     F28335A_main.obj (ramfuncs:retain)

.text      0    00009cf6    000018ae     
                  00009cf6    00000fe5     F28335A_main.obj (.text)
                  0000acdb    00000332     DSP2833x_DefaultIsr.obj (.text:retain)
                  0000b00d    00000106     DSP2833x_Xintf.obj (.text)
                  0000b113    000000ba     DSP2833x_Gpio.obj (.text)
                  0000b1cd    000000ab     DSP2833x_SysInit.obj (.text)
                  0000b278    0000008e     DSP2833x_Sci.obj (.text)
                  0000b306    00000088     rts2800_fpu32.lib : fs_div.obj (.text)
                  0000b38e    0000007a     DSP2833x_CpuTimers.obj (.text)
                  0000b408    0000005e     DSP2833x_Spi.obj (.text)
                  0000b466    00000046     rts2800_fpu32.lib : boot.obj (.text)
                  0000b4ac    00000028     DSP2833x_I2C.obj (.text)
                  0000b4d4    00000028     DSP2833x_PieCtrl.obj (.text)
                  0000b4fc    00000023     rts2800_fpu32.lib : sqrt.obj (.text)
                  0000b51f    00000022                       : i_div.obj (.text)
                  0000b541    00000020     DSP2833x_PieVect.obj (.text)
                  0000b561    00000019     rts2800_fpu32.lib : args_main.obj (.text)
                  0000b57a    00000019                       : exit.obj (.text)
                  0000b593    00000009                       : _lock.obj (.text)
                  0000b59c    00000008     DSP2833x_CodeStartBranch.obj (.text)

.cinit     0    0000b5a4    000008f4     
                  0000b5a4    000008da     F28335A_main.obj (.cinit)
                  0000be7e    0000000a     rts2800_fpu32.lib : _lock.obj (.cinit)
                  0000be88    0000000a                       : exit.obj (.cinit)
                  0000be92    00000004                       : errno.obj (.cinit)
                  0000be96    00000002     --HOLE-- [fill = 0]

.switch    0    0000be98    00000018     
                  0000be98    00000018     F28335A_main.obj (.switch:_cpu_timer0_isr)

csm_rsvd   0    0033ff80    00000000     DSECT

csmpasswds 
*          0    0033fff8    00000000     DSECT

.adc_cal   0    00380080    00000007     NOLOAD SECTION
                  00380080    00000007     DSP2833x_ADC_cal.obj (.adc_cal)

.reset     0    003fffc0    00000002     DSECT
                  003fffc0    00000002     rts2800_fpu32.lib : boot.obj (.reset)

.stack     1    00000400    00000300     UNINITIALIZED
                  00000400    00000300     --HOLE--

DevEmuRegsFile 
*          1    00000880    000000d0     UNINITIALIZED
                  00000880    000000d0     DSP2833x_GlobalVariableDefs.obj (DevEmuRegsFile)

FlashRegsFile 
*          1    00000a80    00000008     UNINITIALIZED
                  00000a80    00000008     DSP2833x_GlobalVariableDefs.obj (FlashRegsFile)

CsmRegsFile 
*          1    00000ae0    00000010     UNINITIALIZED
                  00000ae0    00000010     DSP2833x_GlobalVariableDefs.obj (CsmRegsFile)

AdcMirrorFile 
*          1    00000b00    00000010     UNINITIALIZED
                  00000b00    00000010     DSP2833x_GlobalVariableDefs.obj (AdcMirrorFile)

XintfRegsFile 
*          1    00000b20    0000001e     UNINITIALIZED
                  00000b20    0000001e     DSP2833x_GlobalVariableDefs.obj (XintfRegsFile)

CpuTimer0RegsFile 
*          1    00000c00    00000008     UNINITIALIZED
                  00000c00    00000008     DSP2833x_GlobalVariableDefs.obj (CpuTimer0RegsFile)

CpuTimer1RegsFile 
*          1    00000c08    00000008     UNINITIALIZED
                  00000c08    00000008     DSP2833x_GlobalVariableDefs.obj (CpuTimer1RegsFile)

CpuTimer2RegsFile 
*          1    00000c10    00000008     UNINITIALIZED
                  00000c10    00000008     DSP2833x_GlobalVariableDefs.obj (CpuTimer2RegsFile)

PieCtrlRegsFile 
*          1    00000ce0    0000001a     UNINITIALIZED
                  00000ce0    0000001a     DSP2833x_GlobalVariableDefs.obj (PieCtrlRegsFile)

PieVectTableFile 
*          1    00000d00    00000100     UNINITIALIZED
                  00000d00    00000100     DSP2833x_GlobalVariableDefs.obj (PieVectTableFile)

DmaRegsFile 
*          1    00001000    000000e0     UNINITIALIZED
                  00001000    000000e0     DSP2833x_GlobalVariableDefs.obj (DmaRegsFile)

McbspaRegsFile 
*          1    00005000    00000025     UNINITIALIZED
                  00005000    00000025     DSP2833x_GlobalVariableDefs.obj (McbspaRegsFile)

McbspbRegsFile 
*          1    00005040    00000025     UNINITIALIZED
                  00005040    00000025     DSP2833x_GlobalVariableDefs.obj (McbspbRegsFile)

ECanaRegsFile 
*          1    00006000    00000034     UNINITIALIZED
                  00006000    00000034     DSP2833x_GlobalVariableDefs.obj (ECanaRegsFile)

ECanaLAMRegsFile 
*          1    00006040    00000040     UNINITIALIZED
                  00006040    00000040     DSP2833x_GlobalVariableDefs.obj (ECanaLAMRegsFile)

ECanaMOTSRegsFile 
*          1    00006080    00000040     UNINITIALIZED
                  00006080    00000040     DSP2833x_GlobalVariableDefs.obj (ECanaMOTSRegsFile)

ECanaMOTORegsFile 
*          1    000060c0    00000040     UNINITIALIZED
                  000060c0    00000040     DSP2833x_GlobalVariableDefs.obj (ECanaMOTORegsFile)

ECanaMboxesFile 
*          1    00006100    00000100     UNINITIALIZED
                  00006100    00000100     DSP2833x_GlobalVariableDefs.obj (ECanaMboxesFile)

ECanbRegsFile 
*          1    00006200    00000034     UNINITIALIZED
                  00006200    00000034     DSP2833x_GlobalVariableDefs.obj (ECanbRegsFile)

ECanbLAMRegsFile 
*          1    00006240    00000040     UNINITIALIZED
                  00006240    00000040     DSP2833x_GlobalVariableDefs.obj (ECanbLAMRegsFile)

ECanbMOTSRegsFile 
*          1    00006280    00000040     UNINITIALIZED
                  00006280    00000040     DSP2833x_GlobalVariableDefs.obj (ECanbMOTSRegsFile)

ECanbMOTORegsFile 
*          1    000062c0    00000040     UNINITIALIZED
                  000062c0    00000040     DSP2833x_GlobalVariableDefs.obj (ECanbMOTORegsFile)

ECanbMboxesFile 
*          1    00006300    00000100     UNINITIALIZED
                  00006300    00000100     DSP2833x_GlobalVariableDefs.obj (ECanbMboxesFile)

EPwm1RegsFile 
*          1    00006800    00000022     UNINITIALIZED
                  00006800    00000022     DSP2833x_GlobalVariableDefs.obj (EPwm1RegsFile)

EPwm2RegsFile 
*          1    00006840    00000022     UNINITIALIZED
                  00006840    00000022     DSP2833x_GlobalVariableDefs.obj (EPwm2RegsFile)

EPwm3RegsFile 
*          1    00006880    00000022     UNINITIALIZED
                  00006880    00000022     DSP2833x_GlobalVariableDefs.obj (EPwm3RegsFile)

EPwm4RegsFile 
*          1    000068c0    00000022     UNINITIALIZED
                  000068c0    00000022     DSP2833x_GlobalVariableDefs.obj (EPwm4RegsFile)

EPwm5RegsFile 
*          1    00006900    00000022     UNINITIALIZED
                  00006900    00000022     DSP2833x_GlobalVariableDefs.obj (EPwm5RegsFile)

EPwm6RegsFile 
*          1    00006940    00000022     UNINITIALIZED
                  00006940    00000022     DSP2833x_GlobalVariableDefs.obj (EPwm6RegsFile)

ECap1RegsFile 
*          1    00006a00    00000020     UNINITIALIZED
                  00006a00    00000020     DSP2833x_GlobalVariableDefs.obj (ECap1RegsFile)

ECap2RegsFile 
*          1    00006a20    00000020     UNINITIALIZED
                  00006a20    00000020     DSP2833x_GlobalVariableDefs.obj (ECap2RegsFile)

ECap3RegsFile 
*          1    00006a40    00000020     UNINITIALIZED
                  00006a40    00000020     DSP2833x_GlobalVariableDefs.obj (ECap3RegsFile)

ECap4RegsFile 
*          1    00006a60    00000020     UNINITIALIZED
                  00006a60    00000020     DSP2833x_GlobalVariableDefs.obj (ECap4RegsFile)

ECap5RegsFile 
*          1    00006a80    00000020     UNINITIALIZED
                  00006a80    00000020     DSP2833x_GlobalVariableDefs.obj (ECap5RegsFile)

ECap6RegsFile 
*          1    00006aa0    00000020     UNINITIALIZED
                  00006aa0    00000020     DSP2833x_GlobalVariableDefs.obj (ECap6RegsFile)

EQep1RegsFile 
*          1    00006b00    00000040     UNINITIALIZED
                  00006b00    00000040     DSP2833x_GlobalVariableDefs.obj (EQep1RegsFile)

EQep2RegsFile 
*          1    00006b40    00000040     UNINITIALIZED
                  00006b40    00000040     DSP2833x_GlobalVariableDefs.obj (EQep2RegsFile)

GpioCtrlRegsFile 
*          1    00006f80    0000002e     UNINITIALIZED
                  00006f80    0000002e     DSP2833x_GlobalVariableDefs.obj (GpioCtrlRegsFile)

GpioDataRegsFile 
*          1    00006fc0    00000020     UNINITIALIZED
                  00006fc0    00000020     DSP2833x_GlobalVariableDefs.obj (GpioDataRegsFile)

GpioIntRegsFile 
*          1    00006fe0    0000000a     UNINITIALIZED
                  00006fe0    0000000a     DSP2833x_GlobalVariableDefs.obj (GpioIntRegsFile)

SysCtrlRegsFile 
*          1    00007010    00000020     UNINITIALIZED
                  00007010    00000020     DSP2833x_GlobalVariableDefs.obj (SysCtrlRegsFile)

SpiaRegsFile 
*          1    00007040    00000010     UNINITIALIZED
                  00007040    00000010     DSP2833x_GlobalVariableDefs.obj (SpiaRegsFile)

SciaRegsFile 
*          1    00007050    00000010     UNINITIALIZED
                  00007050    00000010     DSP2833x_GlobalVariableDefs.obj (SciaRegsFile)

XIntruptRegsFile 
*          1    00007070    00000010     UNINITIALIZED
                  00007070    00000010     DSP2833x_GlobalVariableDefs.obj (XIntruptRegsFile)

AdcRegsFile 
*          1    00007100    0000001e     UNINITIALIZED
                  00007100    0000001e     DSP2833x_GlobalVariableDefs.obj (AdcRegsFile)

ScibRegsFile 
*          1    00007750    00000010     UNINITIALIZED
                  00007750    00000010     DSP2833x_GlobalVariableDefs.obj (ScibRegsFile)

ScicRegsFile 
*          1    00007770    00000010     UNINITIALIZED
                  00007770    00000010     DSP2833x_GlobalVariableDefs.obj (ScicRegsFile)

I2caRegsFile 
*          1    00007900    00000022     UNINITIALIZED
                  00007900    00000022     DSP2833x_GlobalVariableDefs.obj (I2caRegsFile)

.ebss      1    0000c000    00001781     UNINITIALIZED
                  0000c000    00001760     F28335A_main.obj (.ebss)
                  0000d760    00000018     DSP2833x_CpuTimers.obj (.ebss)
                  0000d778    00000004     rts2800_fpu32.lib : _lock.obj (.ebss)
                  0000d77c    00000004                       : exit.obj (.ebss)
                  0000d780    00000001                       : errno.obj (.ebss)

.econst    1    0000d782    00000b09     
                  0000d782    00000802     F28335A_main.obj (.econst:_SIN_TABLE)
                  0000df84    00000202     F28335A_main.obj (.econst:_ARCTG_TABLE)
                  0000e186    00000100     DSP2833x_PieVect.obj (.econst)
                  0000e286    00000004     F28335A_main.obj (.econst:_$P$T0$1)
                  0000e28a    00000001     F28335A_main.obj (.econst)

CsmPwlFile 
*          1    0033fff8    00000008     UNINITIALIZED
                  0033fff8    00000008     DSP2833x_GlobalVariableDefs.obj (CsmPwlFile)


GLOBAL SYMBOLS: SORTED ALPHABETICALLY BY Name 

address    name
--------   ----
00009cf6   .text
0000b57a   C$$EXIT
0000b306   FS$$DIV
0000b51f   I$$DIV
0000b530   I$$MOD
0000adc7   _ADCINT_ISR
0000c0dc   _ADC_IA
0000c116   _ADC_IA_INV
0000c12e   _ADC_IB
0000c114   _ADC_IB_INV
0000c13e   _ADC_IC
0000c11a   _ADC_IC_INV
0000c13c   _ADC_VAB
0000c142   _ADC_VBC
0000c120   _ADC_VCA
00380080   _ADC_cal
000080e6   _ARCTAN
0000df84   _ARCTG_TABLE
00000b00   _AdcMirror
00007100   _AdcRegs
0000c03c   _Ahead_Point
0000c1c8   _Balance
0000c146   _Balance_Start_Time
0000c064   _BiCount
0000c0fa   _BiMaxInitial
0000c104   _BiMinInitial
0000c110   _BiVari
0000c008   _COM_ALL_rate
0000c009   _COM_EXT_count
0000c017   _COM_I0
0000c010   _COM_IA
0000c014   _COM_IB
0000c015   _COM_IC
0000c00c   _COM_IH1
0000c00d   _COM_IH1_RATE
0000c000   _COM_IH2
0000c003   _COM_IH2_RATE
0000c005   _COM_IH3
0000c004   _COM_IH3_RATE
0000c00e   _COM_IHB_RATE
0000c00a   _COM_Ih_max
0000c01e   _COM_Iz
0000c007   _COM_Kp
0000c019   _COM_Ti
0000c018   _COM_Tu
0000c01c   _COM_U
0000c01d   _COM_UAB
0000c012   _COM_UBC
0000c013   _COM_UCA
0000c020   _COM_UDCREF
0000c00f   _COM_UDC_Max
0000c01b   _COM_Ua
0000c01a   _COM_Udb
0000c05f   _COM_Udc
0000c102   _COM_Udc1
0000c01f   _COM_Uz
0000c006   _COM_ki
0000a1ae   _COM_main
0000830d   _CON2R2S_W
000082df   _CON2S2R_W
000082a1   _CON2S3S
00008262   _CON3S2S
0000c038   _C_data_count1
0000c035   _C_data_count2
0000c036   _C_data_count3
0000c00b   _C_way
0000c011   _Chose_angle
0000c1c6   _CloseGrid
0000c040   _CloseLoop_Grid
0000c4dc   _Com_date
0000c04a   _Conductor_i
0000b3cd   _ConfigCpuTimer
0000d770   _CpuTimer0
0000c042   _CpuTimer0Count
00000c00   _CpuTimer0Regs
0000d760   _CpuTimer1
00000c08   _CpuTimer1Regs
0000d768   _CpuTimer2
00000c10   _CpuTimer2Regs
0033fff8   _CsmPwl
00000ae0   _CsmRegs
0000c4c0   _Ctrl_Para
0000c0c6   _Curr_PI1_integ
0000c08a   _Curr_PI1_out
0000c098   _Curr_PI2_integ
0000c08c   _Curr_PI2_out
0000c7c0   _Current_IA
0000c6c0   _Current_IB
0000c8c0   _Current_IC
00008000   _Current_PI1
00008050   _Current_PI2
0000c068   _Current_flag
0000c05a   _DA0
0000c057   _DA1
0000c05e   _DA2
0000c061   _DA3
0000c05c   _DA5
0000c05b   _DA6
0000acf2   _DATALOG_ISR
0000c1ca   _DA_Current
0000c1d4   _DA_Current_dq
0000abe5   _DA_Initialization
0000c1d2   _DA_InterPhase
0000849d   _DA_OUT
0000c1d8   _DA_OutPhase
0000c1d6   _DA_Phase
0000c1b6   _DA_Phase_PLL
0000c060   _DA_Signal
0000c050   _DA_Switch
0000c294   _DA_Test
0000c1da   _DA_Voltage
0000c1b8   _DA_Voltage_A
0000c1ba   _DA_Voltage_B
0000c1b4   _DA_Voltage_C
0000c1bc   _DA_Voltage_neg
0000aeef   _DINTCH1_ISR
0000aef9   _DINTCH2_ISR
0000af03   _DINTCH3_ISR
0000af0d   _DINTCH4_ISR
0000af17   _DINTCH5_ISR
0000af21   _DINTCH6_ISR
0000c494   _D_Check
00008c37   _DataCheck
00000880   _DevEmuRegs
0000b1e0   _DisableDog
0000a35f   _Display
0000c0e6   _DisplayLS1
0000c0e4   _DisplayLS2
0000a9ef   _Display_CON3S2S
0000a5cd   _Display_Current
0000a451   _Display_Para
0000a91a   _Display_Send_Ready
00001000   _DmaRegs
0000af7b   _ECAN0INTA_ISR
0000af8f   _ECAN0INTB_ISR
0000af85   _ECAN1INTA_ISR
0000af99   _ECAN1INTB_ISR
0000ae63   _ECAP1_INT_ISR
0000ae6d   _ECAP2_INT_ISR
0000ae77   _ECAP3_INT_ISR
0000ae81   _ECAP4_INT_ISR
0000ae8b   _ECAP5_INT_ISR
0000ae95   _ECAP6_INT_ISR
00006040   _ECanaLAMRegs
000060c0   _ECanaMOTORegs
00006080   _ECanaMOTSRegs
00006100   _ECanaMboxes
00006000   _ECanaRegs
00006240   _ECanbLAMRegs
000062c0   _ECanbMOTORegs
00006280   _ECanbMOTSRegs
00006300   _ECanbMboxes
00006200   _ECanbRegs
00006a00   _ECap1Regs
00006a20   _ECap2Regs
00006a40   _ECap3Regs
00006a60   _ECap4Regs
00006a80   _ECap5Regs
00006aa0   _ECap6Regs
0000c047   _EEPROM_Compare
0000c04b   _EEPROM_No_WRed_Sign
0000afec   _EMPTY_ISR
0000ad06   _EMUINT_ISR
0000ae21   _EPWM1_INT_ISR
0000ade5   _EPWM1_TZINT_ISR
0000ae2e   _EPWM2_INT_ISR
0000adef   _EPWM2_TZINT_ISR
0000ae38   _EPWM3_INT_ISR
0000adf9   _EPWM3_TZINT_ISR
0000ae42   _EPWM4_INT_ISR
0000ae03   _EPWM4_TZINT_ISR
0000ae4f   _EPWM5_INT_ISR
0000ae0d   _EPWM5_TZINT_ISR
0000ae59   _EPWM6_INT_ISR
0000ae17   _EPWM6_TZINT_ISR
00006800   _EPwm1Regs
00006840   _EPwm2Regs
00006880   _EPwm3Regs
000068c0   _EPwm4Regs
00006900   _EPwm5Regs
00006940   _EPwm6Regs
0000ae9f   _EQEP1_INT_ISR
0000aea9   _EQEP2_INT_ISR
00006b00   _EQep1Regs
00006b40   _EQep2Regs
0000c058   _ERROR_flag
0000c059   _ERROR_module
0000b4f3   _EnableInterrupts
0000c17c   _FLL_err1
0000c184   _FLL_err2
0000c460   _F_State
0000c048   _Factory_Flag
0000c032   _Fault_flag
00000a80   _FlashRegs
0000c0a2   _Gama
0000c1ce   _General_Protect
00006f80   _GpioCtrlRegs
00006fc0   _GpioDataRegs
00006fe0   _GpioIntRegs
0000af2b   _I2CINT1A_ISR
0000af35   _I2CINT2A_ISR
00007900   _I2caRegs
0000c210   _IASVG
0000c20a   _IA_Load
0000c21c   _IA_Load_Pre
0000c222   _IA_Load_Sum
0000c500   _IA_Load_Temp
0000c230   _IA_Load_Z
0000c09a   _IA_P2P
0000c196   _IA_Z
0000c19c   _IA_Z_INV
0000c20c   _IBSVG
0000c218   _IB_Load
0000c20e   _IB_Load_Pre
0000c21e   _IB_Load_Sum
0000c580   _IB_Load_Temp
0000c22c   _IB_Load_Z
0000c090   _IB_P2P
0000c192   _IB_Z
0000c19e   _IB_Z_INV
0000c208   _ICSVG
0000c21a   _IC_Load
0000c092   _IC_P2P
0000c194   _IC_Z
0000c198   _IC_Z_INV
0000ad1a   _ILLEGAL_ISR
0000c066   _INRL_data
0000acdb   _INT13_ISR
0000ace8   _INT14_ISR
0000c06e   _ISVG_Amp
0000c0be   _I_alpha
0000c0c8   _I_beta
0000c082   _I_d
0000c07a   _I_d_P2P
0000c076   _I_d_Pre
0000c08e   _I_derror
0000c0f6   _I_neg_amp
0000c07c   _I_q
0000c080   _I_q_P2P
0000c078   _I_q_Pre
0000c096   _I_qerror
0000c088   _Ialpha_N
0000c084   _Ibeta_N
0000c0f2   _Id_N
0000c246   _Id_WL
0000c072   _Idref
0000c1be   _InOuterPhase
0000b38e   _InitCpuTimers0
0000b3a3   _InitCpuTimers1
0000b3b8   _InitCpuTimers2
00008500   _InitFlash
0000b113   _InitGpio
0000b4ac   _InitI2C
0000b4be   _InitI2CGpio
0000ac0e   _InitInterrupts
0000b21d   _InitPeripheralClocks
0000b4d4   _InitPieCtrl
0000b541   _InitPieVectTable
0000b1e8   _InitPll
0000b2c1   _InitSci
0000b278   _InitSciGpio
0000b27f   _InitSciaGpio
0000b295   _InitScibGpio
0000b2ab   _InitScicGpio
0000b456   _InitSpi
0000b465   _InitSpiGpio
0000b408   _InitSpiaGpio
0000b42e   _InitSpicGpio
0000b1cd   _InitSysCtrl
0000b0ac   _InitXintf
0000b054   _InitXintf16Gpio
0000b00d   _InitXintf32Gpio
0000c054   _Init_i
0000c063   _Init_para_flag
0000c1c2   _InterPhase
0000c1cc   _Ipcc_Amp
0000c0e0   _Iq_N
0000c250   _Iq_WL
0000c1b0   _KLoad_ICT
0000c154   _KPCC_VCT
0000c1b2   _K_IA
0000c18e   _K_IA_INV
0000c1ac   _K_IB
0000c190   _K_IB_INV
0000c1ae   _K_IC
0000c1a0   _K_IC_INV
0000c1aa   _K_UA
0000c1a6   _K_UB
0000c1a8   _K_UC
0000c158   _Ki_PLL
0000c0de   _Kp_P2P_Zero
0000c182   _Kp_PLL
0000c0c0   _LS1
0000c0c2   _LS2
0000c0bc   _LS3
0000afe2   _LUF_ISR
0000afd8   _LVF_ISR
0000c100   _LineVolSquare
000085d6   _Local_DC_Process
0000aedb   _MRINTA_ISR
0000aec7   _MRINTB_ISR
0000aee5   _MXINTA_ISR
0000aed1   _MXINTB_ISR
0000c600   _M_out
0000c2c8   _Main_DA
000084aa   _Main_DA_OUT
00005000   _McbspaRegs
00005040   _McbspbRegs
0000ac4a   _MemCopy
0000c24c   _Modu
0000c24e   _Modu_AD
0000c238   _Modu_Filter
0000c400   _MsgBuffer_Receive
0000c30e   _MsgBuffer_Send
0000c041   _NMICount
0000ad10   _NMI_ISR
0000c001   _Negative
0000c164   _Omiga
0000c14e   _Omiga_FLL
0000c160   _Omiga_PLL
0000c166   _Omiga_t
0000c1c0   _OpenGrid
0000c1c4   _OuterPhase
0000ac5f   _P2P_Balance_Neg_I
0000851c   _P2P_Balance_Neg_U
00008587   _P2P_Balance_Z
0000c03f   _P2P_Flag_Zero
0000c0ca   _P2P_alpha
0000c0c4   _P2P_beta
0000aff9   _PIE_RESERVED
0000c002   _PLL_Switch
0000c480   _Para1_Intdate
0000c2d9   _Para1_set
0000c31d   _Para2_Intdate
0000c2d0   _Para2_set
0000c031   _Para_SET
0000a613   _Para_set1
0000a7c6   _Para_set2
0000a8ee   _Para_set_end
00008d70   _Phase_Lock
00000ce0   _PieCtrlRegs
00000d00   _PieVectTable
0000e186   _PieVectTableInit
0000c248   _Q
0000c138   _Q_REF
0000c254   _Q_start_time
0000c174   _Qr
0000ab73   _RD_DATA_PROCESS
0000aa3a   _RD_EEPROM
0000acfc   _RTOSINT_ISR
00008ce3   _Read_Fault_State
0000c286   _Read_control
0000a2ca   _Read_date
0000c037   _Receive_date_error
0000c03a   _ReceivedChar
0000a958   _Repetive_PI1
0000a9a3   _Repetive_PI2
0000c16e   _Repetive_d
0000c16a   _Repetive_out_d
0000c178   _Repetive_out_q
0000c168   _Repetive_q
0000c043   _Reset_Flag
0000aad2   _Restore_Factory_Set
0000c122   _Rpt_PI1_integ
0000c12c   _Rpt_PI1_out
0000c124   _Rpt_PI2_integ
0000c140   _Rpt_PI2_out
0000c067   _Run_Flag
0000c034   _Run_Stop_Flag
0000af53   _SCIRXINTA_ISR
0000af67   _SCIRXINTB_ISR
0000af3f   _SCIRXINTC_ISR
0000af5d   _SCITXINTA_ISR
0000af71   _SCITXINTB_ISR
0000af49   _SCITXINTC_ISR
0000ad9f   _SEQ1INT_ISR
0000ada9   _SEQ2INT_ISR
0000d782   _SIN_TABLE
0000aeb3   _SPIRXINTA_ISR
0000aebd   _SPITXINTA_ISR
0000c045   _S_Status
00007050   _SciaRegs
00007750   _ScibRegs
00007770   _ScicRegs
0000b1d6   _ServiceDog
0000833c   _Sin_Value
0000c025   _Sine_m
0000c252   _Sine_t
0000c15e   _Soft_Protect
00007040   _SpiaRegs
0000c15a   _Start_Balance
0000c04e   _State_Machine
00007010   _SysCtrlRegs
0000c016   _THD_IA
0000c055   _THD_IB
0000c056   _THD_IC
0000c0a0   _THETA_C
0000c0aa   _THETA_COM_3P4W
0000c0a8   _THETA_COM_CLARK
0000c0a4   _THETA_COM_Usq
0000c0a6   _THETA_C_ab
0000c0d0   _THETA_IA
0000c09e   _THETA_Neg_Com
0000c0e2   _THETA_Zero
0000c09c   _THETA_d_Com
0000c0ea   _THETA_neg
0000add1   _TINT0_ISR
0000c023   _Ts_Id
0000c024   _Ts_UDC
0000c021   _Ts_US
0000c216   _UAB_DRF
0000c228   _UAB_Pre
0000c224   _UAB_Sum
0000c5c0   _UAB_Temp
0000c220   _UAB_Z
0000c0fc   _UA_Display
0000c136   _UA_P2P
0000c1a2   _UA_Z
0000c212   _UBC_DRF
0000c22a   _UBC_Pre
0000c226   _UBC_Sum
0000c540   _UBC_Temp
0000c22e   _UBC_Z
0000c10e   _UB_Display
0000c0ee   _UB_P2P
0000c1a4   _UB_Z
0000c214   _UCA_DRF
0000c106   _UC_Display
0000c0f0   _UC_P2P
0000c1d0   _UC_Z
0000c640   _UDC
0000c112   _UDCREF
0000c28d   _UDCREF_Ref
0000c23a   _UDC_AR1
0000c240   _UDC_AR2
0000c23e   _UDC_AR3
0000c26e   _UDC_AR4
0000c25c   _UDC_AR5
0000c268   _UDC_AR6
0000c260   _UDC_AS1
0000c1f8   _UDC_AS2
0000c1f2   _UDC_AS3
0000c204   _UDC_AS4
0000c1fe   _UDC_AS5
0000c1e6   _UDC_AS6
0000c19a   _UDC_Amp
0000c234   _UDC_BR1
0000c242   _UDC_BR2
0000c26c   _UDC_BR3
0000c25e   _UDC_BR4
0000c256   _UDC_BR5
0000c264   _UDC_BR6
0000c262   _UDC_BS1
0000c1fa   _UDC_BS2
0000c1f4   _UDC_BS3
0000c200   _UDC_BS4
0000c1f0   _UDC_BS5
0000c1e2   _UDC_BS6
0000c236   _UDC_CR1
0000c23c   _UDC_CR2
0000c26a   _UDC_CR3
0000c25a   _UDC_CR4
0000c258   _UDC_CR5
0000c266   _UDC_CR6
0000c206   _UDC_CS1
0000c1f6   _UDC_CS2
0000c202   _UDC_CS3
0000c1fc   _UDC_CS4
0000c1e4   _UDC_CS5
0000c1de   _UDC_CS6
0000c02e   _UDC_DA1
0000c02d   _UDC_DA2
0000c030   _UDC_DA3
0000c02f   _UDC_DB1
0000c02a   _UDC_DB2
0000c029   _UDC_DB3
0000c02c   _UDC_DC1
0000c02b   _UDC_DC2
0000c05d   _UDC_DC3
0000c06c   _UDC_Ki
0000c06a   _UDC_Kp
0000c074   _UDC_Max
00008099   _UDC_PI
0000c07e   _UDC_PI_integ
0000c070   _UDC_PI_out
0000c232   _UDC_Rf2
0000c1e8   _UDC_aver
0000c1e0   _UDC_averA
0000c1ec   _UDC_averB
0000c1ee   _UDC_averC
0000c1ea   _UDC_aver_Pre
0000c094   _UDC_err
0000c0b6   _US
0000ad81   _USER10_ISR
0000ad8b   _USER11_ISR
0000ad95   _USER12_ISR
0000ad27   _USER1_ISR
0000ad31   _USER2_ISR
0000ad3b   _USER3_ISR
0000ad45   _USER4_ISR
0000ad4f   _USER5_ISR
0000ad59   _USER6_ISR
0000ad63   _USER7_ISR
0000ad6d   _USER8_ISR
0000ad77   _USER9_ISR
0000c0b4   _US_Display
0000c0ba   _US_Pre
0000c0ce   _US_d
0000c0d8   _US_q
0000c0b0   _U_ADRF
0000c0b2   _U_BDRF
0000c0ac   _U_CDRF
0000c108   _U_FtoI
0000c10a   _U_Z_amp
0000c0e8   _U_Zero_amp
0000c180   _U_alpha_Neg
0000c14c   _U_alpha_Pos
0000c12a   _U_alpha_close
0000c144   _U_alpha_close1
0000c0d2   _U_alpha_open_after
0000c0ae   _U_alpha_open_pre
0000c11e   _U_aout_close
0000c134   _U_aout_close1
0000c0da   _U_aout_open
0000c17a   _U_beta_Neg
0000c17e   _U_beta_Pos
0000c11c   _U_beta_close
0000c132   _U_beta_close1
0000c0cc   _U_beta_open_after
0000c0b8   _U_beta_open_pre
0000c148   _U_bout_close
0000c130   _U_bout_close1
0000c0d4   _U_bout_open
0000c14a   _U_cout_close
0000c13a   _U_cout_close1
0000c0d6   _U_cout_open
0000c24a   _U_dF
0000c126   _U_dout
0000c1dc   _U_neg_Kp
0000c0ec   _U_neg_amp
0000c244   _U_qF
0000c128   _U_qout
0000c086   _Udc_slip
0000c15c   _Usd_PLL
0000c156   _Usq_PLL
0000c18c   _Vd1
0000c186   _Vd2
0000c049   _Version_Erro_Sign
0000e28a   _Version_No
0000c188   _Vq1
0000c170   _Vq2
0000addb   _WAKEINT_ISR
0000c118   _WL
0000aba7   _WR_DATA_PROCESS
0000aa90   _WR_EEPROM
0000adb3   _XINT1_ISR
0000adbd   _XINT2_ISR
0000afa3   _XINT3_ISR
0000afad   _XINT4_ISR
0000afb7   _XINT5_ISR
0000afc4   _XINT6_ISR
0000afce   _XINT7_ISR
00007070   _XIntruptRegs
00008fd5   _XNMI_ISR
0000abf2   _XNMI_ISR_Init
00000b20   _XintfRegs
00000700   __STACK_END
00000300   __STACK_SIZE
00000001   __TI_args_main
ffffffff   ___binit__
ffffffff   ___c_args__
0000b5a4   ___cinit__
0000b5a4   ___etext__
ffffffff   ___pinit__
00009cf6   ___text__
0000b561   __args_main
0000d77c   __cleanup_ptr
0000d77e   __dtors_ptr
0000d77a   __lock
0000b59b   __nop
0000b597   __register_lock
0000b593   __register_unlock
00000400   __stack
0000d778   __unlock
0000b57a   _abort
0000c03b   _ahead_n
0000ccc0   _ahead_pwm_d
0000cac0   _ahead_pwm_q
0000c0f8   _alpha
0000c0fe   _belta
0000c29c   _burrfer_error_d
0000c2ac   _burrfer_error_q
0000b466   _c_int00
0000c03e   _com
0000c033   _com1
0000c0f4   _cosVal
0000901a   _cpu_timer0_isr
0000c04c   _delay_Count
0000c044   _delay_PWM
00008491   _delay_t
0000aa2e   _delay_t1
0000c051   _delay_time_AD
0000c04f   _delay_time_DA
0000c046   _delay_time_Main_DA
0000c053   _delay_time_rcvd
0000c052   _delay_time_send
0000c300   _display_date_one
0000c2ec   _display_date_two
0000c03d   _display_flag
0000d780   _errno
0000b57c   _exit
0000c028   _filter
0000c2b4   _filter_2nd_d
00008f31   _filter_2nd_dq
0000c2c0   _filter_2nd_q
00008f82   _filter_Band_Stop
0000c410   _filter_band_stop_A1
0000c420   _filter_band_stop_A2
0000c350   _filter_band_stop_A3
0000c32c   _filter_band_stop_A4
0000c3c0   _filter_band_stop_A5
0000c3e0   _filter_band_stop_A6
0000c440   _filter_band_stop_B1
0000c430   _filter_band_stop_B2
0000c380   _filter_band_stop_B3
0000c340   _filter_band_stop_B4
0000c3a0   _filter_band_stop_B5
0000c3d0   _filter_band_stop_B6
0000c450   _filter_band_stop_C1
0000c360   _filter_band_stop_C2
0000c370   _filter_band_stop_C3
0000c390   _filter_band_stop_C4
0000c3b0   _filter_band_stop_C5
0000c3f0   _filter_band_stop_C6
0000c2a4   _filter_band_stop_Modu_AD
0000c022   _graph_Switch
0000d440   _graph_data1
0000cdc0   _graph_data2
0000d100   _graph_data3
0000c065   _i
0000c026   _ii
0000c150   _integral_Omiga
0000c152   _integral_PLL
0000c18a   _integral_Vd1
0000c16c   _integral_Vd2
0000c162   _invented_integral
0000c027   _m
00009cf6   _main
0000c2e2   _mt_check
0000c062   _n
0000c039   _n_cycle
0000c176   _new_out_d
0000c172   _new_out_q
0000c9c0   _out_pwm_d
0000cbc0   _out_pwm_q
0000c04d   _period
0000b003   _rsvd_ISR
0000c10c   _sinVal
0000b4fc   _sqrt
ffffffff   binit
0000b5a4   cinit
00000000   code_start
0000b5a4   etext
ffffffff   pinit


GLOBAL SYMBOLS: SORTED BY Symbol Address 

address    name
--------   ----
00000000   code_start
00000001   __TI_args_main
00000300   __STACK_SIZE
00000400   __stack
00000700   __STACK_END
00000880   _DevEmuRegs
00000a80   _FlashRegs
00000ae0   _CsmRegs
00000b00   _AdcMirror
00000b20   _XintfRegs
00000c00   _CpuTimer0Regs
00000c08   _CpuTimer1Regs
00000c10   _CpuTimer2Regs
00000ce0   _PieCtrlRegs
00000d00   _PieVectTable
00001000   _DmaRegs
00005000   _McbspaRegs
00005040   _McbspbRegs
00006000   _ECanaRegs
00006040   _ECanaLAMRegs
00006080   _ECanaMOTSRegs
000060c0   _ECanaMOTORegs
00006100   _ECanaMboxes
00006200   _ECanbRegs
00006240   _ECanbLAMRegs
00006280   _ECanbMOTSRegs
000062c0   _ECanbMOTORegs
00006300   _ECanbMboxes
00006800   _EPwm1Regs
00006840   _EPwm2Regs
00006880   _EPwm3Regs
000068c0   _EPwm4Regs
00006900   _EPwm5Regs
00006940   _EPwm6Regs
00006a00   _ECap1Regs
00006a20   _ECap2Regs
00006a40   _ECap3Regs
00006a60   _ECap4Regs
00006a80   _ECap5Regs
00006aa0   _ECap6Regs
00006b00   _EQep1Regs
00006b40   _EQep2Regs
00006f80   _GpioCtrlRegs
00006fc0   _GpioDataRegs
00006fe0   _GpioIntRegs
00007010   _SysCtrlRegs
00007040   _SpiaRegs
00007050   _SciaRegs
00007070   _XIntruptRegs
00007100   _AdcRegs
00007750   _ScibRegs
00007770   _ScicRegs
00007900   _I2caRegs
00008000   _Current_PI1
00008050   _Current_PI2
00008099   _UDC_PI
000080e6   _ARCTAN
00008262   _CON3S2S
000082a1   _CON2S3S
000082df   _CON2S2R_W
0000830d   _CON2R2S_W
0000833c   _Sin_Value
00008491   _delay_t
0000849d   _DA_OUT
000084aa   _Main_DA_OUT
00008500   _InitFlash
0000851c   _P2P_Balance_Neg_U
00008587   _P2P_Balance_Z
000085d6   _Local_DC_Process
00008c37   _DataCheck
00008ce3   _Read_Fault_State
00008d70   _Phase_Lock
00008f31   _filter_2nd_dq
00008f82   _filter_Band_Stop
00008fd5   _XNMI_ISR
0000901a   _cpu_timer0_isr
00009cf6   .text
00009cf6   ___text__
00009cf6   _main
0000a1ae   _COM_main
0000a2ca   _Read_date
0000a35f   _Display
0000a451   _Display_Para
0000a5cd   _Display_Current
0000a613   _Para_set1
0000a7c6   _Para_set2
0000a8ee   _Para_set_end
0000a91a   _Display_Send_Ready
0000a958   _Repetive_PI1
0000a9a3   _Repetive_PI2
0000a9ef   _Display_CON3S2S
0000aa2e   _delay_t1
0000aa3a   _RD_EEPROM
0000aa90   _WR_EEPROM
0000aad2   _Restore_Factory_Set
0000ab73   _RD_DATA_PROCESS
0000aba7   _WR_DATA_PROCESS
0000abe5   _DA_Initialization
0000abf2   _XNMI_ISR_Init
0000ac0e   _InitInterrupts
0000ac4a   _MemCopy
0000ac5f   _P2P_Balance_Neg_I
0000acdb   _INT13_ISR
0000ace8   _INT14_ISR
0000acf2   _DATALOG_ISR
0000acfc   _RTOSINT_ISR
0000ad06   _EMUINT_ISR
0000ad10   _NMI_ISR
0000ad1a   _ILLEGAL_ISR
0000ad27   _USER1_ISR
0000ad31   _USER2_ISR
0000ad3b   _USER3_ISR
0000ad45   _USER4_ISR
0000ad4f   _USER5_ISR
0000ad59   _USER6_ISR
0000ad63   _USER7_ISR
0000ad6d   _USER8_ISR
0000ad77   _USER9_ISR
0000ad81   _USER10_ISR
0000ad8b   _USER11_ISR
0000ad95   _USER12_ISR
0000ad9f   _SEQ1INT_ISR
0000ada9   _SEQ2INT_ISR
0000adb3   _XINT1_ISR
0000adbd   _XINT2_ISR
0000adc7   _ADCINT_ISR
0000add1   _TINT0_ISR
0000addb   _WAKEINT_ISR
0000ade5   _EPWM1_TZINT_ISR
0000adef   _EPWM2_TZINT_ISR
0000adf9   _EPWM3_TZINT_ISR
0000ae03   _EPWM4_TZINT_ISR
0000ae0d   _EPWM5_TZINT_ISR
0000ae17   _EPWM6_TZINT_ISR
0000ae21   _EPWM1_INT_ISR
0000ae2e   _EPWM2_INT_ISR
0000ae38   _EPWM3_INT_ISR
0000ae42   _EPWM4_INT_ISR
0000ae4f   _EPWM5_INT_ISR
0000ae59   _EPWM6_INT_ISR
0000ae63   _ECAP1_INT_ISR
0000ae6d   _ECAP2_INT_ISR
0000ae77   _ECAP3_INT_ISR
0000ae81   _ECAP4_INT_ISR
0000ae8b   _ECAP5_INT_ISR
0000ae95   _ECAP6_INT_ISR
0000ae9f   _EQEP1_INT_ISR
0000aea9   _EQEP2_INT_ISR
0000aeb3   _SPIRXINTA_ISR
0000aebd   _SPITXINTA_ISR
0000aec7   _MRINTB_ISR
0000aed1   _MXINTB_ISR
0000aedb   _MRINTA_ISR
0000aee5   _MXINTA_ISR
0000aeef   _DINTCH1_ISR
0000aef9   _DINTCH2_ISR
0000af03   _DINTCH3_ISR
0000af0d   _DINTCH4_ISR
0000af17   _DINTCH5_ISR
0000af21   _DINTCH6_ISR
0000af2b   _I2CINT1A_ISR
0000af35   _I2CINT2A_ISR
0000af3f   _SCIRXINTC_ISR
0000af49   _SCITXINTC_ISR
0000af53   _SCIRXINTA_ISR
0000af5d   _SCITXINTA_ISR
0000af67   _SCIRXINTB_ISR
0000af71   _SCITXINTB_ISR
0000af7b   _ECAN0INTA_ISR
0000af85   _ECAN1INTA_ISR
0000af8f   _ECAN0INTB_ISR
0000af99   _ECAN1INTB_ISR
0000afa3   _XINT3_ISR
0000afad   _XINT4_ISR
0000afb7   _XINT5_ISR
0000afc4   _XINT6_ISR
0000afce   _XINT7_ISR
0000afd8   _LVF_ISR
0000afe2   _LUF_ISR
0000afec   _EMPTY_ISR
0000aff9   _PIE_RESERVED
0000b003   _rsvd_ISR
0000b00d   _InitXintf32Gpio
0000b054   _InitXintf16Gpio
0000b0ac   _InitXintf
0000b113   _InitGpio
0000b1cd   _InitSysCtrl
0000b1d6   _ServiceDog
0000b1e0   _DisableDog
0000b1e8   _InitPll
0000b21d   _InitPeripheralClocks
0000b278   _InitSciGpio
0000b27f   _InitSciaGpio
0000b295   _InitScibGpio
0000b2ab   _InitScicGpio
0000b2c1   _InitSci
0000b306   FS$$DIV
0000b38e   _InitCpuTimers0
0000b3a3   _InitCpuTimers1
0000b3b8   _InitCpuTimers2
0000b3cd   _ConfigCpuTimer
0000b408   _InitSpiaGpio
0000b42e   _InitSpicGpio
0000b456   _InitSpi
0000b465   _InitSpiGpio
0000b466   _c_int00
0000b4ac   _InitI2C
0000b4be   _InitI2CGpio
0000b4d4   _InitPieCtrl
0000b4f3   _EnableInterrupts
0000b4fc   _sqrt
0000b51f   I$$DIV
0000b530   I$$MOD
0000b541   _InitPieVectTable
0000b561   __args_main
0000b57a   C$$EXIT
0000b57a   _abort
0000b57c   _exit
0000b593   __register_unlock
0000b597   __register_lock
0000b59b   __nop
0000b5a4   ___cinit__
0000b5a4   ___etext__
0000b5a4   cinit
0000b5a4   etext
0000c000   _COM_IH2
0000c001   _Negative
0000c002   _PLL_Switch
0000c003   _COM_IH2_RATE
0000c004   _COM_IH3_RATE
0000c005   _COM_IH3
0000c006   _COM_ki
0000c007   _COM_Kp
0000c008   _COM_ALL_rate
0000c009   _COM_EXT_count
0000c00a   _COM_Ih_max
0000c00b   _C_way
0000c00c   _COM_IH1
0000c00d   _COM_IH1_RATE
0000c00e   _COM_IHB_RATE
0000c00f   _COM_UDC_Max
0000c010   _COM_IA
0000c011   _Chose_angle
0000c012   _COM_UBC
0000c013   _COM_UCA
0000c014   _COM_IB
0000c015   _COM_IC
0000c016   _THD_IA
0000c017   _COM_I0
0000c018   _COM_Tu
0000c019   _COM_Ti
0000c01a   _COM_Udb
0000c01b   _COM_Ua
0000c01c   _COM_U
0000c01d   _COM_UAB
0000c01e   _COM_Iz
0000c01f   _COM_Uz
0000c020   _COM_UDCREF
0000c021   _Ts_US
0000c022   _graph_Switch
0000c023   _Ts_Id
0000c024   _Ts_UDC
0000c025   _Sine_m
0000c026   _ii
0000c027   _m
0000c028   _filter
0000c029   _UDC_DB3
0000c02a   _UDC_DB2
0000c02b   _UDC_DC2
0000c02c   _UDC_DC1
0000c02d   _UDC_DA2
0000c02e   _UDC_DA1
0000c02f   _UDC_DB1
0000c030   _UDC_DA3
0000c031   _Para_SET
0000c032   _Fault_flag
0000c033   _com1
0000c034   _Run_Stop_Flag
0000c035   _C_data_count2
0000c036   _C_data_count3
0000c037   _Receive_date_error
0000c038   _C_data_count1
0000c039   _n_cycle
0000c03a   _ReceivedChar
0000c03b   _ahead_n
0000c03c   _Ahead_Point
0000c03d   _display_flag
0000c03e   _com
0000c03f   _P2P_Flag_Zero
0000c040   _CloseLoop_Grid
0000c041   _NMICount
0000c042   _CpuTimer0Count
0000c043   _Reset_Flag
0000c044   _delay_PWM
0000c045   _S_Status
0000c046   _delay_time_Main_DA
0000c047   _EEPROM_Compare
0000c048   _Factory_Flag
0000c049   _Version_Erro_Sign
0000c04a   _Conductor_i
0000c04b   _EEPROM_No_WRed_Sign
0000c04c   _delay_Count
0000c04d   _period
0000c04e   _State_Machine
0000c04f   _delay_time_DA
0000c050   _DA_Switch
0000c051   _delay_time_AD
0000c052   _delay_time_send
0000c053   _delay_time_rcvd
0000c054   _Init_i
0000c055   _THD_IB
0000c056   _THD_IC
0000c057   _DA1
0000c058   _ERROR_flag
0000c059   _ERROR_module
0000c05a   _DA0
0000c05b   _DA6
0000c05c   _DA5
0000c05d   _UDC_DC3
0000c05e   _DA2
0000c05f   _COM_Udc
0000c060   _DA_Signal
0000c061   _DA3
0000c062   _n
0000c063   _Init_para_flag
0000c064   _BiCount
0000c065   _i
0000c066   _INRL_data
0000c067   _Run_Flag
0000c068   _Current_flag
0000c06a   _UDC_Kp
0000c06c   _UDC_Ki
0000c06e   _ISVG_Amp
0000c070   _UDC_PI_out
0000c072   _Idref
0000c074   _UDC_Max
0000c076   _I_d_Pre
0000c078   _I_q_Pre
0000c07a   _I_d_P2P
0000c07c   _I_q
0000c07e   _UDC_PI_integ
0000c080   _I_q_P2P
0000c082   _I_d
0000c084   _Ibeta_N
0000c086   _Udc_slip
0000c088   _Ialpha_N
0000c08a   _Curr_PI1_out
0000c08c   _Curr_PI2_out
0000c08e   _I_derror
0000c090   _IB_P2P
0000c092   _IC_P2P
0000c094   _UDC_err
0000c096   _I_qerror
0000c098   _Curr_PI2_integ
0000c09a   _IA_P2P
0000c09c   _THETA_d_Com
0000c09e   _THETA_Neg_Com
0000c0a0   _THETA_C
0000c0a2   _Gama
0000c0a4   _THETA_COM_Usq
0000c0a6   _THETA_C_ab
0000c0a8   _THETA_COM_CLARK
0000c0aa   _THETA_COM_3P4W
0000c0ac   _U_CDRF
0000c0ae   _U_alpha_open_pre
0000c0b0   _U_ADRF
0000c0b2   _U_BDRF
0000c0b4   _US_Display
0000c0b6   _US
0000c0b8   _U_beta_open_pre
0000c0ba   _US_Pre
0000c0bc   _LS3
0000c0be   _I_alpha
0000c0c0   _LS1
0000c0c2   _LS2
0000c0c4   _P2P_beta
0000c0c6   _Curr_PI1_integ
0000c0c8   _I_beta
0000c0ca   _P2P_alpha
0000c0cc   _U_beta_open_after
0000c0ce   _US_d
0000c0d0   _THETA_IA
0000c0d2   _U_alpha_open_after
0000c0d4   _U_bout_open
0000c0d6   _U_cout_open
0000c0d8   _US_q
0000c0da   _U_aout_open
0000c0dc   _ADC_IA
0000c0de   _Kp_P2P_Zero
0000c0e0   _Iq_N
0000c0e2   _THETA_Zero
0000c0e4   _DisplayLS2
0000c0e6   _DisplayLS1
0000c0e8   _U_Zero_amp
0000c0ea   _THETA_neg
0000c0ec   _U_neg_amp
0000c0ee   _UB_P2P
0000c0f0   _UC_P2P
0000c0f2   _Id_N
0000c0f4   _cosVal
0000c0f6   _I_neg_amp
0000c0f8   _alpha
0000c0fa   _BiMaxInitial
0000c0fc   _UA_Display
0000c0fe   _belta
0000c100   _LineVolSquare
0000c102   _COM_Udc1
0000c104   _BiMinInitial
0000c106   _UC_Display
0000c108   _U_FtoI
0000c10a   _U_Z_amp
0000c10c   _sinVal
0000c10e   _UB_Display
0000c110   _BiVari
0000c112   _UDCREF
0000c114   _ADC_IB_INV
0000c116   _ADC_IA_INV
0000c118   _WL
0000c11a   _ADC_IC_INV
0000c11c   _U_beta_close
0000c11e   _U_aout_close
0000c120   _ADC_VCA
0000c122   _Rpt_PI1_integ
0000c124   _Rpt_PI2_integ
0000c126   _U_dout
0000c128   _U_qout
0000c12a   _U_alpha_close
0000c12c   _Rpt_PI1_out
0000c12e   _ADC_IB
0000c130   _U_bout_close1
0000c132   _U_beta_close1
0000c134   _U_aout_close1
0000c136   _UA_P2P
0000c138   _Q_REF
0000c13a   _U_cout_close1
0000c13c   _ADC_VAB
0000c13e   _ADC_IC
0000c140   _Rpt_PI2_out
0000c142   _ADC_VBC
0000c144   _U_alpha_close1
0000c146   _Balance_Start_Time
0000c148   _U_bout_close
0000c14a   _U_cout_close
0000c14c   _U_alpha_Pos
0000c14e   _Omiga_FLL
0000c150   _integral_Omiga
0000c152   _integral_PLL
0000c154   _KPCC_VCT
0000c156   _Usq_PLL
0000c158   _Ki_PLL
0000c15a   _Start_Balance
0000c15c   _Usd_PLL
0000c15e   _Soft_Protect
0000c160   _Omiga_PLL
0000c162   _invented_integral
0000c164   _Omiga
0000c166   _Omiga_t
0000c168   _Repetive_q
0000c16a   _Repetive_out_d
0000c16c   _integral_Vd2
0000c16e   _Repetive_d
0000c170   _Vq2
0000c172   _new_out_q
0000c174   _Qr
0000c176   _new_out_d
0000c178   _Repetive_out_q
0000c17a   _U_beta_Neg
0000c17c   _FLL_err1
0000c17e   _U_beta_Pos
0000c180   _U_alpha_Neg
0000c182   _Kp_PLL
0000c184   _FLL_err2
0000c186   _Vd2
0000c188   _Vq1
0000c18a   _integral_Vd1
0000c18c   _Vd1
0000c18e   _K_IA_INV
0000c190   _K_IB_INV
0000c192   _IB_Z
0000c194   _IC_Z
0000c196   _IA_Z
0000c198   _IC_Z_INV
0000c19a   _UDC_Amp
0000c19c   _IA_Z_INV
0000c19e   _IB_Z_INV
0000c1a0   _K_IC_INV
0000c1a2   _UA_Z
0000c1a4   _UB_Z
0000c1a6   _K_UB
0000c1a8   _K_UC
0000c1aa   _K_UA
0000c1ac   _K_IB
0000c1ae   _K_IC
0000c1b0   _KLoad_ICT
0000c1b2   _K_IA
0000c1b4   _DA_Voltage_C
0000c1b6   _DA_Phase_PLL
0000c1b8   _DA_Voltage_A
0000c1ba   _DA_Voltage_B
0000c1bc   _DA_Voltage_neg
0000c1be   _InOuterPhase
0000c1c0   _OpenGrid
0000c1c2   _InterPhase
0000c1c4   _OuterPhase
0000c1c6   _CloseGrid
0000c1c8   _Balance
0000c1ca   _DA_Current
0000c1cc   _Ipcc_Amp
0000c1ce   _General_Protect
0000c1d0   _UC_Z
0000c1d2   _DA_InterPhase
0000c1d4   _DA_Current_dq
0000c1d6   _DA_Phase
0000c1d8   _DA_OutPhase
0000c1da   _DA_Voltage
0000c1dc   _U_neg_Kp
0000c1de   _UDC_CS6
0000c1e0   _UDC_averA
0000c1e2   _UDC_BS6
0000c1e4   _UDC_CS5
0000c1e6   _UDC_AS6
0000c1e8   _UDC_aver
0000c1ea   _UDC_aver_Pre
0000c1ec   _UDC_averB
0000c1ee   _UDC_averC
0000c1f0   _UDC_BS5
0000c1f2   _UDC_AS3
0000c1f4   _UDC_BS3
0000c1f6   _UDC_CS2
0000c1f8   _UDC_AS2
0000c1fa   _UDC_BS2
0000c1fc   _UDC_CS4
0000c1fe   _UDC_AS5
0000c200   _UDC_BS4
0000c202   _UDC_CS3
0000c204   _UDC_AS4
0000c206   _UDC_CS1
0000c208   _ICSVG
0000c20a   _IA_Load
0000c20c   _IBSVG
0000c20e   _IB_Load_Pre
0000c210   _IASVG
0000c212   _UBC_DRF
0000c214   _UCA_DRF
0000c216   _UAB_DRF
0000c218   _IB_Load
0000c21a   _IC_Load
0000c21c   _IA_Load_Pre
0000c21e   _IB_Load_Sum
0000c220   _UAB_Z
0000c222   _IA_Load_Sum
0000c224   _UAB_Sum
0000c226   _UBC_Sum
0000c228   _UAB_Pre
0000c22a   _UBC_Pre
0000c22c   _IB_Load_Z
0000c22e   _UBC_Z
0000c230   _IA_Load_Z
0000c232   _UDC_Rf2
0000c234   _UDC_BR1
0000c236   _UDC_CR1
0000c238   _Modu_Filter
0000c23a   _UDC_AR1
0000c23c   _UDC_CR2
0000c23e   _UDC_AR3
0000c240   _UDC_AR2
0000c242   _UDC_BR2
0000c244   _U_qF
0000c246   _Id_WL
0000c248   _Q
0000c24a   _U_dF
0000c24c   _Modu
0000c24e   _Modu_AD
0000c250   _Iq_WL
0000c252   _Sine_t
0000c254   _Q_start_time
0000c256   _UDC_BR5
0000c258   _UDC_CR5
0000c25a   _UDC_CR4
0000c25c   _UDC_AR5
0000c25e   _UDC_BR4
0000c260   _UDC_AS1
0000c262   _UDC_BS1
0000c264   _UDC_BR6
0000c266   _UDC_CR6
0000c268   _UDC_AR6
0000c26a   _UDC_CR3
0000c26c   _UDC_BR3
0000c26e   _UDC_AR4
0000c286   _Read_control
0000c28d   _UDCREF_Ref
0000c294   _DA_Test
0000c29c   _burrfer_error_d
0000c2a4   _filter_band_stop_Modu_AD
0000c2ac   _burrfer_error_q
0000c2b4   _filter_2nd_d
0000c2c0   _filter_2nd_q
0000c2c8   _Main_DA
0000c2d0   _Para2_set
0000c2d9   _Para1_set
0000c2e2   _mt_check
0000c2ec   _display_date_two
0000c300   _display_date_one
0000c30e   _MsgBuffer_Send
0000c31d   _Para2_Intdate
0000c32c   _filter_band_stop_A4
0000c340   _filter_band_stop_B4
0000c350   _filter_band_stop_A3
0000c360   _filter_band_stop_C2
0000c370   _filter_band_stop_C3
0000c380   _filter_band_stop_B3
0000c390   _filter_band_stop_C4
0000c3a0   _filter_band_stop_B5
0000c3b0   _filter_band_stop_C5
0000c3c0   _filter_band_stop_A5
0000c3d0   _filter_band_stop_B6
0000c3e0   _filter_band_stop_A6
0000c3f0   _filter_band_stop_C6
0000c400   _MsgBuffer_Receive
0000c410   _filter_band_stop_A1
0000c420   _filter_band_stop_A2
0000c430   _filter_band_stop_B2
0000c440   _filter_band_stop_B1
0000c450   _filter_band_stop_C1
0000c460   _F_State
0000c480   _Para1_Intdate
0000c494   _D_Check
0000c4c0   _Ctrl_Para
0000c4dc   _Com_date
0000c500   _IA_Load_Temp
0000c540   _UBC_Temp
0000c580   _IB_Load_Temp
0000c5c0   _UAB_Temp
0000c600   _M_out
0000c640   _UDC
0000c6c0   _Current_IB
0000c7c0   _Current_IA
0000c8c0   _Current_IC
0000c9c0   _out_pwm_d
0000cac0   _ahead_pwm_q
0000cbc0   _out_pwm_q
0000ccc0   _ahead_pwm_d
0000cdc0   _graph_data2
0000d100   _graph_data3
0000d440   _graph_data1
0000d760   _CpuTimer1
0000d768   _CpuTimer2
0000d770   _CpuTimer0
0000d778   __unlock
0000d77a   __lock
0000d77c   __cleanup_ptr
0000d77e   __dtors_ptr
0000d780   _errno
0000d782   _SIN_TABLE
0000df84   _ARCTG_TABLE
0000e186   _PieVectTableInit
0000e28a   _Version_No
0033fff8   _CsmPwl
00380080   _ADC_cal
ffffffff   ___binit__
ffffffff   ___c_args__
ffffffff   ___pinit__
ffffffff   binit
ffffffff   pinit

[664 symbols]
